CXL Type2: GPU mode = 2 (NONE=0, VFIO=1, HETGPU=2, AUTO=3)
CXL Type2: Initializing hetGPU backend...
cxl_type2_hetgpu_init: ENTERED
cxl_type2_hetgpu_init: hetgpu_lib_path = '/home/victoryang00/hetGPU/target/debug/libnvcuda.so'
cxl_type2_hetgpu_init: Using library: /home/victoryang00/hetGPU/target/debug/libnvcuda.so
cxl_type2_hetgpu_init: backend=5, device_index=0
CXL Type2: cxl_type2_hetgpu_init returned 0
CXL Type2: hetGPU backend initialized successfully
CXL Type2: GPU mode = 2 (NONE=0, VFIO=1, HETGPU=2, AUTO=3)
CXL Type2: Initializing hetGPU backend...
cxl_type2_hetgpu_init: ENTERED
cxl_type2_hetgpu_init: hetgpu_lib_path = '/home/victoryang00/hetGPU/target/debug/libnvcuda.so'
cxl_type2_hetgpu_init: Using library: /home/victoryang00/hetGPU/target/debug/libnvcuda.so
cxl_type2_hetgpu_init: backend=5, device_index=0
CXL Type2: cxl_type2_hetgpu_init returned 0
CXL Type2: hetGPU backend initialized successfully
c[?7l[2J[0mSeaBIOS (version rel-1.17.0-0-gb52ca86e094d-prebuilt.qemu.org)


iPXE (http://ipxe.org) 00:02.0 CA00 PCI2.10 PnP PMM+7EFD1620+7EF31620 CA00
Press Ctrl-B to configure iPXE (PCI 00:02.0)...                                                                               


Booting from ROM..c[?7l[2J[0m.[    0.000000] Linux version 6.18.0-rc5 (root@gpu01) (gcc (Ubuntu 14.2.0-19ubuntu2) 14.2.0, GNU ld (GNU Binutils for Ubuntu) 2.44) #4 SMP PREEMPT_DYNAMIC Sun Mar  1 22:26:46 UTC 2026
[    0.000000] Command line: root=/dev/vda rw console=ttyS0,115200 nokaslr systemd.mask=cxl-numa-setup.service
[    0.000000] KERNEL supported cpus:
[    0.000000]   Intel GenuineIntel
[    0.000000]   AMD AuthenticAMD
[    0.000000]   Hygon HygonGenuine
[    0.000000]   Centaur CentaurHauls
[    0.000000]   zhaoxin   Shanghai  
[    0.000000] x86/CPU: Model not found in latest microcode list
[    0.000000] BIOS-provided physical RAM map:
[    0.000000] BIOS-e820: [mem 0x0000000000000000-0x000000000009fbff] usable
[    0.000000] BIOS-e820: [mem 0x000000000009fc00-0x000000000009ffff] reserved
[    0.000000] BIOS-e820: [mem 0x00000000000f0000-0x00000000000fffff] reserved
[    0.000000] BIOS-e820: [mem 0x0000000000100000-0x000000007ffdbfff] usable
[    0.000000] BIOS-e820: [mem 0x000000007ffdc000-0x000000007fffffff] reserved
[    0.000000] BIOS-e820: [mem 0x00000000b0000000-0x00000000bfffffff] reserved
[    0.000000] BIOS-e820: [mem 0x00000000fed1c000-0x00000000fed1ffff] reserved
[    0.000000] BIOS-e820: [mem 0x00000000feffc000-0x00000000feffffff] reserved
[    0.000000] BIOS-e820: [mem 0x00000000fffc0000-0x00000000ffffffff] reserved
[    0.000000] BIOS-e820: [mem 0x0000000100000000-0x000000047fffffff] usable
[    0.000000] NX (Execute Disable) protection: active
[    0.000000] APIC: Static calls initialized
[    0.000000] SMBIOS 2.8 present.
[    0.000000] DMI: QEMU Standard PC (Q35 + ICH9, 2009), BIOS rel-1.17.0-0-gb52ca86e094d-prebuilt.qemu.org 04/01/2014
[    0.000000] DMI: Memory slots populated: 1/1
[    0.000000] Hypervisor detected: KVM
[    0.000000] last_pfn = 0x7ffdc max_arch_pfn = 0x400000000
[    0.000000] kvm-clock: Using msrs 4b564d01 and 4b564d00
[    0.000000] kvm-clock: using sched offset of 299352108 cycles
[    0.000002] clocksource: kvm-clock: mask: 0xffffffffffffffff max_cycles: 0x1cd42e4dffb, max_idle_ns: 881590591483 ns
[    0.000004] tsc: Detected 2000.000 MHz processor
[    0.000408] last_pfn = 0x480000 max_arch_pfn = 0x400000000
[    0.000441] MTRR map: 4 entries (3 fixed + 1 variable; max 19), built from 8 variable MTRRs
[    0.000444] x86/PAT: Configuration [0-7]: WB  WC  UC- UC  WB  WP  UC- WT  
[    0.000487] last_pfn = 0x7ffdc max_arch_pfn = 0x400000000
[    0.003255] found SMP MP-table at [mem 0x000f54b0-0x000f54bf]
[    0.003724] ACPI: Early table checksum verification disabled
[    0.003728] ACPI: RSDP 0x00000000000F52B0 000014 (v00 BOCHS )
[    0.003737] ACPI: RSDT 0x000000007FFE377B 000040 (v01 BOCHS  BXPC     00000001 BXPC 00000001)
[    0.003741] ACPI: FACP 0x000000007FFE3407 0000F4 (v03 BOCHS  BXPC     00000001 BXPC 00000001)
[    0.003745] ACPI: DSDT 0x000000007FFE0040 0033C7 (v01 BOCHS  BXPC     00000001 BXPC 00000001)
[    0.003747] ACPI: FACS 0x000000007FFE0000 000040
[    0.003749] ACPI: APIC 0x000000007FFE34FB 000090 (v03 BOCHS  BXPC     00000001 BXPC 00000001)
[    0.003751] ACPI: HPET 0x000000007FFE358B 000038 (v01 BOCHS  BXPC     00000001 BXPC 00000001)
[    0.003752] ACPI: SRAT 0x000000007FFE35C3 000110 (v01 BOCHS  BXPC     00000001 BXPC 00000001)
[    0.003754] ACPI: MCFG 0x000000007FFE36D3 00003C (v01 BOCHS  BXPC     00000001 BXPC 00000001)
[    0.003756] ACPI: CEDT 0x000000007FFE370F 000044 (v01 BOCHS  BXPC     00000001 BXPC 00000001)
[    0.003757] ACPI: WAET 0x000000007FFE3753 000028 (v01 BOCHS  BXPC     00000001 BXPC 00000001)
[    0.003758] ACPI: Reserving FACP table memory at [mem 0x7ffe3407-0x7ffe34fa]
[    0.003759] ACPI: Reserving DSDT table memory at [mem 0x7ffe0040-0x7ffe3406]
[    0.003760] ACPI: Reserving FACS table memory at [mem 0x7ffe0000-0x7ffe003f]
[    0.003760] ACPI: Reserving APIC table memory at [mem 0x7ffe34fb-0x7ffe358a]
[    0.003761] ACPI: Reserving HPET table memory at [mem 0x7ffe358b-0x7ffe35c2]
[    0.003761] ACPI: Reserving SRAT table memory at [mem 0x7ffe35c3-0x7ffe36d2]
[    0.003762] ACPI: Reserving MCFG table memory at [mem 0x7ffe36d3-0x7ffe370e]
[    0.003762] ACPI: Reserving CEDT table memory at [mem 0x7ffe370f-0x7ffe3752]
[    0.003762] ACPI: Reserving WAET table memory at [mem 0x7ffe3753-0x7ffe377a]
[    0.003818] ACPI: SRAT: Node 0 PXM 0 [mem 0x00000000-0x0009ffff]
[    0.003820] ACPI: SRAT: Node 0 PXM 0 [mem 0x00100000-0x7fffffff]
[    0.003820] ACPI: SRAT: Node 0 PXM 0 [mem 0x100000000-0x47fffffff]
[    0.003821] ACPI: SRAT: Node 0 PXM 0 [mem 0x480000000-0xa7fffffff] hotplug
[    0.003825] NUMA: Node 0 [mem 0x00001000-0x0009ffff] + [mem 0x00100000-0x7fffffff] -> [mem 0x00001000-0x7fffffff]
[    0.003826] NUMA: Node 0 [mem 0x00001000-0x7fffffff] + [mem 0x100000000-0x47fffffff] -> [mem 0x00001000-0x47fffffff]
[    0.003831] NODE_DATA(0) allocated [mem 0x47ffd2500-0x47fffcfff]
[    0.003933] Zone ranges:
[    0.003934]   DMA      [mem 0x0000000000001000-0x0000000000ffffff]
[    0.003935]   DMA32    [mem 0x0000000001000000-0x00000000ffffffff]
[    0.003936]   Normal   [mem 0x0000000100000000-0x000000047fffffff]
[    0.003937]   Device   empty
[    0.003937] Movable zone start for each node
[    0.003938] Early memory node ranges
[    0.003939]   node   0: [mem 0x0000000000001000-0x000000000009efff]
[    0.003939]   node   0: [mem 0x0000000000100000-0x000000007ffdbfff]
[    0.003940]   node   0: [mem 0x0000000100000000-0x000000047fffffff]
[    0.003942] Initmem setup node 0 [mem 0x0000000000001000-0x000000047fffffff]
[    0.004416] On node 0, zone DMA: 1 pages in unavailable ranges
[    0.004459] On node 0, zone DMA: 97 pages in unavailable ranges
[    0.049901] On node 0, zone Normal: 36 pages in unavailable ranges
[    0.050245] ACPI: PM-Timer IO Port: 0x608
[    0.050259] ACPI: LAPIC_NMI (acpi_id[0xff] dfl dfl lint[0x1])
[    0.050297] IOAPIC[0]: apic_id 0, version 17, address 0xfec00000, GSI 0-23
[    0.050299] ACPI: INT_SRC_OVR (bus 0 bus_irq 0 global_irq 2 dfl dfl)
[    0.050300] ACPI: INT_SRC_OVR (bus 0 bus_irq 5 global_irq 5 high level)
[    0.050301] ACPI: INT_SRC_OVR (bus 0 bus_irq 9 global_irq 9 high level)
[    0.050302] ACPI: INT_SRC_OVR (bus 0 bus_irq 10 global_irq 10 high level)
[    0.050302] ACPI: INT_SRC_OVR (bus 0 bus_irq 11 global_irq 11 high level)
[    0.050305] ACPI: Using ACPI (MADT) for SMP configuration information
[    0.050306] ACPI: HPET id: 0x8086a201 base: 0xfed00000
[    0.050312] CPU topo: Max. logical packages:   1
[    0.050312] CPU topo: Max. logical dies:       1
[    0.050313] CPU topo: Max. dies per package:   1
[    0.050315] CPU topo: Max. threads per core:   1
[    0.050316] CPU topo: Num. cores per package:     4
[    0.050316] CPU topo: Num. threads per package:   4
[    0.050316] CPU topo: Allowing 4 present CPUs plus 0 hotplug CPUs
[    0.050332] kvm-guest: APIC: eoi() replaced with kvm_guest_apic_eoi_write()
[    0.050346] PM: hibernation: Registered nosave memory: [mem 0x00000000-0x00000fff]
[    0.050347] PM: hibernation: Registered nosave memory: [mem 0x0009f000-0x000fffff]
[    0.050348] PM: hibernation: Registered nosave memory: [mem 0x7ffdc000-0xffffffff]
[    0.050349] [mem 0xc0000000-0xfed1bfff] available for PCI devices
[    0.050350] Booting paravirtualized kernel on KVM
[    0.050351] clocksource: refined-jiffies: mask: 0xffffffff max_cycles: 0xffffffff, max_idle_ns: 1910969940391419 ns
[    0.050359] setup_percpu: NR_CPUS:8192 nr_cpumask_bits:4 nr_cpu_ids:4 nr_node_ids:1
[    0.050755] percpu: Embedded 84 pages/cpu s221184 r8192 d114688 u524288
[    0.050789] kvm-guest: PV spinlocks disabled, no host support
[    0.050790] Kernel command line: root=/dev/vda rw console=ttyS0,115200 nokaslr systemd.mask=cxl-numa-setup.service
[    0.050830] Unknown kernel command line parameters "nokaslr", will be passed to user space.
[    0.050834] printk: log buffer data + meta data: 262144 + 917504 = 1179648 bytes
[    0.053486] Dentry cache hash table entries: 2097152 (order: 12, 16777216 bytes, linear)
[    0.054839] Inode-cache hash table entries: 1048576 (order: 11, 8388608 bytes, linear)
[    0.054890] software IO TLB: area num 4.
[    0.069755] Fallback order for Node 0: 0 
[    0.069760] Built 1 zonelists, mobility grouping on.  Total pages: 4194170
[    0.069760] Policy zone: Normal
[    0.069768] mem auto-init: stack:all(zero), heap alloc:on, heap free:off
[    0.111069] SLUB: HWalign=64, Order=0-3, MinObjects=0, CPUs=4, Nodes=1
[    0.124426] ftrace: allocating 57259 entries in 224 pages
[    0.124430] ftrace: allocated 224 pages with 3 groups
[    0.125609] Dynamic Preempt: voluntary
[    0.125993] rcu: Preemptible hierarchical RCU implementation.
[    0.125995] rcu: 	RCU restricting CPUs from NR_CPUS=8192 to nr_cpu_ids=4.
[    0.125996] 	Trampoline variant of Tasks RCU enabled.
[    0.125997] 	Rude variant of Tasks RCU enabled.
[    0.125997] 	Tracing variant of Tasks RCU enabled.
[    0.125998] rcu: RCU calculated value of scheduler-enlistment delay is 100 jiffies.
[    0.125999] rcu: Adjusting geometry for rcu_fanout_leaf=16, nr_cpu_ids=4
[    0.126011] RCU Tasks: Setting shift to 2 and lim to 1 rcu_task_cb_adjust=1 rcu_task_cpu_ids=4.
[    0.126012] RCU Tasks Rude: Setting shift to 2 and lim to 1 rcu_task_cb_adjust=1 rcu_task_cpu_ids=4.
[    0.126013] RCU Tasks Trace: Setting shift to 2 and lim to 1 rcu_task_cb_adjust=1 rcu_task_cpu_ids=4.
[    0.129639] NR_IRQS: 524544, nr_irqs: 456, preallocated irqs: 16
[    0.129863] rcu: srcu_init: Setting srcu_struct sizes based on contention.
[    0.137554] Console: colour VGA+ 80x25
[    0.137598] printk: legacy console [ttyS0] enabled
[    0.224872] ACPI: Core revision 20250807
[    0.225522] clocksource: hpet: mask: 0xffffffff max_cycles: 0xffffffff, max_idle_ns: 19112604467 ns
[    0.226682] APIC: Switch to symmetric I/O mode setup
[    0.227496] x2apic enabled
[    0.228101] APIC: Switched APIC routing to: physical x2apic
[    0.229664] ..TIMER: vector=0x30 apic1=0 pin1=2 apic2=-1 pin2=-1
[    0.230362] clocksource: tsc-early: mask: 0xffffffffffffffff max_cycles: 0x39a85c9bff6, max_idle_ns: 881590591483 ns
[    0.231545] Calibrating delay loop (skipped) preset value.. 4000.00 BogoMIPS (lpj=2000000)
[    0.232711] Last level iTLB entries: 4KB 0, 2MB 0, 4MB 0
[    0.233542] Last level dTLB entries: 4KB 0, 2MB 0, 4MB 0, 1GB 0
[    0.234546] mitigations: Enabled attack vectors: SMT mitigations: off
[    0.235245] Speculative Store Bypass: Vulnerable
[    0.235543] Spectre V2 : Vulnerable
[    0.235920] ITS: Vulnerable
[    0.236542] MDS: Vulnerable
[    0.236846] Spectre V1 : Vulnerable: __user pointer sanitization and usercopy barriers only; no swapgs barriers
[    0.237564] x86/fpu: Supporting XSAVE feature 0x001: 'x87 floating point registers'
[    0.238542] x86/fpu: Supporting XSAVE feature 0x002: 'SSE registers'
[    0.239542] x86/fpu: Supporting XSAVE feature 0x004: 'AVX registers'
[    0.240542] x86/fpu: Supporting XSAVE feature 0x020: 'AVX-512 opmask'
[    0.241243] x86/fpu: Supporting XSAVE feature 0x040: 'AVX-512 Hi256'
[    0.241542] x86/fpu: Supporting XSAVE feature 0x080: 'AVX-512 ZMM_Hi256'
[    0.242543] x86/fpu: xstate_offset[2]:  576, xstate_sizes[2]:  256
[    0.243542] x86/fpu: xstate_offset[5]: 1088, xstate_sizes[5]:   64
[    0.244207] x86/fpu: xstate_offset[6]: 1152, xstate_sizes[6]:  512
[    0.244542] x86/fpu: xstate_offset[7]: 1664, xstate_sizes[7]: 1024
[    0.245542] x86/fpu: Enabled xstate features 0xe7, context size is 2688 bytes, using 'standard' format.
[    0.250271] Freeing SMP alternatives memory: 52K
[    0.250547] pid_max: default: 32768 minimum: 301
[    0.251560] LSM: initializing lsm=lockdown,capability,landlock,yama,apparmor,ima,evm
[    0.252563] landlock: Up and running.
[    0.252941] Yama: becoming mindful.
[    0.253461] AppArmor: AppArmor initialized
[    0.253768] Mount-cache hash table entries: 32768 (order: 6, 262144 bytes, linear)
[    0.254860] Mountpoint-cache hash table entries: 32768 (order: 6, 262144 bytes, linear)
[    0.359360] smpboot: CPU0: Intel QEMU Virtual CPU version 2.5+ (family: 0xf, model: 0x6b, stepping: 0x1)
[    0.359724] Performance Events: unsupported Netburst CPU model 107 no PMU driver, software events only.
[    0.360560] signal: max sigframe size: 3632
[    0.361001] rcu: Hierarchical SRCU implementation.
[    0.361542] rcu: 	Max phase no-delay instances is 400.
[    0.362104] Timer migration: 1 hierarchy levels; 8 children per group; 1 crossnode level
[    0.362743] NMI watchdog: Perf NMI watchdog permanently disabled
[    0.363601] smp: Bringing up secondary CPUs ...
[    0.364659] smpboot: x86: Booting SMP configuration:
[    0.365185] .... node  #0, CPUs:      #1 #2 #3
[    0.371652] smp: Brought up 1 node, 4 CPUs
[    0.372543] smpboot: Total of 4 processors activated (16000.00 BogoMIPS)
[    0.373622] Memory: 16366260K/16776680K available (20473K kernel code, 4645K rwdata, 13656K rodata, 3056K init, 4384K bss, 402368K reserved, 0K cma-reserved)
[    0.375544] devtmpfs: initialized
[    0.375974] x86/mm: Memory block size: 128MB
[    0.378553] clocksource: jiffies: mask: 0xffffffff max_cycles: 0xffffffff, max_idle_ns: 1911260446275000 ns
[    0.379562] posixtimers hash table entries: 2048 (order: 3, 32768 bytes, linear)
[    0.380331] futex hash table entries: 1024 (65536 bytes on 1 NUMA nodes, total 64 KiB, linear).
[    0.381697] pinctrl core: initialized pinctrl subsystem
[    0.382414] PM: RTC time: 20:53:21, date: 2026-04-29
[    0.384193] NET: Registered PF_NETLINK/PF_ROUTE protocol family
[    0.385546] DMA: preallocated 2048 KiB GFP_KERNEL pool for atomic allocations
[    0.386681] DMA: preallocated 2048 KiB GFP_KERNEL|GFP_DMA pool for atomic allocations
[    0.387801] DMA: preallocated 2048 KiB GFP_KERNEL|GFP_DMA32 pool for atomic allocations
[    0.388565] audit: initializing netlink subsys (disabled)
[    0.389561] audit: type=2000 audit(1777496001.954:1): state=initialized audit_enabled=0 res=1
[    0.389684] thermal_sys: Registered thermal governor 'fair_share'
[    0.390544] thermal_sys: Registered thermal governor 'bang_bang'
[    0.391218] thermal_sys: Registered thermal governor 'step_wise'
[    0.391542] thermal_sys: Registered thermal governor 'user_space'
[    0.392542] thermal_sys: Registered thermal governor 'power_allocator'
[    0.393545] cpuidle: using governor ladder
[    0.394560] cpuidle: using governor menu
[    0.395680] acpiphp: ACPI Hot Plug PCI Controller Driver version: 0.5
[    0.397013] PCI: ECAM [mem 0xb0000000-0xbfffffff] (base 0xb0000000) for domain 0000 [bus 00-ff]
[    0.397549] PCI: ECAM [mem 0xb0000000-0xbfffffff] reserved as E820 entry
[    0.398553] PCI: Using configuration type 1 for base access
[    0.399595] kprobes: kprobe jump-optimization is enabled. All kprobes are optimized if possible.
[    0.402875] HugeTLB: registered 2.00 MiB page size, pre-allocated 0 pages
[    0.404545] HugeTLB: 28 KiB vmemmap can be freed for a 2.00 MiB page
[    0.410171] ACPI: Added _OSI(Module Device)
[    0.410543] ACPI: Added _OSI(Processor Device)
[    0.411025] ACPI: Added _OSI(Processor Aggregator Device)
[    0.413047] ACPI: 1 ACPI AML tables successfully acquired and loaded
[    0.431784] ACPI: Interpreter enabled
[    0.432561] ACPI: PM: (supports S0 S3 S4 S5)
[    0.432986] ACPI: Using IOAPIC for interrupt routing
[    0.433645] PCI: Using host bridge windows from ACPI; if necessary, use "pci=nocrs" and report a bug
[    0.434542] PCI: Using E820 reservations for host bridge windows
[    0.435638] ACPI: Enabled 3 GPEs in block 00 to 3F
[    0.439283] ACPI: PCI Root Bridge [PCI0] (domain 0000 [bus 00-0b])
[    0.439546] acpi PNP0A08:00: _OSC: OS supports [ExtendedConfig ASPM ClockPM Segments MSI EDR HPX-Type3]
[    0.440573] acpi PNP0A08:00: _OSC: platform does not support [PCIeHotplug LTR DPC]
[    0.441580] acpi PNP0A08:00: _OSC: OS now controls [SHPCHotplug PME AER PCIeCapability]
[    0.442681] PCI host bridge to bus 0000:00
[    0.443127] pci_bus 0000:00: root bus resource [io  0x0000-0x0cf7 window]
[    0.443543] pci_bus 0000:00: root bus resource [io  0x0d00-0xffff window]
[    0.444542] pci_bus 0000:00: root bus resource [mem 0x000a0000-0x000bffff window]
[    0.445542] pci_bus 0000:00: root bus resource [mem 0x80000000-0xafffffff window]
[    0.446542] pci_bus 0000:00: root bus resource [mem 0xc0000000-0xfe5fffff window]
[    0.447383] pci_bus 0000:00: root bus resource [mem 0xac0020000-0xaffffffff window]
[    0.447542] pci_bus 0000:00: root bus resource [mem 0xf00000000-0x16ffffffff window]
[    0.448543] pci_bus 0000:00: root bus resource [bus 00-0b]
[    0.449593] pci 0000:00:00.0: [8086:29c0] type 00 class 0x060000 conventional PCI endpoint
[    0.450936] pci 0000:00:01.0: [1234:1111] type 00 class 0x030000 conventional PCI endpoint
[    0.453593] pci 0000:00:01.0: BAR 0 [mem 0xfd000000-0xfdffffff pref]
[    0.454556] pci 0000:00:01.0: BAR 2 [mem 0xfea50000-0xfea50fff]
[    0.455217] pci 0000:00:01.0: ROM [mem 0xfea40000-0xfea4ffff pref]
[    0.455591] pci 0000:00:01.0: Video device with shadowed ROM at [mem 0x000c0000-0x000dffff]
[    0.457597] pci 0000:00:02.0: [1af4:1000] type 00 class 0x020000 conventional PCI endpoint
[    0.459568] pci 0000:00:02.0: BAR 0 [io  0xc0c0-0xc0df]
[    0.460550] pci 0000:00:02.0: BAR 1 [mem 0xfea51000-0xfea51fff]
[    0.461203] pci 0000:00:02.0: BAR 4 [mem 0xf00000000-0xf00003fff 64bit pref]
[    0.461548] pci 0000:00:02.0: ROM [mem 0xfea00000-0xfea3ffff pref]
[    0.463099] pci 0000:00:03.0: [1af4:1005] type 00 class 0x00ff00 conventional PCI endpoint
[    0.465828] pci 0000:00:03.0: BAR 0 [io  0xc0e0-0xc0ff]
[    0.466550] pci 0000:00:03.0: BAR 1 [mem 0xfea52000-0xfea52fff]
[    0.467566] pci 0000:00:03.0: BAR 4 [mem 0xf00004000-0xf00007fff 64bit pref]
[    0.469039] pci 0000:00:04.0: [1af4:1001] type 00 class 0x010000 conventional PCI endpoint
[    0.471209] pci 0000:00:04.0: BAR 0 [io  0xc000-0xc07f]
[    0.471552] pci 0000:00:04.0: BAR 1 [mem 0xfea53000-0xfea53fff]
[    0.472542] pci 0000:00:04.0: BAR 4 [mem 0xf00008000-0xf0000bfff 64bit pref]
[    0.473844] pci 0000:00:05.0: [1b36:000b] type 00 class 0x060000 conventional PCI endpoint
[    0.481704] pci 0000:00:1f.0: [8086:2918] type 00 class 0x060100 conventional PCI endpoint
[    0.482852] pci 0000:00:1f.0: quirk: [io  0x0600-0x067f] claimed by ICH6 ACPI/GPIO/TCO
[    0.483727] pci 0000:00:1f.2: [8086:2922] type 00 class 0x010601 conventional PCI endpoint
[    0.485576] pci 0000:00:1f.2: BAR 4 [io  0xc100-0xc11f]
[    0.486170] pci 0000:00:1f.2: BAR 5 [mem 0xfea54000-0xfea54fff]
[    0.486853] pci 0000:00:1f.3: [8086:2930] type 00 class 0x0c0500 conventional PCI endpoint
[    0.488877] pci 0000:00:1f.3: BAR 4 [io  0x0700-0x073f]
[    0.489839] ACPI: PCI: Interrupt link LNKA configured for IRQ 10
[    0.490575] ACPI: PCI: Interrupt link LNKB configured for IRQ 10
[    0.491308] ACPI: PCI: Interrupt link LNKC configured for IRQ 11
[    0.491598] ACPI: PCI: Interrupt link LNKD configured for IRQ 11
[    0.492594] ACPI: PCI: Interrupt link LNKE configured for IRQ 10
[    0.493300] ACPI: PCI: Interrupt link LNKF configured for IRQ 10
[    0.493594] ACPI: PCI: Interrupt link LNKG configured for IRQ 11
[    0.494593] ACPI: PCI: Interrupt link LNKH configured for IRQ 11
[    0.495564] ACPI: PCI: Interrupt link GSIA configured for IRQ 16
[    0.496244] ACPI: PCI: Interrupt link GSIB configured for IRQ 17
[    0.496547] ACPI: PCI: Interrupt link GSIC configured for IRQ 18
[    0.497547] ACPI: PCI: Interrupt link GSID configured for IRQ 19
[    0.498227] ACPI: PCI: Interrupt link GSIE configured for IRQ 20
[    0.498548] ACPI: PCI: Interrupt link GSIF configured for IRQ 21
[    0.499548] ACPI: PCI: Interrupt link GSIG configured for IRQ 22
[    0.500196] ACPI: PCI: Interrupt link GSIH configured for IRQ 23
[    0.500907] ACPI: PCI Root Bridge [CL0C] (domain 0000 [bus 0c-0e])
[    0.501545] acpi ACPI0016:00: _OSC: OS supports [ExtendedConfig ASPM ClockPM Segments MSI EDR HPX-Type3]
[    0.502543] acpi ACPI0016:00: _OSC: OS supports [CXL11PortRegAccess CXL20PortDevRegAccess CXLProtocolErrorReporting CXLNativeHot]
[    0.503590] acpi ACPI0016:00: _OSC: platform does not support [LTR DPC]
[    0.504606] acpi ACPI0016:00: _OSC: OS now controls [PCIeHotplug SHPCHotplug PME AER PCIeCapability]
[    0.505542] acpi ACPI0016:00: _OSC: OS now controls [CXLMemErrorReporting]
[    0.506568] PCI host bridge to bus 0000:0c
[    0.507544] pci_bus 0000:0c: root bus resource [mem 0xfe600000-0xfe9fffff window]
[    0.508364] pci_bus 0000:0c: root bus resource [mem 0xac0000000-0xac001ffff window]
[    0.508542] pci_bus 0000:0c: root bus resource [mem 0xb00000000-0xeffffffff window]
[    0.509542] pci_bus 0000:0c: root bus resource [bus 0c-0e]
[    0.510665] pci 0000:0c:00.0: [8086:7075] type 01 class 0x060400 PCIe Root Port
[    0.513032] pci 0000:0c:00.0: BAR 0 [mem 0xac0000000-0xac000ffff 64bit]
[    0.513558] pci 0000:0c:00.0: PCI bridge to [bus 0d]
[    0.514663] pci 0000:0c:00.0:   bridge window [mem 0xfe800000-0xfe9fffff]
[    0.516262] pci 0000:0c:00.0:   bridge window [mem 0xd00000000-0xeffffffff 64bit pref]
[    0.516603] pci 0000:0c:00.0: enabling Extended Tags
[    0.519048] pci 0000:0c:01.0: [8086:7075] type 01 class 0x060400 PCIe Root Port
[    0.521061] pci 0000:0c:01.0: BAR 0 [mem 0xac0010000-0xac001ffff 64bit]
[    0.521557] pci 0000:0c:01.0: PCI bridge to [bus 0e]
[    0.522554] pci 0000:0c:01.0:   bridge window [mem 0xfe600000-0xfe7fffff]
[    0.523852] pci 0000:0c:01.0:   bridge window [mem 0xb00000000-0xcffffffff 64bit pref]
[    0.524602] pci 0000:0c:01.0: enabling Extended Tags
[    0.534498] pci 0000:0d:00.0: [8086:0d92] type 00 class 0x050210 PCIe Endpoint
[    0.536601] pci 0000:0d:00.0: BAR 0 [mem 0xfe800000-0xfe80ffff 64bit]
[    0.537265] pci 0000:0d:00.0: BAR 2 [mem 0xe00000000-0xe07ffffff 64bit pref]
[    0.537556] pci 0000:0d:00.0: BAR 4 [mem 0xd00000000-0xdffffffff 64bit pref]
[    0.538549] pci 0000:0d:00.0: ROM [mem 0xfe810000-0xfe810fff pref]
[    0.539579] pci 0000:0d:00.0: enabling Extended Tags
[    0.541271] pci 0000:0c:00.0: PCI bridge to [bus 0d]
[    0.542179] pci 0000:0e:00.0: [8086:0d92] type 00 class 0x050210 PCIe Endpoint
[    0.544570] pci 0000:0e:00.0: BAR 0 [mem 0xfe600000-0xfe60ffff 64bit]
[    0.545278] pci 0000:0e:00.0: BAR 2 [mem 0xc00000000-0xc07ffffff 64bit pref]
[    0.545555] pci 0000:0e:00.0: BAR 4 [mem 0xb00000000-0xbffffffff 64bit pref]
[    0.546549] pci 0000:0e:00.0: ROM [mem 0xfe610000-0xfe610fff pref]
[    0.547580] pci 0000:0e:00.0: enabling Extended Tags
[    0.549213] pci 0000:0c:01.0: PCI bridge to [bus 0e]
[    0.550918] iommu: Default domain type: Translated
[    0.551545] iommu: DMA domain TLB invalidation policy: lazy mode
[    0.552697] SCSI subsystem initialized
[    0.553089] ACPI: bus type USB registered
[    0.553553] usbcore: registered new interface driver usbfs
[    0.554141] usbcore: registered new interface driver hub
[    0.554548] usbcore: registered new device driver usb
[    0.555556] pps_core: LinuxPPS API ver. 1 registered
[    0.556130] pps_core: Software ver. 5.3.6 - Copyright 2005-2007 Rodolfo Giometti <giometti@linux.it>
[    0.556544] PTP clock support registered
[    0.557600] EDAC MC: Ver: 3.0.0
[    0.558956] NetLabel: Initializing
[    0.559542] NetLabel:  domain hash size = 128
[    0.560015] NetLabel:  protocols = UNLABELED CIPSOv4 CALIPSO
[    0.560553] NetLabel:  unlabeled traffic allowed by default
[    0.561598] mctp: management component transport protocol core
[    0.562175] NET: Registered PF_MCTP protocol family
[    0.562551] PCI: Using ACPI for IRQ routing
[    0.677287] pci 0000:00:01.0: BAR 2 [mem 0xfea50000-0xfea50fff]: can't claim; no compatible bridge window
[    0.677550] pci 0000:00:02.0: BAR 1 [mem 0xfea51000-0xfea51fff]: can't claim; no compatible bridge window
[    0.678549] pci 0000:00:03.0: BAR 1 [mem 0xfea52000-0xfea52fff]: can't claim; no compatible bridge window
[    0.679549] pci 0000:00:04.0: BAR 1 [mem 0xfea53000-0xfea53fff]: can't claim; no compatible bridge window
[    0.680562] pci 0000:00:1f.2: BAR 5 [mem 0xfea54000-0xfea54fff]: can't claim; no compatible bridge window
[    0.682558] pci 0000:00:01.0: vgaarb: setting as boot VGA device
[    0.683178] pci 0000:00:01.0: vgaarb: bridge control possible
[    0.683541] pci 0000:00:01.0: vgaarb: VGA device added: decodes=io+mem,owns=io+mem,locks=none
[    0.683543] vgaarb: loaded
[    0.683881] hpet: 3 channels of 0 reserved for per-cpu timers
[    0.684560] hpet0: at MMIO 0xfed00000, IRQs 2, 8, 0
[    0.685049] hpet0: 3 comparators, 64-bit 100.000000 MHz counter
[    0.689776] clocksource: Switched to clocksource kvm-clock
[    0.690907] VFS: Disk quotas dquot_6.6.0
[    0.691378] VFS: Dquot-cache hash table entries: 512 (order 0, 4096 bytes)
[    0.692559] AppArmor: AppArmor Filesystem Enabled
[    0.693122] pnp: PnP ACPI init
[    0.693547] system 00:05: [mem 0xb0000000-0xbfffffff window] has been reserved
[    0.694745] pnp: PnP ACPI: found 6 devices
[    0.702298] clocksource: acpi_pm: mask: 0xffffff max_cycles: 0xffffff, max_idle_ns: 2085701024 ns
[    0.703401] NET: Registered PF_INET protocol family
[    0.704381] IP idents hash table entries: 262144 (order: 9, 2097152 bytes, linear)
[    0.717221] tcp_listen_portaddr_hash hash table entries: 8192 (order: 5, 131072 bytes, linear)
[    0.718267] Table-perturb hash table entries: 65536 (order: 6, 262144 bytes, linear)
[    0.719224] TCP established hash table entries: 131072 (order: 8, 1048576 bytes, linear)
[    0.720628] TCP bind hash table entries: 65536 (order: 9, 2097152 bytes, linear)
[    0.721808] TCP: Hash tables configured (established 131072 bind 65536)
[    0.722752] MPTCP token hash table entries: 16384 (order: 6, 393216 bytes, linear)
[    0.723996] UDP hash table entries: 8192 (order: 7, 524288 bytes, linear)
[    0.724860] UDP-Lite hash table entries: 8192 (order: 7, 524288 bytes, linear)
[    0.725824] NET: Registered PF_UNIX/PF_LOCAL protocol family
[    0.726520] NET: Registered PF_XDP protocol family
[    0.727192] pci 0000:00:02.0: ROM [mem 0xfea00000-0xfea3ffff pref]: can't claim; no compatible bridge window
[    0.728309] pci 0000:00:02.0: ROM [mem 0x80000000-0x8003ffff pref]: assigned
[    0.729116] pci 0000:00:01.0: BAR 2 [mem 0x80040000-0x80040fff]: assigned
[    0.730460] pci 0000:00:02.0: BAR 1 [mem 0x80041000-0x80041fff]: assigned
[    0.731721] pci 0000:00:03.0: BAR 1 [mem 0x80042000-0x80042fff]: assigned
[    0.732971] pci 0000:00:04.0: BAR 1 [mem 0x80043000-0x80043fff]: assigned
[    0.734212] pci 0000:00:1f.2: BAR 5 [mem 0x80044000-0x80044fff]: assigned
[    0.735488] pci_bus 0000:00: resource 4 [io  0x0000-0x0cf7 window]
[    0.736214] pci_bus 0000:00: resource 5 [io  0x0d00-0xffff window]
[    0.736902] pci_bus 0000:00: resource 6 [mem 0x000a0000-0x000bffff window]
[    0.737663] pci_bus 0000:00: resource 7 [mem 0x80000000-0xafffffff window]
[    0.738446] pci_bus 0000:00: resource 8 [mem 0xc0000000-0xfe5fffff window]
[    0.739260] pci_bus 0000:00: resource 9 [mem 0xac0020000-0xaffffffff window]
[    0.740050] pci_bus 0000:00: resource 10 [mem 0xf00000000-0x16ffffffff window]
[    0.741469] pci 0000:0c:00.0: bridge window [io  0x1000-0x0fff] to [bus 0d] add_size 1000
[    0.742376] pci 0000:0c:01.0: bridge window [io  0x1000-0x0fff] to [bus 0e] add_size 1000
[    0.743359] pci 0000:0c:00.0: bridge window [io  size 0x1000]: can't assign; no space
[    0.744233] pci 0000:0c:00.0: bridge window [io  size 0x1000]: failed to assign
[    0.745052] pci 0000:0c:01.0: bridge window [io  size 0x1000]: can't assign; no space
[    0.745895] pci 0000:0c:01.0: bridge window [io  size 0x1000]: failed to assign
[    0.746719] pci 0000:0c:01.0: bridge window [io  size 0x1000]: can't assign; no space
[    0.747572] pci 0000:0c:01.0: bridge window [io  size 0x1000]: failed to assign
[    0.748359] pci 0000:0c:00.0: bridge window [io  size 0x1000]: can't assign; no space
[    0.749200] pci 0000:0c:00.0: bridge window [io  size 0x1000]: failed to assign
[    0.750008] pci 0000:0c:00.0: PCI bridge to [bus 0d]
[    0.751028] pci 0000:0c:00.0:   bridge window [mem 0xfe800000-0xfe9fffff]
[    0.752773] pci 0000:0c:00.0:   bridge window [mem 0xd00000000-0xeffffffff 64bit pref]
[    0.754288] pci 0000:0c:01.0: PCI bridge to [bus 0e]
[    0.755380] pci 0000:0c:01.0:   bridge window [mem 0xfe600000-0xfe7fffff]
[    0.756726] pci 0000:0c:01.0:   bridge window [mem 0xb00000000-0xcffffffff 64bit pref]
[    0.758483] pci_bus 0000:0c: Some PCI device resources are unassigned, try booting with pci=realloc
[    0.759499] pci_bus 0000:0c: resource 4 [mem 0xfe600000-0xfe9fffff window]
[    0.760236] pci_bus 0000:0c: resource 5 [mem 0xac0000000-0xac001ffff window]
[    0.760994] pci_bus 0000:0c: resource 6 [mem 0xb00000000-0xeffffffff window]
[    0.762492] pci_bus 0000:0d: resource 0 [io  size 0x1000]
[    0.763091] pci_bus 0000:0d: resource 1 [mem 0xfe800000-0xfe9fffff]
[    0.763753] pci_bus 0000:0d: resource 2 [mem 0xd00000000-0xeffffffff 64bit pref]
[    0.764536] pci_bus 0000:0e: resource 0 [io  size 0x1000]
[    0.765123] pci_bus 0000:0e: resource 1 [mem 0xfe600000-0xfe7fffff]
[    0.765779] pci_bus 0000:0e: resource 2 [mem 0xb00000000-0xcffffffff 64bit pref]
[    0.766660] PCI: CLS 0 bytes, default 64
[    0.767204] PCI-DMA: Using software bounce buffering for IO (SWIOTLB)
[    0.767890] software IO TLB: mapped [mem 0x000000007bfdc000-0x000000007ffdc000] (64MB)
[    0.768829] clocksource: tsc: mask: 0xffffffffffffffff max_cycles: 0x39a85c9bff6, max_idle_ns: 881590591483 ns
[    0.770582] Initialise system trusted keyrings
[    0.771124] Key type blacklist registered
[    0.771958] workingset: timestamp_bits=36 max_order=22 bucket_order=0
[    0.774147] squashfs: version 4.0 (2009/01/31) Phillip Lougher
[    0.775920] fuse: init (API version 7.45)
[    0.776934] integrity: Platform Keyring initialized
[    0.777467] integrity: Machine keyring initialized
[    0.784132] Key type asymmetric registered
[    0.784551] Asymmetric key parser 'x509' registered
[    0.785174] Block layer SCSI generic (bsg) driver version 0.4 loaded (major 242)
[    0.786707] io scheduler mq-deadline registered
[    0.788681] ledtrig-cpu: registered to indicate activity on CPUs
[    0.789854] ACPI: \_SB_.LNKD: Enabled at IRQ 11
[    0.791355] pcieport 0000:0c:00.0: PME: Signaling with IRQ 24
[    0.793115] pcieport 0000:0c:00.0: AER: enabled with IRQ 24
[    0.793746] pcieport 0000:0c:00.0: pciehp: Slot #0 AttnBtn+ PwrCtrl+ MRL- AttnInd+ PwrInd+ HotPlug+ Surprise+ Interlock+ NoCompl- IbPresDis- LLActRep+ (with Cmd Compl erratum)
[    0.797016] ACPI: \_SB_.LNKA: Enabled at IRQ 10
[    0.798406] pcieport 0000:0c:01.0: PME: Signaling with IRQ 25
[    0.799800] pcieport 0000:0c:01.0: AER: enabled with IRQ 25
[    0.800440] pcieport 0000:0c:01.0: pciehp: Slot #1 AttnBtn+ PwrCtrl+ MRL- AttnInd+ PwrInd+ HotPlug+ Surprise+ Interlock+ NoCompl- IbPresDis- LLActRep+ (with Cmd Compl erratum)
[    0.803518] input: Power Button as /devices/LNXSYSTM:00/LNXPWRBN:00/input/input0
[    0.804433] ACPI: button: Power Button [PWRF]
[    0.806929] ACPI: \_SB_.GSIG: Enabled at IRQ 22
[    0.808343] ACPI: \_SB_.GSIH: Enabled at IRQ 23
[    0.809883] ACPI: \_SB_.GSIE: Enabled at IRQ 20
[    0.811502] Serial: 8250/16550 driver, 32 ports, IRQ sharing enabled
[    0.834958] 00:03: ttyS0 at I/O 0x3f8 (irq = 4, base_baud = 115200) is a 16550A
[    0.839415] Linux agpgart interface v0.103
[    0.839959] ACPI: bus type drm_connector registered
[    0.843650] loop: module loaded
[    0.844190] virtio_blk virtio2: 4/0/0 default/read/poll queues
[    0.845823] virtio_blk virtio2: [vda] 104857600 512-byte logical blocks (53.7 GB/50.0 GiB)
[    0.848408] tun: Universal TUN/TAP device driver, 1.6
[    0.850380] PPP generic driver version 2.4.2
[    0.851021] i8042: PNP: PS/2 Controller [PNP0303:KBD,PNP0f13:MOU] at 0x60,0x64 irq 1,12
[    0.852462] serio: i8042 KBD port at 0x60,0x64 irq 1
[    0.853013] serio: i8042 AUX port at 0x60,0x64 irq 12
[    0.853683] mousedev: PS/2 mouse device common for all mice
[    0.854742] input: AT Translated Set 2 keyboard as /devices/platform/i8042/serio0/input/input1
[    0.854836] rtc_cmos 00:04: RTC can wake from S4
[    0.860609] rtc_cmos 00:04: registered as rtc0
[    0.863103] rtc_cmos 00:04: setting system clock to 2026-04-29T20:53:22 UTC (1777496002)
[    0.867154] rtc_cmos 00:04: alarms up to one day, y3k, 242 bytes nvram, hpet irqs
[    0.868025] i2c_dev: i2c /dev entries driver
[    0.868522] device-mapper: core: CONFIG_IMA_DISABLE_HTABLE is disabled. Duplicate IMA measurements will not be recorded in the IMA log.
[    0.869931] device-mapper: uevent: version 1.0.3
[    0.870561] device-mapper: ioctl: 4.50.0-ioctl (2025-04-28) initialised: dm-devel@lists.linux.dev
[    0.871586] intel_pstate: CPU model not supported
[    0.872255] drop_monitor: Initializing network drop monitor service
[    0.873145] NET: Registered PF_INET6 protocol family
[    0.874126] Segment Routing with IPv6
[    0.874630] In-situ OAM (IOAM) with IPv6
[    0.875326] NET: Registered PF_PACKET protocol family
[    0.876097] Key type dns_resolver registered
[    0.877057] IPI shorthand broadcast: enabled
[    0.878659] sched_clock: Marking stable (779002087, 98670737)->(885431245, -7758421)
[    0.879929] registered taskstats version 1
[    0.881330] Loading compiled-in X.509 certificates
[    0.882551] Loaded X.509 cert 'Build time autogenerated kernel key: a905e4b6ea12bd1caa75aa6fecf1a1500005ba3b'
[    0.886922] Demotion targets for Node 0: null
[    0.887948] Key type .fscrypt registered
[    0.888407] Key type fscrypt-provisioning registered
[    0.890976] Key type encrypted registered
[    0.891397] AppArmor: AppArmor sha256 policy hashing enabled
[    0.892079] ima: No TPM chip found, activating TPM-bypass!
[    0.892641] Loading compiled-in module X.509 certificates
[    0.893588] Loaded X.509 cert 'Build time autogenerated kernel key: a905e4b6ea12bd1caa75aa6fecf1a1500005ba3b'
[    0.894677] ima: Allocated hash algorithm: sha256
[    0.895253] ima: No architecture policies found
[    0.895775] evm: Initialising EVM extended attributes:
[    0.896412] evm: security.selinux
[    0.896791] evm: security.SMACK64
[    0.897206] evm: security.SMACK64EXEC
[    0.897601] evm: security.SMACK64TRANSMUTE
[    0.898124] evm: security.SMACK64MMAP
[    0.898520] evm: security.apparmor
[    0.898908] evm: security.ima
[    0.899263] evm: security.capability
[    0.899648] evm: HMAC attrs: 0x1
[    0.900314] PM:   Magic number: 6:629:903
[    0.902180] RAS: Correctable Errors collector initialized.
[    0.907423] clk: Disabling unused clocks
[    0.907890] PM: genpd: Disabling unused power domains
[    0.908713] check access for rdinit=/init failed: -2, ignoring
[    0.909207] md: Waiting for all devices to be available before autodetect
[    0.909703] md: If you don't use raid, use raid=noautodetect
[    0.910160] md: Autodetecting RAID arrays.
[    0.910452] md: autorun ...
[    0.910663] md: ... autorun DONE.
[    1.070451] EXT4-fs (vda): recovery complete
[    1.072947] EXT4-fs (vda): mounted filesystem 412a31d6-761b-4b59-b4f9-53f8a4b8ad2f r/w with ordered data mode. Quota mode: none.
[    1.073760] VFS: Mounted root (ext4 filesystem) on device 253:0.
[    1.075941] devtmpfs: mounted
[    1.078081] Freeing unused decrypted memory: 2036K
[    1.079345] Freeing unused kernel image (initmem) memory: 3056K
[    1.079852] Write protecting the kernel read-only data: 34816k
[    1.080713] Freeing unused kernel image (text/rodata gap) memory: 4K
[    1.081607] Freeing unused kernel image (rodata/data gap) memory: 680K
[    1.089452] x86/mm: Checked W+X mappings: passed, no W+X pages found.
[    1.089900] Run /sbin/init as init process
[    1.238355] systemd[1]: Inserted module 'autofs4'
[    1.249245] random: crng init done
[!p]104[?7h[    1.289594] systemd[1]: systemd 257.7-1 running in system mode (+PAM +AUDIT +SELINUX +APPARMOR +IMA +IPE +SMACK +SECCOMP +GCRYPT -GNUTLS +OPENSSL +ACL +BLKID +CURL +ELFUTILS +FIDO2 +IDN2 -IDN +IPTC +KMOD +LIBCRYPTSETUP +LIBCRYPTSETUP_PLUGINS +LIBFDISK +PCRE2 +PWQUALITY +P11KIT +QRENCODE +TPM2 +BZIP2 +LZ4 +XZ +ZLIB +ZSTD +BPF_FRAMEWORK +BTF -XKBCOMMON -UTMP +SYSVINIT +LIBARCHIVE)
[    1.293159] systemd[1]: Detected virtualization kvm.
[    1.293542] systemd[1]: Detected architecture x86-64.

[0;1;39mWelcome to [0m[1mDebian GNU/Linux 13 (trixie)[0m[0;1;39m![0m

[    1.297517] systemd[1]: Hostname set to <node1>.
[    1.334491] systemd[1]: bpf-restrict-fs: BPF LSM hook not enabled in the kernel, BPF LSM not supported.
[    1.386407] Guest personality initialized and is inactive
[    1.386911] VMCI host device registered (name=vmci, major=10, minor=261)
[    1.387396] Initialized host personality
[    1.397072] NET: Registered PF_VSOCK protocol family
[    1.589338] systemd[1]: Queued start job for default target graphical.target.
[    1.618344] systemd[1]: Created slice system-getty.slice - Slice /system/getty.
[[0;32m  OK  [0m] Created slice [0;1;39msystem-getty.slice[0m - Slice /system/getty.
[    1.622407] systemd[1]: Created slice system-modprobe.slice - Slice /system/modprobe.
[[0;32m  OK  [0m] Created slice [0;1;39msystem-modprobe.slice[0m - Slice /system/modprobe.
[    1.625817] systemd[1]: Created slice system-serial\x2dgetty.slice - Slice /system/serial-getty.
[[0;32m  OK  [0m] Created slice [0;1;39msystem-serial\x2dget…slice[0m - Slice /system/serial-getty.
[    1.628811] systemd[1]: Created slice user.slice - User and Session Slice.
[[0;32m  OK  [0m] Created slice [0;1;39muser.slice[0m - User and Session Slice.
[    1.631114] systemd[1]: Started systemd-ask-password-console.path - Dispatch Password Requests to Console Directory Watch.
[[0;32m  OK  [0m] Started [0;1;39msystemd-ask-password-conso…[0mequests to Console Directory Watch.
[    1.634584] systemd[1]: Started systemd-ask-password-wall.path - Forward Password Requests to Wall Directory Watch.
[[0;32m  OK  [0m] Started [0;1;39msystemd-ask-password-wall.…[0md Requests to Wall Directory Watch.
[    1.637700] systemd[1]: Set up automount proc-sys-fs-binfmt_misc.automount - Arbitrary Executable File Formats File System Automount Point.
[[0;32m  OK  [0m] Set up automount [0;1;39mproc-sys-fs-binfm…[0mormats File System Automount Point.
[    1.640551] systemd[1]: Expecting device dev-ttyS0.device - /dev/ttyS0...
         Expecting device [0;1;39mdev-ttyS0.device[0m - /dev/ttyS0...
[    1.641812] systemd[1]: Reached target paths.target - Path Units.
[[0;32m  OK  [0m] Reached target [0;1;39mpaths.target[0m - Path Units.
[    1.643044] systemd[1]: Reached target slices.target - Slice Units.
[[0;32m  OK  [0m] Reached target [0;1;39mslices.target[0m - Slice Units.
[    1.644174] systemd[1]: Reached target swap.target - Swaps.
[[0;32m  OK  [0m] Reached target [0;1;39mswap.target[0m - Swaps.
[    1.660827] systemd[1]: Listening on rpcbind.socket - RPCbind Server Activation Socket.
[[0;32m  OK  [0m] Listening on [0;1;39mrpcbind.socket[0m - RPCbind Server Activation Socket.
[    1.663265] systemd[1]: Listening on systemd-creds.socket - Credential Encryption/Decryption.
[[0;32m  OK  [0m] Listening on [0;1;39msystemd-creds.socket[0m - Credential Encryption/Decryption.
[    1.664831] systemd[1]: Listening on systemd-initctl.socket - initctl Compatibility Named Pipe.
[[0;32m  OK  [0m] Listening on [0;1;39msystemd-initctl.socke…[0m- initctl Compatibility Named Pipe.
[    1.666460] systemd[1]: Listening on systemd-journald-dev-log.socket - Journal Socket (/dev/log).
[[0;32m  OK  [0m] Listening on [0;1;39msystemd-journald-dev-…socket[0m - Journal Socket (/dev/log).
[    1.668209] systemd[1]: Listening on systemd-journald.socket - Journal Sockets.
[[0;32m  OK  [0m] Listening on [0;1;39msystemd-journald.socket[0m - Journal Sockets.
[    1.669599] systemd[1]: Listening on systemd-networkd.socket - Network Service Netlink Socket.
[[0;32m  OK  [0m] Listening on [0;1;39msystemd-networkd.socket[0m - Network Service Netlink Socket.
[    1.671131] systemd[1]: systemd-pcrextend.socket - TPM PCR Measurements was skipped because of an unmet condition check (ConditionSecurity=measured-uki).
[    1.672159] systemd[1]: systemd-pcrlock.socket - Make TPM PCR Policy was skipped because of an unmet condition check (ConditionSecurity=measured-uki).
[    1.673238] systemd[1]: Listening on systemd-udevd-control.socket - udev Control Socket.
[[0;32m  OK  [0m] Listening on [0;1;39msystemd-udevd-control.socket[0m - udev Control Socket.
[    1.674687] systemd[1]: Listening on systemd-udevd-kernel.socket - udev Kernel Socket.
[[0;32m  OK  [0m] Listening on [0;1;39msystemd-udevd-kernel.socket[0m - udev Kernel Socket.
[    1.677730] systemd[1]: Mounting dev-hugepages.mount - Huge Pages File System...
         Mounting [0;1;39mdev-hugepages.mount[0m - Huge Pages File System...
[    1.680126] systemd[1]: Mounting dev-mqueue.mount - POSIX Message Queue File System...
         Mounting [0;1;39mdev-mqueue.mount[0m - POSIX Message Queue File System...
[    1.682541] systemd[1]: Mounting run-lock.mount - Legacy Locks Directory /run/lock...
         Mounting [0;1;39mrun-lock.mount[0m - Legacy Locks Directory /run/lock...
[    1.685230] systemd[1]: Mounting sys-kernel-debug.mount - Kernel Debug File System...
         Mounting [0;1;39msys-kernel-debug.mount[0m - Kernel Debug File System...
[    1.689272] systemd[1]: Mounting sys-kernel-tracing.mount - Kernel Trace File System...
         Mounting [0;1;39msys-kernel-tracing.mount[0m - Kernel Trace File System...
[    1.694022] systemd[1]: Mounting tmp.mount - Temporary Directory /tmp...
         Mounting [0;1;39mtmp.mount[0m - Temporary Directory /tmp...
[    1.695469] systemd[1]: auth-rpcgss-module.service - Kernel Module supporting RPCSEC_GSS was skipped because of an unmet condition check (ConditionPathExists=/etc/krb5.keytab).
[    1.697408] systemd[1]: Starting kmod-static-nodes.service - Create List of Static Device Nodes...
         Starting [0;1;39mkmod-static-nodes.service[0m…eate List of Static Device Nodes...
[    1.700667] systemd[1]: Starting modprobe@configfs.service - Load Kernel Module configfs...
         Starting [0;1;39mmodprobe@configfs.service[0m - Load Kernel Module configfs...
[    1.702534] systemd[1]: Starting modprobe@drm.service - Load Kernel Module drm...
         Starting [0;1;39mmodprobe@drm.service[0m - Load Kernel Module drm...
[    1.705692] systemd[1]: Starting modprobe@efi_pstore.service - Load Kernel Module efi_pstore...
         Starting [0;1;39mmodprobe@efi_pstore.servi…[0m - Load Kernel Module efi_pstore...
[    1.708301] systemd[1]: Starting modprobe@fuse.service - Load Kernel Module fuse...
         Starting [0;1;39mmodprobe@fuse.service[0m - Load Kernel Module fuse...
[    1.709826] systemd[1]: systemd-hibernate-clear.service - Clear Stale Hibernate Storage Info was skipped because of an unmet condition check (ConditionPathExists=/sys/firmware/efi/efivars/HibernateLocation-8cf2644b-4b0b-428f-9387-6d876050dc67).
[    1.712877] systemd[1]: Starting systemd-journald.service - Journal Service...
         Starting [0;1;39msystemd-journald.service[0m - Journal Service...
[    1.715631] systemd[1]: Starting systemd-modules-load.service - Load Kernel Modules...
         Starting [0;1;39msystemd-modules-load.service[0m - Load Kernel Modules...
[    1.717157] systemd[1]: systemd-pcrmachine.service - TPM PCR Machine ID Measurement was skipped because of an unmet condition check (ConditionSecurity=measured-uki).
[    1.718920] systemd[1]: Starting systemd-remount-fs.service - Remount Root and Kernel File Systems...
         Starting [0;1;39msystemd-remount-fs.servic…[0munt Root and Kernel File Systems...
[    1.720633] systemd[1]: systemd-tpm2-setup-early.service - Early TPM SRK Setup was skipped because of an unmet condition check (ConditionSecurity=measured-uki).
[    1.723845] systemd[1]: Starting systemd-udev-load-credentials.service - Load udev Rules from Credentials...
         Starting [0;1;39msystemd-udev-load-credent…[0mLoad udev Rules from Credentials...
[    1.727027] systemd[1]: Starting systemd-udev-trigger.service - Coldplug All udev Devices...
         Starting [0;1;39msystemd-udev-trigger.service[0m - Coldplug All udev Devices...
[    1.730125] systemd[1]: Mounted dev-hugepages.mount - Huge Pages File System.
[[0;32m  OK  [0m] Mounted [0;1;39mdev-hugepages.mount[0m - Huge Pages File System.
[    1.731574] systemd[1]: Mounted dev-mqueue.mount - POSIX Message Queue File System.
[[0;32m  OK  [0m] Mounted [0;1;39mdev-mqueue.mount[0m - POSIX Message Queue File System.
[    1.733171] systemd[1]: Mounted run-lock.mount - Legacy Locks Directory /run/lock.
[[0;32m  OK  [0m] Mounted [0;1;39mrun-lock.mount[0m - Legacy[    1.734240] systemd-journald[135]: Collecting audit messages is disabled.
 Locks Directory /run/lock.
[    1.735550] systemd[1]: Mounted sys-kernel-debug.mount - Kernel Debug File System.
[[0;32m  OK  [0m] Mounted [0;1;39msys-kernel-debug.mount[0m - Kernel Debug File System.
[    1.737050] systemd[1]: Mounted sys-kernel-tracing.mount - Kernel Trace File System.
[[0;32m  OK  [0m] Mounted [0;1;39msys-kernel-tracing.mount[0m - Kernel Trace File System.
[    1.738446] systemd[1]: Mounted tmp.mount - Temporary Directory /tmp.
[[0;32m  OK  [0m] Mounted [0;1;39mtmp.mount[0m - Temporary Directory /tmp.
[    1.739816] systemd[1]: Finished kmod-static-nodes.service - Create List of Static Device Nodes.
[[0;32m  OK  [0m] Finished [0;1;39mkmod-static-nodes.service[0m…Create List of Static Device Nodes.
[    1.741635] systemd[1]: modprobe@configfs.service: Deactivated successfully.
[    1.742322] systemd[1]: Finished modprobe@configfs.service - Load Kernel Module configfs.
[[0;32m  OK  [0m] Finished [0;1;39mmodprobe@configfs.service[0m - Load Kernel Module configfs.
[    1.743930] systemd[1]: modprobe@drm.service: Deactivated successfully.
[    1.744522] systemd[1]: Finished modprobe@drm.service - Load Kernel Module drm.
[[0;32m  OK  [0m] Finished [0;1;39mmodprobe@drm.service[0m - Load Kernel Module drm.
[    1.746204] systemd[1]: modprobe@efi_pstore.service: Deactivated successfully.
[    1.746928] systemd[1]: Finished modprobe@efi_pstore.service - Load Kernel Module efi_pstore.
[[0;32m  OK  [0m] Finished [0;1;39mmodprobe@efi_pstore.service[0m - Load Kernel Module efi_pstore.
[    1.748571] systemd[1]: modprobe@fuse.service: Deactivated successfully.
[    1.749226] systemd[1]: Finished modprobe@fuse.service - Load Kernel Module fuse.
[[0;32m  OK  [0m] Finished [0;1;39mmodprobe@fuse.service[0m - Load Kernel Module fuse.
[    1.750681] systemd[1]: Started systemd-journald.service - Journal Service.
[[0;32m  OK  [0m] Started [0;1;39msystemd-journald.service[0m - Journal Service.
[[0;32m  OK  [0m] Finished [0;1;39msystemd-modules-load.service[0m - Load Kernel Modules.
[[0;32m  OK  [0m] Finished [0;1;39msystemd-remount-fs.servic…[0mmount Root and Kernel File Systems.
[[0;32m  OK  [0m] Finished [0;1;39msystemd-udev-load-credent…[0m- Load udev Rules from Credentials.
         Mounting [0;1;39msys-fs-fuse-connections.mount[0m - FUSE Control File System...
         Mounting [0;1;39msys-kernel-config.mount[0m - Kernel Configuration File System...
         Starting [0;1;39msystemd-journal-flush.ser…[0msh Journal to Persistent Storage...
         Starting [0;1;39msystemd-random-seed.service[0m - Load/Save OS Random Seed...
         Starting [0;1;39msystemd-sysctl.service[0m - Apply Kernel Variables...
         Starting [0;1;39msystemd-tmpfiles-setup-de…[0m Device Nodes in /dev gracefully...[    1.781103] systemd-journald[135]: Received client request to flush runtime journal.

[[0;32m  OK  [0m] Finished [0;1;39msystemd-udev-trigger.service[0m - Coldplug All udev Devices.
[[0;32m  OK  [0m] Mounted [0;1;39msys-fs-fuse-connections.mount[0m - FUSE Control File System.
[[0;32m  OK  [0m] Mounted [0;1;39msys-kernel-config.mount[0m - Kernel Configuration File System.
         Starting [0;1;39mifupdown-pre.service[0m - He…synchronize boot up for ifupdown...
[[0;32m  OK  [0m] Finished [0;1;39msystemd-sysctl.service[0m - Apply Kernel Variables.
[[0;32m  OK  [0m] Finished [0;1;39msystemd-tmpfiles-setup-de…[0mic Device Nodes in /dev gracefully.
         Starting [0;1;39msystemd-tmpfiles-setup-de…[0meate Static Device Nodes in /dev...
[[0;32m  OK  [0m] Finished [0;1;39msystemd-random-seed.service[0m - Load/Save OS Random Seed.
[[0;32m  OK  [0m] Finished [0;1;39msystemd-tmpfiles-setup-de…[0mCreate Static Device Nodes in /dev.
[[0;32m  OK  [0m] Reached target [0;1;39mlocal-fs-pre.target[0m…Preparation for Local File Systems.
[[0;32m  OK  [0m] Reached target [0;1;39mlocal-fs.target[0m - Local File Systems.
[[0;32m  OK  [0m] Listening on [0;1;39msystemd-sysext.socket[0m… System Extension Image Management.
         Starting [0;1;39msystemd-binfmt.service[0m - Set Up Additional Binary Formats...
         Starting [0;1;39msystemd-udevd.service[0m - R…ager for Device Events and Files...
[[0;32m  OK  [0m] Started [0;1;39msystemd-udevd.service[0m - Ru…anager for Device Events and Files.
         Starting [0;1;39msystemd-networkd.service[0m - Network Configuration...
[[0;32m  OK  [0m] Found device [0;1;39mdev-ttyS0.device[0m - /dev/ttyS0.
[    1.941192] virtio_net virtio0 enp0s2: renamed from eth0
[[0;32m  OK  [0m] Finished [0;1;39msystemd-journal-flush.ser…[0mlush Journal to Persistent Storage.
         Starting [0;1;39msystemd-tmpfiles-setup.se…[0mate System Files and Directories...
         Expecting device [0;1;39msys-subsystem-net…[0msys/subsystem/net/devices/enp0s2...
[    1.973223] lpc_ich 0000:00:1f.0: I/O space for GPIO uninitialized
[    1.976162] bochs-drm 0000:00:01.0: vgaarb: deactivate vga console
[    1.979745] Console: switching to colour dummy device 80x25
[    1.980485] [drm] Found bochs VGA, ID 0xb0c5.
[    1.980855] [drm] Framebuffer size 16384 kB @ 0xfd000000, mmio @ 0x80040000.
[    1.984204] ACPI: \_SB_.GSIA: Enabled at IRQ 16
[[0;32m  OK  [0m] Finished [0;1;39msystemd-tmpfiles-setup.se…[0mreate System Files and Directories.
[    1.987257] [drm] Initialized bochs-drm 1.0.0 for 0000:00:01.0 on minor 0
[    1.990046] input: PC Speaker as /devices/platform/pcspkr/input/input3
[    1.990704] fbcon: bochs-drmdrmfb (fb0) is primary device
[    1.995170] Console: switching to colour frame buffer device 160x50
[    1.997450] bochs-drm 0000:00:01.0: [drm] fb0: bochs-drmdrmfb frame buffer device
         Starting [0;1;39mrpcbind.service[0m - RPC bind portmap service...
[    2.002088] input: VirtualPS/2 VMware VMMouse as /devices/platform/i8042/serio1/input/input5
[    2.003625] input: VirtualPS/2 VMware VMMouse as /devices/platform/i8042/serio1/input/input4
[    2.007073] cxl_core: loading out-of-tree module taints kernel.
[    2.007517] cxl_core: module verification failed: signature and/or required key missing - tainting kernel
[    2.008382] ahci 0000:00:1f.2: AHCI vers 0001.0000, 32 command slots, 1.5 Gbps, SATA mode
[    2.009049] ahci 0000:00:1f.2: 6/6 ports implemented (port mask 0x3f)
[    2.009507] ahci 0000:00:1f.2: flags: 64bit ncq only 
[    2.017842] parport_pc 00:02: reported by Plug and Play ACPI
[    2.018436] parport0: PC-style at 0x378, irq 7 [PCSPP,TRISTATE]
[    2.023148] i801_smbus 0000:00:1f.3: SMBus using PCI interrupt
[    2.025248] i2c i2c-0: Memory type 0x07 not supported yet, not instantiating SPD
[[0;32m  OK  [0m] Listening on [0;1;39msystemd-rfkill.socket[0m…ll Switch Status /dev/rfkill Watch.
[[0;32m  OK  [0m] Started [0;1;39mrpcbind.service[0m - RPC bind portmap service.
[[0;32m  OK  [0m] Reached target [0;1;39mrpcbind.target[0m - RPC Port Mapper.
[    2.046161] scsi host0: ahci
[    2.046881] scsi host1: ahci
[    2.053789] scsi host2: ahci
[    2.054840] iTCO_vendor_support: vendor-support=0
[    2.061616] cxl_type2_accel 0000:0d:00.0: CXL Type 2 Accelerator driver probing
[    2.062454] cxl_type2_accel 0000:0d:00.0: CXL DVSEC: cap=0x001f ctrl=0x0007
[    2.062984] cxl_type2_accel 0000:0d:00.0: CXL.cache capable
[    2.063367] cxl_type2_accel 0000:0d:00.0: CXL.io capable
[    2.063758] cxl_type2_accel 0000:0d:00.0: CXL.mem capable
[    2.064184] cxl_type2_accel 0000:0d:00.0: CXL DVSEC ctrl=0x4007: Cache+ IO+ Mem+ Viral+
[    2.064699]  pci0000:0c: host supports CXL
[    2.064971] cxl_type2_accel 0000:0d:00.0: Component registers mapped
[    2.065665] cxl_type2_accel 0000:0d:00.0: Cache configured: 128 MB, 64-byte lines
[    2.065851] scsi host3: ahci
[    2.067150] pcieport 0000:0c:00.0: CXL snoop filter has no capacity
[    2.067212] scsi host4: ahci
[[0;32m  OK  [0m] Found device [0;1;39msys-subsystem-net-dev…0s2.device[0m - Virtio network device.
[    2.071288] iTCO_wdt iTCO_wdt.1.auto: Found a ICH9 TCO device (Version=2, TCOBASE=0x0660)
[[0;32m  OK  [0m] Started [0;1;39mifup@enp0s2.service[0m - ifup for enp0s2.
[    2.073819] iTCO_wdt iTCO_wdt.1.auto: initialized. heartbeat=30 sec (nowayout=0)
[    2.075338] scsi host5: ahci
[    2.075650] ata1: SATA max UDMA/133 abar m4096@0x80044000 port 0x80044100 irq 36 lpm-pol 1
[    2.076327] ata2: SATA max UDMA/133 abar m4096@0x80044000 port 0x80044180 irq 36 lpm-pol 1
[    2.076333] ata3: SATA max UDMA/133 abar m4096@0x80044000 port 0x80044200 irq 36 lpm-pol 1
[    2.076338] ata4: SATA max UDMA/133 abar m4096@0x80044000 port 0x80044280 irq 36 lpm-pol 1
[    2.076343] ata5: SATA max UDMA/133 abar m4096@0x80044000 port 0x80044300 irq 36 lpm-pol 1
[    2.076348] ata6: SATA max UDMA/133 abar m4096@0x80044000 port 0x80044380 irq 36 lpm-pol 1
[    2.079876] Error: Driver 'pcspkr' is already registered, aborting...
[    2.089032] cxl_type2_accel 0000:0d:00.0: CXL cache device registered successfully
[    2.089935] cxl_type2_accel 0000:0d:00.0: CXL memory device registered (mem0)
[    2.090443] cxl_type2_accel 0000:0d:00.0: CXL Type 2 Accelerator driver probed successfully
[    2.091132] cxl_type2_accel 0000:0e:00.0: CXL Type 2 Accelerator driver probing
[    2.092125] cxl_type2_accel 0000:0e:00.0: CXL DVSEC: cap=0x001f ctrl=0x0007
[    2.092626] cxl_type2_accel 0000:0e:00.0: CXL.cache capable
[    2.093094] cxl_type2_accel 0000:0e:00.0: CXL.io capable
[    2.093486] cxl_type2_accel 0000:0e:00.0: CXL.mem capable
[    2.094335] cxl_type2_accel 0000:0e:00.0: CXL DVSEC ctrl=0x4007: Cache+ IO+ Mem+ Viral+
[    2.095082] cxl_type2_accel 0000:0e:00.0: Component registers mapped
[    2.095611] cxl_type2_accel 0000:0e:00.0: Cache configured: 128 MB, 64-byte lines
[    2.096687] pcieport 0000:0c:01.0: CXL snoop filter has no capacity
[    2.097319] cxl_type2_accel 0000:0e:00.0: CXL cache device registered successfully
[    2.098531] cxl_type2_accel 0000:0e:00.0: CXL memory device registered (mem1)
[    2.099153] cxl_type2_accel 0000:0e:00.0: CXL Type 2 Accelerator driver probed successfully
[    2.125696] ppdev: user-space parallel port driver
[    2.385289] ata5: SATA link down (SStatus 0 SControl 300)
[    2.388403] ata4: SATA link down (SStatus 0 SControl 300)
[    2.391524] ata6: SATA link down (SStatus 0 SControl 300)
[    2.393573] ata3: SATA link up 1.5 Gbps (SStatus 113 SControl 300)
[    2.396701] ata2: SATA link down (SStatus 0 SControl 300)
[    2.398491] ata1: SATA link down (SStatus 0 SControl 300)
[    2.400701] ata3.00: ATAPI: QEMU DVD-ROM, 2.5+, max UDMA/100
[    2.402737] ata3.00: applying bridge limits
[    2.404755] ata3.00: configured for UDMA/100
[    2.407658] scsi 2:0:0:0: CD-ROM            QEMU     QEMU DVD-ROM     2.5+ PQ: 0 ANSI: 5
[    2.450264] sr 2:0:0:0: [sr0] scsi3-mmc drive: 4x/4x cd/rw xa/form2 tray
[    2.451159] cdrom: Uniform CD-ROM driver Revision: 3.20
[    2.483471] sr 2:0:0:0: Attached scsi generic sg0 type 5
[    2.520655] 8021q: 802.1Q VLAN Support v1.8
[    2.638147] cfg80211: Loading compiled-in X.509 certificates for regulatory database
[    2.639039] Loaded X.509 cert 'sforshee: 00b28ddf47aef9cea7'
[    2.639529] Loaded X.509 cert 'wens: 61c038651aabdcf94bd0ac7ff06c7248db18c600'
[    2.640254] faux_driver regulatory: Direct firmware load for regulatory.db failed with error -2
[    2.641095] cfg80211: failed to load regulatory.db
[    2.670482] 8021q: adding VLAN 0 to HW filter on device enp0s2
         Mounting [0;1;39mproc-sys-fs-binfmt_misc.m…[0mcutable File Formats File System...
         Mounting [0;1;39mrun-rpc_pipefs.mount[0m - RPC Pipe File System...
[[0;32m  OK  [0m] Mounted [0;1;39mproc-sys-fs-binfmt_misc.mo…[0mxecutable File Formats File System.
[[0;32m  OK  [0m] Finished [0;1;39msystemd-binfmt.service[0m - Set Up Additional Binary Formats.
[[0;32m  OK  [0m] Reached target [0;1;39msysinit.target[0m - System Initialization.
[[0;32m  OK  [0m] Started [0;1;39mapt-daily.timer[0m - Daily apt download activities.
[[0;32m  OK  [0m] Started [0;1;39mapt-daily-upgrade.timer[0m - …y apt upgrade and clean activities.
[[0;32m  OK  [0m] Started [0;1;39mdpkg-db-backup.timer[0m - Daily dpkg database backup timer.
[[0;32m  OK  [0m] Started [0;1;39me2scrub_all.timer[0m - Period…Metadata Check for All Filesystems.
[[0;32m  OK  [0m] Started [0;1;39mfstrim.timer[0m - Discard unused filesystem blocks once a week.
[[0;32m  OK  [0m] Started [0;1;39mlogrotate.timer[0m - Daily rotation of log files.
[[0;32m  OK  [0m] Started [0;1;39msystemd-tmpfiles-clean.tim…[0my Cleanup of Temporary Directories.
[[0;32m  OK  [0m] Reached target [0;1;39mtimers.target[0m - Timer Units.
[[0;32m  OK  [0m] Listening on [0;1;39mdbus.socket[0m - D-Bus System Message Bus Socket.
[[0;32m  OK  [0m] Listening on [0;1;39msshd-unix-local.socke…[0mtemd-ssh-generator, AF_UNIX Local).
[[0;32m  OK  [0m] Listening on [0;1;39msshd-vsock.socket[0m - O… (systemd-ssh-generator, AF_VSOCK).
[[0;32m  OK  [0m] Reached target [0;1;39mssh-access.target[0m - SSH Access Available.
[[0;32m  OK  [0m] Listening on [0;1;39msystemd-hostnamed.socket[0m - Hostname Service Socket.
[[0;32m  OK  [0m] Reached target [0;1;39msockets.target[0m - Socket Units.
[[0;32m  OK  [0m] Reached target [0;1;39mbasic.target[0m - Basic System.
[[0;32m  OK  [0m] Started [0;1;39mcxl-monitor.service[0m - CXL Monitor Daemon.
         Starting [0;1;39mdbus.service[0m - D-Bus System Message Bus...
         Starting [0;1;39me2scrub_reap.service[0m - Re…ne ext4 Metadata Check Snapshots...
[[0;32m  OK  [0m] Started [0;1;39mndctl-monitor.service[0m - Ndctl Monitor Daemon.
[    2.834937] RPC: Registered named UNIX socket transport module.
[    2.835604] RPC: Registered udp transport module.
[    2.835607] RPC: Registered tcp transport module.
[    2.835607] RPC: Registered tcp-with-tls transport module.
[    2.835608] RPC: Registered tcp NFSv4.1 backchannel transport module.
         Starting [0;1;39msystemd-logind.service[0m - User Login Management...
[[0;32m  OK  [0m] Mounted [0;1;39mrun-rpc_pipefs.mount[0m - RPC Pipe File System.
[[0;32m  OK  [0m] Reached target [0;1;39mrpc_pipefs.target[0m.
         Starting [0;1;39mdpkg-db-backup.service[0m - …ily dpkg database backup service...
         Starting [0;1;39mnfs-blkmap.service[0m - pNFS block layout mapping daemon...
[[0;32m  OK  [0m] Reached target [0;1;39mnfs-client.target[0m - NFS client services.
[[0;32m  OK  [0m] Reached target [0;1;39mremote-fs-pre.targe…[0mreparation for Remote File Systems.
[[0;32m  OK  [0m] Reached target [0;1;39mremote-fs.target[0m - Remote File Systems.
[[0;32m  OK  [0m] Started [0;1;39mcron.service[0m - Regular background program processing daemon.
[[0;32m  OK  [0m] Started [0;1;39mdbus.service[0m - D-Bus System Message Bus.
[[0;32m  OK  [0m] Started [0;1;39msystemd-networkd.service[0m - Network Configuration.
[[0;32m  OK  [0m] Finished [0;1;39me2scrub_reap.service[0m - Re…line ext4 Metadata Check Snapshots.
[[0;32m  OK  [0m] Started [0;1;39mnfs-blkmap.service[0m - pNFS block layout mapping daemon.
         Starting [0;1;39msystemd-networkd-persiste…[0mtent Storage in systemd-networkd...
[[0;32m  OK  [0m] Started [0;1;39msystemd-logind.service[0m - User Login Management.
[[0;32m  OK  [0m] Finished [0;1;39msystemd-networkd-persiste…[0mistent Storage in systemd-networkd.
[[0;32m  OK  [0m] Finished [0;1;39mdpkg-db-backup.service[0m - Daily dpkg database backup service.
[[0;32m  OK  [0m] Finished [0;1;39mifupdown-pre.service[0m - He…o synchronize boot up for ifupdown.
         Starting [0;1;39mnetworking.service[0m - Raise network interfaces...
[[0;32m  OK  [0m] Finished [0;1;39mnetworking.service[0m - Raise network interfaces.
[[0;32m  OK  [0m] Reached target [0;1;39mnetwork.target[0m - Network.
[[0;32m  OK  [0m] Reached target [0;1;39mnetwork-online.target[0m - Network is Online.
         Starting [0;1;39mrc-local.service[0m - /etc/rc.local Compatibility...
         Starting [0;1;39mrpc-statd-notify.service[0m - Notify NFS peers of a restart...
         Starting [0;1;39mssh.service[0m - OpenBSD Secure Shell server...
         Starting [0;1;39msystemd-user-sessions.service[0m - Permit User Sessions...
[[0;32m  OK  [0m] Started [0;1;39mrc-local.service[0m - /etc/rc.local Compatibility.
[[0;32m  OK  [0m] Started [0;1;39mrpc-statd-notify.service[0m - Notify NFS peers of a restart.
[[0;32m  OK  [0m] Finished [0;1;39msystemd-user-sessions.service[0m - Permit User Sessions.
[[0;32m  OK  [0m] Started [0;1;39mgetty@tty1.service[0m - Getty on tty1.
[[0;32m  OK  [0m] Started [0;1;39mserial-getty@ttyS0.service[0m - Serial Getty on ttyS0.
[[0;32m  OK  [0m] Reached target [0;1;39mgetty.target[0m - Login Prompts.
[[0;32m  OK  [0m] Started [0;1;39mssh.service[0m - OpenBSD Secure Shell server.
[[0;32m  OK  [0m] Reached target [0;1;39mmulti-user.target[0m - Multi-User System.
[[0;32m  OK  [0m] Reached target [0;1;39mgraphical.target[0m - Graphical Interface.
[!p]104[?7h[6n[32766;32766H[6n[!p]104[?7h[6n[32766;32766H[6n
Debian GNU/Linux 13 node1 ttyS0

node1 login: qemu-system-x86_64: terminating on signal 2 from pid 2727760 ()
