CXL Type2: GPU mode = 2 (NONE=0, VFIO=1, HETGPU=2, AUTO=3)
CXL Type2: Initializing hetGPU backend...
cxl_type2_hetgpu_init: ENTERED
cxl_type2_hetgpu_init: hetgpu_lib_path = '/home/victoryang00/hetGPU/target/debug/libnvcuda.so'
cxl_type2_hetgpu_init: Using library: /home/victoryang00/hetGPU/target/debug/libnvcuda.so
cxl_type2_hetgpu_init: backend=5, device_index=0
CXL Type2: cxl_type2_hetgpu_init returned 0
CXL Type2: hetGPU backend initialized successfully
CXL Type2: GPU mode = 2 (NONE=0, VFIO=1, HETGPU=2, AUTO=3)
CXL Type2: Initializing hetGPU backend...
cxl_type2_hetgpu_init: ENTERED
cxl_type2_hetgpu_init: hetgpu_lib_path = '/home/victoryang00/hetGPU/target/debug/libnvcuda.so'
cxl_type2_hetgpu_init: Using library: /home/victoryang00/hetGPU/target/debug/libnvcuda.so
cxl_type2_hetgpu_init: backend=5, device_index=0
CXL Type2: cxl_type2_hetgpu_init returned 0
CXL Type2: hetGPU backend initialized successfully
CXL Type2: GPU mode = 2 (NONE=0, VFIO=1, HETGPU=2, AUTO=3)
CXL Type2: Initializing hetGPU backend...
cxl_type2_hetgpu_init: ENTERED
cxl_type2_hetgpu_init: hetgpu_lib_path = '/home/victoryang00/hetGPU/target/debug/libnvcuda.so'
cxl_type2_hetgpu_init: Using library: /home/victoryang00/hetGPU/target/debug/libnvcuda.so
cxl_type2_hetgpu_init: backend=5, device_index=0
CXL Type2: cxl_type2_hetgpu_init returned 0
CXL Type2: hetGPU backend initialized successfully
CXL Type2: GPU mode = 2 (NONE=0, VFIO=1, HETGPU=2, AUTO=3)
CXL Type2: Initializing hetGPU backend...
cxl_type2_hetgpu_init: ENTERED
cxl_type2_hetgpu_init: hetgpu_lib_path = '/home/victoryang00/hetGPU/target/debug/libnvcuda.so'
cxl_type2_hetgpu_init: Using library: /home/victoryang00/hetGPU/target/debug/libnvcuda.so
cxl_type2_hetgpu_init: backend=5, device_index=0
CXL Type2: cxl_type2_hetgpu_init returned 0
CXL Type2: hetGPU backend initialized successfully
c[?7l[2J[0mSeaBIOS (version rel-1.17.0-0-gb52ca86e094d-prebuilt.qemu.org)


iPXE (http://ipxe.org) 00:02.0 CA00 PCI2.10 PnP PMM+7EFD14E0+7EF314E0 CA00
Press Ctrl-B to configure iPXE (PCI 00:02.0)...                                                                               


Booting from ROM..c[?7l[2J[0m.[    0.000000] Linux version 6.18.0-rc5 (root@gpu01) (gcc (Ubuntu 14.2.0-19ubuntu2) 14.2.0, GNU ld (GNU Binutils for Ubuntu) 2.44) #4 SMP PREEMPT_DYNAMIC Sun Mar  1 22:26:46 UTC 2026
[    0.000000] Command line: root=/dev/vda rw console=ttyS0,115200 nokaslr systemd.mask=cxl-numa-setup.service
[    0.000000] KERNEL supported cpus:
[    0.000000]   Intel GenuineIntel
[    0.000000]   AMD AuthenticAMD
[    0.000000]   Hygon HygonGenuine
[    0.000000]   Centaur CentaurHauls
[    0.000000]   zhaoxin   Shanghai  
[    0.000000] x86/CPU: Model not found in latest microcode list
[    0.000000] BIOS-provided physical RAM map:
[    0.000000] BIOS-e820: [mem 0x0000000000000000-0x000000000009fbff] usable
[    0.000000] BIOS-e820: [mem 0x000000000009fc00-0x000000000009ffff] reserved
[    0.000000] BIOS-e820: [mem 0x00000000000f0000-0x00000000000fffff] reserved
[    0.000000] BIOS-e820: [mem 0x0000000000100000-0x000000007ffdbfff] usable
[    0.000000] BIOS-e820: [mem 0x000000007ffdc000-0x000000007fffffff] reserved
[    0.000000] BIOS-e820: [mem 0x00000000b0000000-0x00000000bfffffff] reserved
[    0.000000] BIOS-e820: [mem 0x00000000fed1c000-0x00000000fed1ffff] reserved
[    0.000000] BIOS-e820: [mem 0x00000000feffc000-0x00000000feffffff] reserved
[    0.000000] BIOS-e820: [mem 0x00000000fffc0000-0x00000000ffffffff] reserved
[    0.000000] BIOS-e820: [mem 0x0000000100000000-0x000000047fffffff] usable
[    0.000000] NX (Execute Disable) protection: active
[    0.000000] APIC: Static calls initialized
[    0.000000] SMBIOS 2.8 present.
[    0.000000] DMI: QEMU Standard PC (Q35 + ICH9, 2009), BIOS rel-1.17.0-0-gb52ca86e094d-prebuilt.qemu.org 04/01/2014
[    0.000000] DMI: Memory slots populated: 1/1
[    0.000000] Hypervisor detected: KVM
[    0.000000] last_pfn = 0x7ffdc max_arch_pfn = 0x400000000
[    0.000000] kvm-clock: Using msrs 4b564d01 and 4b564d00
[    0.000000] kvm-clock: using sched offset of 304836278 cycles
[    0.000002] clocksource: kvm-clock: mask: 0xffffffffffffffff max_cycles: 0x1cd42e4dffb, max_idle_ns: 881590591483 ns
[    0.000004] tsc: Detected 2000.000 MHz processor
[    0.000421] last_pfn = 0x480000 max_arch_pfn = 0x400000000
[    0.000454] MTRR map: 4 entries (3 fixed + 1 variable; max 19), built from 8 variable MTRRs
[    0.000456] x86/PAT: Configuration [0-7]: WB  WC  UC- UC  WB  WP  UC- WT  
[    0.000497] last_pfn = 0x7ffdc max_arch_pfn = 0x400000000
[    0.003260] found SMP MP-table at [mem 0x000f54b0-0x000f54bf]
[    0.003717] ACPI: Early table checksum verification disabled
[    0.003721] ACPI: RSDP 0x00000000000F52B0 000014 (v00 BOCHS )
[    0.003729] ACPI: RSDT 0x000000007FFE377B 000040 (v01 BOCHS  BXPC     00000001 BXPC 00000001)
[    0.003744] ACPI: FACP 0x000000007FFE3407 0000F4 (v03 BOCHS  BXPC     00000001 BXPC 00000001)
[    0.003747] ACPI: DSDT 0x000000007FFE0040 0033C7 (v01 BOCHS  BXPC     00000001 BXPC 00000001)
[    0.003749] ACPI: FACS 0x000000007FFE0000 000040
[    0.003751] ACPI: APIC 0x000000007FFE34FB 000090 (v03 BOCHS  BXPC     00000001 BXPC 00000001)
[    0.003752] ACPI: HPET 0x000000007FFE358B 000038 (v01 BOCHS  BXPC     00000001 BXPC 00000001)
[    0.003754] ACPI: SRAT 0x000000007FFE35C3 000110 (v01 BOCHS  BXPC     00000001 BXPC 00000001)
[    0.003756] ACPI: MCFG 0x000000007FFE36D3 00003C (v01 BOCHS  BXPC     00000001 BXPC 00000001)
[    0.003757] ACPI: CEDT 0x000000007FFE370F 000044 (v01 BOCHS  BXPC     00000001 BXPC 00000001)
[    0.003759] ACPI: WAET 0x000000007FFE3753 000028 (v01 BOCHS  BXPC     00000001 BXPC 00000001)
[    0.003760] ACPI: Reserving FACP table memory at [mem 0x7ffe3407-0x7ffe34fa]
[    0.003761] ACPI: Reserving DSDT table memory at [mem 0x7ffe0040-0x7ffe3406]
[    0.003762] ACPI: Reserving FACS table memory at [mem 0x7ffe0000-0x7ffe003f]
[    0.003762] ACPI: Reserving APIC table memory at [mem 0x7ffe34fb-0x7ffe358a]
[    0.003763] ACPI: Reserving HPET table memory at [mem 0x7ffe358b-0x7ffe35c2]
[    0.003763] ACPI: Reserving SRAT table memory at [mem 0x7ffe35c3-0x7ffe36d2]
[    0.003763] ACPI: Reserving MCFG table memory at [mem 0x7ffe36d3-0x7ffe370e]
[    0.003764] ACPI: Reserving CEDT table memory at [mem 0x7ffe370f-0x7ffe3752]
[    0.003764] ACPI: Reserving WAET table memory at [mem 0x7ffe3753-0x7ffe377a]
[    0.003818] ACPI: SRAT: Node 0 PXM 0 [mem 0x00000000-0x0009ffff]
[    0.003819] ACPI: SRAT: Node 0 PXM 0 [mem 0x00100000-0x7fffffff]
[    0.003820] ACPI: SRAT: Node 0 PXM 0 [mem 0x100000000-0x47fffffff]
[    0.003820] ACPI: SRAT: Node 0 PXM 0 [mem 0x480000000-0xa7fffffff] hotplug
[    0.003823] NUMA: Node 0 [mem 0x00001000-0x0009ffff] + [mem 0x00100000-0x7fffffff] -> [mem 0x00001000-0x7fffffff]
[    0.003824] NUMA: Node 0 [mem 0x00001000-0x7fffffff] + [mem 0x100000000-0x47fffffff] -> [mem 0x00001000-0x47fffffff]
[    0.003829] NODE_DATA(0) allocated [mem 0x47ffd2500-0x47fffcfff]
[    0.003928] Zone ranges:
[    0.003928]   DMA      [mem 0x0000000000001000-0x0000000000ffffff]
[    0.003929]   DMA32    [mem 0x0000000001000000-0x00000000ffffffff]
[    0.003930]   Normal   [mem 0x0000000100000000-0x000000047fffffff]
[    0.003931]   Device   empty
[    0.003932] Movable zone start for each node
[    0.003933] Early memory node ranges
[    0.003933]   node   0: [mem 0x0000000000001000-0x000000000009efff]
[    0.003934]   node   0: [mem 0x0000000000100000-0x000000007ffdbfff]
[    0.003935]   node   0: [mem 0x0000000100000000-0x000000047fffffff]
[    0.003936] Initmem setup node 0 [mem 0x0000000000001000-0x000000047fffffff]
[    0.004188] On node 0, zone DMA: 1 pages in unavailable ranges
[    0.004214] On node 0, zone DMA: 97 pages in unavailable ranges
[    0.047745] On node 0, zone Normal: 36 pages in unavailable ranges
[    0.048080] ACPI: PM-Timer IO Port: 0x608
[    0.048091] ACPI: LAPIC_NMI (acpi_id[0xff] dfl dfl lint[0x1])
[    0.048125] IOAPIC[0]: apic_id 0, version 17, address 0xfec00000, GSI 0-23
[    0.048128] ACPI: INT_SRC_OVR (bus 0 bus_irq 0 global_irq 2 dfl dfl)
[    0.048129] ACPI: INT_SRC_OVR (bus 0 bus_irq 5 global_irq 5 high level)
[    0.048130] ACPI: INT_SRC_OVR (bus 0 bus_irq 9 global_irq 9 high level)
[    0.048130] ACPI: INT_SRC_OVR (bus 0 bus_irq 10 global_irq 10 high level)
[    0.048131] ACPI: INT_SRC_OVR (bus 0 bus_irq 11 global_irq 11 high level)
[    0.048133] ACPI: Using ACPI (MADT) for SMP configuration information
[    0.048134] ACPI: HPET id: 0x8086a201 base: 0xfed00000
[    0.048139] CPU topo: Max. logical packages:   1
[    0.048139] CPU topo: Max. logical dies:       1
[    0.048140] CPU topo: Max. dies per package:   1
[    0.048142] CPU topo: Max. threads per core:   1
[    0.048142] CPU topo: Num. cores per package:     4
[    0.048142] CPU topo: Num. threads per package:   4
[    0.048143] CPU topo: Allowing 4 present CPUs plus 0 hotplug CPUs
[    0.048157] kvm-guest: APIC: eoi() replaced with kvm_guest_apic_eoi_write()
[    0.048168] PM: hibernation: Registered nosave memory: [mem 0x00000000-0x00000fff]
[    0.048170] PM: hibernation: Registered nosave memory: [mem 0x0009f000-0x000fffff]
[    0.048170] PM: hibernation: Registered nosave memory: [mem 0x7ffdc000-0xffffffff]
[    0.048172] [mem 0xc0000000-0xfed1bfff] available for PCI devices
[    0.048172] Booting paravirtualized kernel on KVM
[    0.048174] clocksource: refined-jiffies: mask: 0xffffffff max_cycles: 0xffffffff, max_idle_ns: 1910969940391419 ns
[    0.048181] setup_percpu: NR_CPUS:8192 nr_cpumask_bits:4 nr_cpu_ids:4 nr_node_ids:1
[    0.048547] percpu: Embedded 84 pages/cpu s221184 r8192 d114688 u524288
[    0.048578] kvm-guest: PV spinlocks disabled, no host support
[    0.048579] Kernel command line: root=/dev/vda rw console=ttyS0,115200 nokaslr systemd.mask=cxl-numa-setup.service
[    0.048618] Unknown kernel command line parameters "nokaslr", will be passed to user space.
[    0.048621] printk: log buffer data + meta data: 262144 + 917504 = 1179648 bytes
[    0.051198] Dentry cache hash table entries: 2097152 (order: 12, 16777216 bytes, linear)
[    0.052465] Inode-cache hash table entries: 1048576 (order: 11, 8388608 bytes, linear)
[    0.052515] software IO TLB: area num 4.
[    0.066493] Fallback order for Node 0: 0 
[    0.066497] Built 1 zonelists, mobility grouping on.  Total pages: 4194170
[    0.066497] Policy zone: Normal
[    0.066503] mem auto-init: stack:all(zero), heap alloc:on, heap free:off
[    0.107374] SLUB: HWalign=64, Order=0-3, MinObjects=0, CPUs=4, Nodes=1
[    0.120888] ftrace: allocating 57259 entries in 224 pages
[    0.120892] ftrace: allocated 224 pages with 3 groups
[    0.121929] Dynamic Preempt: voluntary
[    0.122321] rcu: Preemptible hierarchical RCU implementation.
[    0.122323] rcu: 	RCU restricting CPUs from NR_CPUS=8192 to nr_cpu_ids=4.
[    0.122325] 	Trampoline variant of Tasks RCU enabled.
[    0.122325] 	Rude variant of Tasks RCU enabled.
[    0.122325] 	Tracing variant of Tasks RCU enabled.
[    0.122326] rcu: RCU calculated value of scheduler-enlistment delay is 100 jiffies.
[    0.122327] rcu: Adjusting geometry for rcu_fanout_leaf=16, nr_cpu_ids=4
[    0.122335] RCU Tasks: Setting shift to 2 and lim to 1 rcu_task_cb_adjust=1 rcu_task_cpu_ids=4.
[    0.122337] RCU Tasks Rude: Setting shift to 2 and lim to 1 rcu_task_cb_adjust=1 rcu_task_cpu_ids=4.
[    0.122338] RCU Tasks Trace: Setting shift to 2 and lim to 1 rcu_task_cb_adjust=1 rcu_task_cpu_ids=4.
[    0.125885] NR_IRQS: 524544, nr_irqs: 456, preallocated irqs: 16
[    0.126107] rcu: srcu_init: Setting srcu_struct sizes based on contention.
[    0.133817] Console: colour VGA+ 80x25
[    0.133858] printk: legacy console [ttyS0] enabled
[    0.217937] ACPI: Core revision 20250807
[    0.218558] clocksource: hpet: mask: 0xffffffff max_cycles: 0xffffffff, max_idle_ns: 19112604467 ns
[    0.219662] APIC: Switch to symmetric I/O mode setup
[    0.220456] x2apic enabled
[    0.221049] APIC: Switched APIC routing to: physical x2apic
[    0.222568] ..TIMER: vector=0x30 apic1=0 pin1=2 apic2=-1 pin2=-1
[    0.223241] clocksource: tsc-early: mask: 0xffffffffffffffff max_cycles: 0x39a85c9bff6, max_idle_ns: 881590591483 ns
[    0.224351] Calibrating delay loop (skipped) preset value.. 4000.00 BogoMIPS (lpj=2000000)
[    0.225510] Last level iTLB entries: 4KB 0, 2MB 0, 4MB 0
[    0.226349] Last level dTLB entries: 4KB 0, 2MB 0, 4MB 0, 1GB 0
[    0.226974] mitigations: Enabled attack vectors: SMT mitigations: off
[    0.227349] Speculative Store Bypass: Vulnerable
[    0.228349] Spectre V2 : Vulnerable
[    0.228711] ITS: Vulnerable
[    0.229000] MDS: Vulnerable
[    0.229349] Spectre V1 : Vulnerable: __user pointer sanitization and usercopy barriers only; no swapgs barriers
[    0.230370] x86/fpu: Supporting XSAVE feature 0x001: 'x87 floating point registers'
[    0.231349] x86/fpu: Supporting XSAVE feature 0x002: 'SSE registers'
[    0.231997] x86/fpu: Supporting XSAVE feature 0x004: 'AVX registers'
[    0.232349] x86/fpu: Supporting XSAVE feature 0x020: 'AVX-512 opmask'
[    0.233349] x86/fpu: Supporting XSAVE feature 0x040: 'AVX-512 Hi256'
[    0.234001] x86/fpu: Supporting XSAVE feature 0x080: 'AVX-512 ZMM_Hi256'
[    0.234349] x86/fpu: xstate_offset[2]:  576, xstate_sizes[2]:  256
[    0.235349] x86/fpu: xstate_offset[5]: 1088, xstate_sizes[5]:   64
[    0.235984] x86/fpu: xstate_offset[6]: 1152, xstate_sizes[6]:  512
[    0.236349] x86/fpu: xstate_offset[7]: 1664, xstate_sizes[7]: 1024
[    0.237349] x86/fpu: Enabled xstate features 0xe7, context size is 2688 bytes, using 'standard' format.
[    0.241897] Freeing SMP alternatives memory: 52K
[    0.242348] pid_max: default: 32768 minimum: 301
[    0.242640] LSM: initializing lsm=lockdown,capability,landlock,yama,apparmor,ima,evm
[    0.243497] landlock: Up and running.
[    0.244349] Yama: becoming mindful.
[    0.244824] AppArmor: AppArmor initialized
[    0.245559] Mount-cache hash table entries: 32768 (order: 6, 262144 bytes, linear)
[    0.246651] Mountpoint-cache hash table entries: 32768 (order: 6, 262144 bytes, linear)
[    0.350910] smpboot: CPU0: Intel QEMU Virtual CPU version 2.5+ (family: 0xf, model: 0x6b, stepping: 0x1)
[    0.351535] Performance Events: unsupported Netburst CPU model 107 no PMU driver, software events only.
[    0.352365] signal: max sigframe size: 3632
[    0.352850] rcu: Hierarchical SRCU implementation.
[    0.353349] rcu: 	Max phase no-delay instances is 400.
[    0.353931] Timer migration: 1 hierarchy levels; 8 children per group; 1 crossnode level
[    0.354534] NMI watchdog: Perf NMI watchdog permanently disabled
[    0.355402] smp: Bringing up secondary CPUs ...
[    0.355983] smpboot: x86: Booting SMP configuration:
[    0.356350] .... node  #0, CPUs:      #1 #2 #3
[    0.363439] smp: Brought up 1 node, 4 CPUs
[    0.364763] smpboot: Total of 4 processors activated (16000.00 BogoMIPS)
[    0.365709] Memory: 16366244K/16776680K available (20473K kernel code, 4645K rwdata, 13656K rodata, 3056K init, 4384K bss, 402368K reserved, 0K cma-reserved)
[    0.367489] devtmpfs: initialized
[    0.367783] x86/mm: Memory block size: 128MB
[    0.370369] clocksource: jiffies: mask: 0xffffffff max_cycles: 0xffffffff, max_idle_ns: 1911260446275000 ns
[    0.371365] posixtimers hash table entries: 2048 (order: 3, 32768 bytes, linear)
[    0.372164] futex hash table entries: 1024 (65536 bytes on 1 NUMA nodes, total 64 KiB, linear).
[    0.373574] pinctrl core: initialized pinctrl subsystem
[    0.374272] PM: RTC time: 21:26:33, date: 2026-04-29
[    0.376034] NET: Registered PF_NETLINK/PF_ROUTE protocol family
[    0.376863] DMA: preallocated 2048 KiB GFP_KERNEL pool for atomic allocations
[    0.377579] DMA: preallocated 2048 KiB GFP_KERNEL|GFP_DMA pool for atomic allocations
[    0.379403] DMA: preallocated 2048 KiB GFP_KERNEL|GFP_DMA32 pool for atomic allocations
[    0.380313] audit: initializing netlink subsys (disabled)
[    0.381359] audit: type=2000 audit(1777497994.104:1): state=initialized audit_enabled=0 res=1
[    0.381463] thermal_sys: Registered thermal governor 'fair_share'
[    0.382349] thermal_sys: Registered thermal governor 'bang_bang'
[    0.383349] thermal_sys: Registered thermal governor 'step_wise'
[    0.384005] thermal_sys: Registered thermal governor 'user_space'
[    0.384349] thermal_sys: Registered thermal governor 'power_allocator'
[    0.385361] cpuidle: using governor ladder
[    0.386355] cpuidle: using governor menu
[    0.386912] acpiphp: ACPI Hot Plug PCI Controller Driver version: 0.5
[    0.387580] PCI: ECAM [mem 0xb0000000-0xbfffffff] (base 0xb0000000) for domain 0000 [bus 00-ff]
[    0.388351] PCI: ECAM [mem 0xb0000000-0xbfffffff] reserved as E820 entry
[    0.389358] PCI: Using configuration type 1 for base access
[    0.390688] kprobes: kprobe jump-optimization is enabled. All kprobes are optimized if possible.
[    0.395430] HugeTLB: registered 2.00 MiB page size, pre-allocated 0 pages
[    0.397352] HugeTLB: 28 KiB vmemmap can be freed for a 2.00 MiB page
[    0.404496] ACPI: Added _OSI(Module Device)
[    0.405053] ACPI: Added _OSI(Processor Device)
[    0.405351] ACPI: Added _OSI(Processor Aggregator Device)
[    0.407845] ACPI: 1 ACPI AML tables successfully acquired and loaded
[    0.416900] ACPI: Interpreter enabled
[    0.417373] ACPI: PM: (supports S0 S3 S4 S5)
[    0.417870] ACPI: Using IOAPIC for interrupt routing
[    0.418453] PCI: Using host bridge windows from ACPI; if necessary, use "pci=nocrs" and report a bug
[    0.419353] PCI: Using E820 reservations for host bridge windows
[    0.420479] ACPI: Enabled 3 GPEs in block 00 to 3F
[    0.423193] ACPI: PCI Root Bridge [PCI0] (domain 0000 [bus 00-0b])
[    0.424353] acpi PNP0A08:00: _OSC: OS supports [ExtendedConfig ASPM ClockPM Segments MSI EDR HPX-Type3]
[    0.425381] acpi PNP0A08:00: _OSC: platform does not support [PCIeHotplug LTR DPC]
[    0.426387] acpi PNP0A08:00: _OSC: OS now controls [SHPCHotplug PME AER PCIeCapability]
[    0.427493] PCI host bridge to bus 0000:00
[    0.427963] pci_bus 0000:00: root bus resource [io  0x0000-0x0cf7 window]
[    0.428349] pci_bus 0000:00: root bus resource [io  0x0d00-0xffff window]
[    0.429349] pci_bus 0000:00: root bus resource [mem 0x000a0000-0x000bffff window]
[    0.430349] pci_bus 0000:00: root bus resource [mem 0x80000000-0xafffffff window]
[    0.431161] pci_bus 0000:00: root bus resource [mem 0xc0000000-0xfe1fffff window]
[    0.431349] pci_bus 0000:00: root bus resource [mem 0xac0040000-0xaffffffff window]
[    0.432349] pci_bus 0000:00: root bus resource [mem 0x1300000000-0x1affffffff window]
[    0.433350] pci_bus 0000:00: root bus resource [bus 00-0b]
[    0.433399] pci 0000:00:00.0: [8086:29c0] type 00 class 0x060000 conventional PCI endpoint
[    0.434743] pci 0000:00:01.0: [1234:1111] type 00 class 0x030000 conventional PCI endpoint
[    0.438373] pci 0000:00:01.0: BAR 0 [mem 0xfd000000-0xfdffffff pref]
[    0.439363] pci 0000:00:01.0: BAR 2 [mem 0xfea50000-0xfea50fff]
[    0.440042] pci 0000:00:01.0: ROM [mem 0xfea40000-0xfea4ffff pref]
[    0.440395] pci 0000:00:01.0: Video device with shadowed ROM at [mem 0x000c0000-0x000dffff]
[    0.441600] pci 0000:00:02.0: [1af4:1000] type 00 class 0x020000 conventional PCI endpoint
[    0.444366] pci 0000:00:02.0: BAR 0 [io  0xc0c0-0xc0df]
[    0.445087] pci 0000:00:02.0: BAR 1 [mem 0xfea51000-0xfea51fff]
[    0.446373] pci 0000:00:02.0: BAR 4 [mem 0x1300000000-0x1300003fff 64bit pref]
[    0.447355] pci 0000:00:02.0: ROM [mem 0xfea00000-0xfea3ffff pref]
[    0.447765] pci 0000:00:03.0: [1af4:1005] type 00 class 0x00ff00 conventional PCI endpoint
[    0.451367] pci 0000:00:03.0: BAR 0 [io  0xc0e0-0xc0ff]
[    0.453357] pci 0000:00:03.0: BAR 1 [mem 0xfea52000-0xfea52fff]
[    0.453373] pci 0000:00:03.0: BAR 4 [mem 0x1300004000-0x1300007fff 64bit pref]
[    0.454810] pci 0000:00:04.0: [1af4:1001] type 00 class 0x010000 conventional PCI endpoint
[    0.457365] pci 0000:00:04.0: BAR 0 [io  0xc000-0xc07f]
[    0.458091] pci 0000:00:04.0: BAR 1 [mem 0xfea53000-0xfea53fff]
[    0.459374] pci 0000:00:04.0: BAR 4 [mem 0x1300008000-0x130000bfff 64bit pref]
[    0.460875] pci 0000:00:05.0: [1b36:000b] type 00 class 0x060000 conventional PCI endpoint
[    0.468084] pci 0000:00:1f.0: [8086:2918] type 00 class 0x060100 conventional PCI endpoint
[    0.469665] pci 0000:00:1f.0: quirk: [io  0x0600-0x067f] claimed by ICH6 ACPI/GPIO/TCO
[    0.470533] pci 0000:00:1f.2: [8086:2922] type 00 class 0x010601 conventional PCI endpoint
[    0.472946] pci 0000:00:1f.2: BAR 4 [io  0xc100-0xc11f]
[    0.473359] pci 0000:00:1f.2: BAR 5 [mem 0xfea54000-0xfea54fff]
[    0.474701] pci 0000:00:1f.3: [8086:2930] type 00 class 0x0c0500 conventional PCI endpoint
[    0.475720] pci 0000:00:1f.3: BAR 4 [io  0x0700-0x073f]
[    0.476673] ACPI: PCI: Interrupt link LNKA configured for IRQ 10
[    0.477404] ACPI: PCI: Interrupt link LNKB configured for IRQ 10
[    0.478131] ACPI: PCI: Interrupt link LNKC configured for IRQ 11
[    0.479401] ACPI: PCI: Interrupt link LNKD configured for IRQ 11
[    0.479401] ACPI: PCI: Interrupt link LNKE configured for IRQ 10
[    0.480097] ACPI: PCI: Interrupt link LNKF configured for IRQ 10
[    0.481401] ACPI: PCI: Interrupt link LNKG configured for IRQ 11
[    0.482400] ACPI: PCI: Interrupt link LNKH configured for IRQ 11
[    0.483075] ACPI: PCI: Interrupt link GSIA configured for IRQ 16
[    0.483354] ACPI: PCI: Interrupt link GSIB configured for IRQ 17
[    0.484354] ACPI: PCI: Interrupt link GSIC configured for IRQ 18
[    0.485010] ACPI: PCI: Interrupt link GSID configured for IRQ 19
[    0.485354] ACPI: PCI: Interrupt link GSIE configured for IRQ 20
[    0.486354] ACPI: PCI: Interrupt link GSIF configured for IRQ 21
[    0.487011] ACPI: PCI: Interrupt link GSIG configured for IRQ 22
[    0.487354] ACPI: PCI: Interrupt link GSIH configured for IRQ 23
[    0.487717] ACPI: PCI Root Bridge [CL0C] (domain 0000 [bus 0c-10])
[    0.489352] acpi ACPI0016:00: _OSC: OS supports [ExtendedConfig ASPM ClockPM Segments MSI EDR HPX-Type3]
[    0.490350] acpi ACPI0016:00: _OSC: OS supports [CXL11PortRegAccess CXL20PortDevRegAccess CXLProtocolErrorReporting CXLNativeHot]
[    0.491396] acpi ACPI0016:00: _OSC: platform does not support [LTR DPC]
[    0.492416] acpi ACPI0016:00: _OSC: OS now controls [PCIeHotplug SHPCHotplug PME AER PCIeCapability]
[    0.493349] acpi ACPI0016:00: _OSC: OS now controls [CXLMemErrorReporting]
[    0.493375] PCI host bridge to bus 0000:0c
[    0.493802] pci_bus 0000:0c: root bus resource [mem 0xfe200000-0xfe9fffff window]
[    0.495349] pci_bus 0000:0c: root bus resource [mem 0xac0000000-0xac003ffff window]
[    0.495349] pci_bus 0000:0c: root bus resource [mem 0xb00000000-0x12ffffffff window]
[    0.496176] pci_bus 0000:0c: root bus resource [bus 0c-10]
[    0.497518] pci 0000:0c:00.0: [8086:7075] type 01 class 0x060400 PCIe Root Port
[    0.501043] pci 0000:0c:00.0: BAR 0 [mem 0xac0000000-0xac000ffff 64bit]
[    0.501365] pci 0000:0c:00.0: PCI bridge to [bus 0d]
[    0.502379] pci 0000:0c:00.0:   bridge window [mem 0xfe800000-0xfe9fffff]
[    0.503222] pci 0000:0c:00.0:   bridge window [mem 0x1100000000-0x12ffffffff 64bit pref]
[    0.505411] pci 0000:0c:00.0: enabling Extended Tags
[    0.506437] pci 0000:0c:01.0: [8086:7075] type 01 class 0x060400 PCIe Root Port
[    0.508799] pci 0000:0c:01.0: BAR 0 [mem 0xac0010000-0xac001ffff 64bit]
[    0.510365] pci 0000:0c:01.0: PCI bridge to [bus 0e]
[    0.510947] pci 0000:0c:01.0:   bridge window [mem 0xfe600000-0xfe7fffff]
[    0.512700] pci 0000:0c:01.0:   bridge window [mem 0xf00000000-0x10ffffffff 64bit pref]
[    0.513410] pci 0000:0c:01.0: enabling Extended Tags
[    0.514368] pci 0000:0c:02.0: [8086:7075] type 01 class 0x060400 PCIe Root Port
[    0.518376] pci 0000:0c:02.0: BAR 0 [mem 0xac0020000-0xac002ffff 64bit]
[    0.518376] pci 0000:0c:02.0: PCI bridge to [bus 0f]
[    0.518942] pci 0000:0c:02.0:   bridge window [mem 0xfe400000-0xfe5fffff]
[    0.520485] pci 0000:0c:02.0:   bridge window [mem 0xd00000000-0xeffffffff 64bit pref]
[    0.521410] pci 0000:0c:02.0: enabling Extended Tags
[    0.522973] pci 0000:0c:03.0: [8086:7075] type 01 class 0x060400 PCIe Root Port
[    0.526391] pci 0000:0c:03.0: BAR 0 [mem 0xac0030000-0xac003ffff 64bit]
[    0.528364] pci 0000:0c:03.0: PCI bridge to [bus 10]
[    0.529379] pci 0000:0c:03.0:   bridge window [mem 0xfe200000-0xfe3fffff]
[    0.530042] pci 0000:0c:03.0:   bridge window [mem 0xb00000000-0xcffffffff 64bit pref]
[    0.531412] pci 0000:0c:03.0: enabling Extended Tags
[    0.540091] pci 0000:0d:00.0: [8086:0d92] type 00 class 0x050210 PCIe Endpoint
[    0.543378] pci 0000:0d:00.0: BAR 0 [mem 0xfe800000-0xfe80ffff 64bit]
[    0.543378] pci 0000:0d:00.0: BAR 2 [mem 0x1200000000-0x1207ffffff 64bit pref]
[    0.544168] pci 0000:0d:00.0: BAR 4 [mem 0x1100000000-0x11ffffffff 64bit pref]
[    0.545356] pci 0000:0d:00.0: ROM [mem 0xfe810000-0xfe810fff pref]
[    0.546386] pci 0000:0d:00.0: enabling Extended Tags
[    0.547129] pci 0000:0c:00.0: PCI bridge to [bus 0d]
[    0.549182] pci 0000:0e:00.0: [8086:0d92] type 00 class 0x050210 PCIe Endpoint
[    0.552378] pci 0000:0e:00.0: BAR 0 [mem 0xfe600000-0xfe60ffff 64bit]
[    0.552378] pci 0000:0e:00.0: BAR 2 [mem 0x1000000000-0x1007ffffff 64bit pref]
[    0.553151] pci 0000:0e:00.0: BAR 4 [mem 0xf00000000-0xfffffffff 64bit pref]
[    0.554356] pci 0000:0e:00.0: ROM [mem 0xfe610000-0xfe610fff pref]
[    0.555386] pci 0000:0e:00.0: enabling Extended Tags
[    0.556016] pci 0000:0c:01.0: PCI bridge to [bus 0e]
[    0.557480] pci 0000:0f:00.0: [8086:0d92] type 00 class 0x050210 PCIe Endpoint
[    0.561378] pci 0000:0f:00.0: BAR 0 [mem 0xfe400000-0xfe40ffff 64bit]
[    0.562363] pci 0000:0f:00.0: BAR 2 [mem 0xe00000000-0xe07ffffff 64bit pref]
[    0.563361] pci 0000:0f:00.0: BAR 4 [mem 0xd00000000-0xdffffffff 64bit pref]
[    0.564137] pci 0000:0f:00.0: ROM [mem 0xfe410000-0xfe410fff pref]
[    0.564389] pci 0000:0f:00.0: enabling Extended Tags
[    0.565416] pci 0000:0c:02.0: PCI bridge to [bus 0f]
[    0.566604] pci 0000:10:00.0: [8086:0d92] type 00 class 0x050210 PCIe Endpoint
[    0.569196] pci 0000:10:00.0: BAR 0 [mem 0xfe200000-0xfe20ffff 64bit]
[    0.570367] pci 0000:10:00.0: BAR 2 [mem 0xc00000000-0xc07ffffff 64bit pref]
[    0.572362] pci 0000:10:00.0: BAR 4 [mem 0xb00000000-0xbffffffff 64bit pref]
[    0.573356] pci 0000:10:00.0: ROM [mem 0xfe210000-0xfe210fff pref]
[    0.574062] pci 0000:10:00.0: enabling Extended Tags
[    0.574643] pci 0000:0c:03.0: PCI bridge to [bus 10]
[    0.578449] iommu: Default domain type: Translated
[    0.578449] iommu: DMA domain TLB invalidation policy: lazy mode
[    0.579480] SCSI subsystem initialized
[    0.580384] ACPI: bus type USB registered
[    0.580384] usbcore: registered new interface driver usbfs
[    0.580970] usbcore: registered new interface driver hub
[    0.582355] usbcore: registered new device driver usb
[    0.582928] pps_core: LinuxPPS API ver. 1 registered
[    0.584349] pps_core: Software ver. 5.3.6 - Copyright 2005-2007 Rodolfo Giometti <giometti@linux.it>
[    0.585351] PTP clock support registered
[    0.585809] EDAC MC: Ver: 3.0.0
[    0.587400] NetLabel: Initializing
[    0.587854] NetLabel:  domain hash size = 128
[    0.587854] NetLabel:  protocols = UNLABELED CIPSOv4 CALIPSO
[    0.587978] NetLabel:  unlabeled traffic allowed by default
[    0.589382] mctp: management component transport protocol core
[    0.589382] NET: Registered PF_MCTP protocol family
[    0.589904] PCI: Using ACPI for IRQ routing
[    0.716653] pci 0000:00:01.0: BAR 2 [mem 0xfea50000-0xfea50fff]: can't claim; no compatible bridge window
[    0.718359] pci 0000:00:02.0: BAR 1 [mem 0xfea51000-0xfea51fff]: can't claim; no compatible bridge window
[    0.719356] pci 0000:00:03.0: BAR 1 [mem 0xfea52000-0xfea52fff]: can't claim; no compatible bridge window
[    0.720356] pci 0000:00:04.0: BAR 1 [mem 0xfea53000-0xfea53fff]: can't claim; no compatible bridge window
[    0.721369] pci 0000:00:1f.2: BAR 5 [mem 0xfea54000-0xfea54fff]: can't claim; no compatible bridge window
[    0.722549] pci 0000:00:01.0: vgaarb: setting as boot VGA device
[    0.722986] pci 0000:00:01.0: vgaarb: bridge control possible
[    0.723348] pci 0000:00:01.0: vgaarb: VGA device added: decodes=io+mem,owns=io+mem,locks=none
[    0.724352] vgaarb: loaded
[    0.724638] hpet: 3 channels of 0 reserved for per-cpu timers
[    0.725002] hpet0: at MMIO 0xfed00000, IRQs 2, 8, 0
[    0.726349] hpet0: 3 comparators, 64-bit 100.000000 MHz counter
[    0.731404] clocksource: Switched to clocksource kvm-clock
[    0.732483] VFS: Disk quotas dquot_6.6.0
[    0.732901] VFS: Dquot-cache hash table entries: 512 (order 0, 4096 bytes)
[    0.734553] AppArmor: AppArmor Filesystem Enabled
[    0.735094] pnp: PnP ACPI init
[    0.735526] system 00:05: [mem 0xb0000000-0xbfffffff window] has been reserved
[    0.736640] pnp: PnP ACPI: found 6 devices
[    0.745599] clocksource: acpi_pm: mask: 0xffffff max_cycles: 0xffffff, max_idle_ns: 2085701024 ns
[    0.746708] NET: Registered PF_INET protocol family
[    0.747685] IP idents hash table entries: 262144 (order: 9, 2097152 bytes, linear)
[    0.760406] tcp_listen_portaddr_hash hash table entries: 8192 (order: 5, 131072 bytes, linear)
[    0.761385] Table-perturb hash table entries: 65536 (order: 6, 262144 bytes, linear)
[    0.762291] TCP established hash table entries: 131072 (order: 8, 1048576 bytes, linear)
[    0.763665] TCP bind hash table entries: 65536 (order: 9, 2097152 bytes, linear)
[    0.764714] TCP: Hash tables configured (established 131072 bind 65536)
[    0.765574] MPTCP token hash table entries: 16384 (order: 6, 393216 bytes, linear)
[    0.766492] UDP hash table entries: 8192 (order: 7, 524288 bytes, linear)
[    0.767321] UDP-Lite hash table entries: 8192 (order: 7, 524288 bytes, linear)
[    0.768199] NET: Registered PF_UNIX/PF_LOCAL protocol family
[    0.768796] NET: Registered PF_XDP protocol family
[    0.769441] pci 0000:00:02.0: ROM [mem 0xfea00000-0xfea3ffff pref]: can't claim; no compatible bridge window
[    0.770495] pci 0000:00:02.0: ROM [mem 0x80000000-0x8003ffff pref]: assigned
[    0.771250] pci 0000:00:01.0: BAR 2 [mem 0x80040000-0x80040fff]: assigned
[    0.772668] pci 0000:00:02.0: BAR 1 [mem 0x80041000-0x80041fff]: assigned
[    0.774024] pci 0000:00:03.0: BAR 1 [mem 0x80042000-0x80042fff]: assigned
[    0.775368] pci 0000:00:04.0: BAR 1 [mem 0x80043000-0x80043fff]: assigned
[    0.776747] pci 0000:00:1f.2: BAR 5 [mem 0x80044000-0x80044fff]: assigned
[    0.778168] pci_bus 0000:00: resource 4 [io  0x0000-0x0cf7 window]
[    0.778960] pci_bus 0000:00: resource 5 [io  0x0d00-0xffff window]
[    0.779610] pci_bus 0000:00: resource 6 [mem 0x000a0000-0x000bffff window]
[    0.780366] pci_bus 0000:00: resource 7 [mem 0x80000000-0xafffffff window]
[    0.781097] pci_bus 0000:00: resource 8 [mem 0xc0000000-0xfe1fffff window]
[    0.781803] pci_bus 0000:00: resource 9 [mem 0xac0040000-0xaffffffff window]
[    0.782555] pci_bus 0000:00: resource 10 [mem 0x1300000000-0x1affffffff window]
[    0.784064] pci 0000:0c:00.0: bridge window [io  0x1000-0x0fff] to [bus 0d] add_size 1000
[    0.784901] pci 0000:0c:01.0: bridge window [io  0x1000-0x0fff] to [bus 0e] add_size 1000
[    0.785771] pci 0000:0c:02.0: bridge window [io  0x1000-0x0fff] to [bus 0f] add_size 1000
[    0.786637] pci 0000:0c:03.0: bridge window [io  0x1000-0x0fff] to [bus 10] add_size 1000
[    0.787507] pci 0000:0c:00.0: bridge window [io  size 0x1000]: can't assign; no space
[    0.788340] pci 0000:0c:00.0: bridge window [io  size 0x1000]: failed to assign
[    0.789136] pci 0000:0c:01.0: bridge window [io  size 0x1000]: can't assign; no space
[    0.789975] pci 0000:0c:01.0: bridge window [io  size 0x1000]: failed to assign
[    0.790727] pci 0000:0c:02.0: bridge window [io  size 0x1000]: can't assign; no space
[    0.791562] pci 0000:0c:02.0: bridge window [io  size 0x1000]: failed to assign
[    0.792365] pci 0000:0c:03.0: bridge window [io  size 0x1000]: can't assign; no space
[    0.793187] pci 0000:0c:03.0: bridge window [io  size 0x1000]: failed to assign
[    0.793949] pci 0000:0c:03.0: bridge window [io  size 0x1000]: can't assign; no space
[    0.794782] pci 0000:0c:03.0: bridge window [io  size 0x1000]: failed to assign
[    0.795570] pci 0000:0c:02.0: bridge window [io  size 0x1000]: can't assign; no space
[    0.796414] pci 0000:0c:02.0: bridge window [io  size 0x1000]: failed to assign
[    0.797192] pci 0000:0c:01.0: bridge window [io  size 0x1000]: can't assign; no space
[    0.798026] pci 0000:0c:01.0: bridge window [io  size 0x1000]: failed to assign
[    0.798772] pci 0000:0c:00.0: bridge window [io  size 0x1000]: can't assign; no space
[    0.799603] pci 0000:0c:00.0: bridge window [io  size 0x1000]: failed to assign
[    0.800392] pci 0000:0c:00.0: PCI bridge to [bus 0d]
[    0.801605] pci 0000:0c:00.0:   bridge window [mem 0xfe800000-0xfe9fffff]
[    0.803065] pci 0000:0c:00.0:   bridge window [mem 0x1100000000-0x12ffffffff 64bit pref]
[    0.805506] pci 0000:0c:01.0: PCI bridge to [bus 0e]
[    0.806814] pci 0000:0c:01.0:   bridge window [mem 0xfe600000-0xfe7fffff]
[    0.808278] pci 0000:0c:01.0:   bridge window [mem 0xf00000000-0x10ffffffff 64bit pref]
[    0.810366] pci 0000:0c:02.0: PCI bridge to [bus 0f]
[    0.811970] pci 0000:0c:02.0:   bridge window [mem 0xfe400000-0xfe5fffff]
[    0.813623] pci 0000:0c:02.0:   bridge window [mem 0xd00000000-0xeffffffff 64bit pref]
[    0.816604] pci 0000:0c:03.0: PCI bridge to [bus 10]
[    0.817863] pci 0000:0c:03.0:   bridge window [mem 0xfe200000-0xfe3fffff]
[    0.819259] pci 0000:0c:03.0:   bridge window [mem 0xb00000000-0xcffffffff 64bit pref]
[    0.821092] pci_bus 0000:0c: Some PCI device resources are unassigned, try booting with pci=realloc
[    0.822192] pci_bus 0000:0c: resource 4 [mem 0xfe200000-0xfe9fffff window]
[    0.822934] pci_bus 0000:0c: resource 5 [mem 0xac0000000-0xac003ffff window]
[    0.823665] pci_bus 0000:0c: resource 6 [mem 0xb00000000-0x12ffffffff window]
[    0.824433] pci_bus 0000:0d: resource 0 [io  size 0x1000]
[    0.825031] pci_bus 0000:0d: resource 1 [mem 0xfe800000-0xfe9fffff]
[    0.826871] pci_bus 0000:0d: resource 2 [mem 0x1100000000-0x12ffffffff 64bit pref]
[    0.827684] pci_bus 0000:0e: resource 0 [io  size 0x1000]
[    0.828272] pci_bus 0000:0e: resource 1 [mem 0xfe600000-0xfe7fffff]
[    0.828946] pci_bus 0000:0e: resource 2 [mem 0xf00000000-0x10ffffffff 64bit pref]
[    0.829714] pci_bus 0000:0f: resource 0 [io  size 0x1000]
[    0.830304] pci_bus 0000:0f: resource 1 [mem 0xfe400000-0xfe5fffff]
[    0.830968] pci_bus 0000:0f: resource 2 [mem 0xd00000000-0xeffffffff 64bit pref]
[    0.831731] pci_bus 0000:10: resource 0 [io  size 0x1000]
[    0.832322] pci_bus 0000:10: resource 1 [mem 0xfe200000-0xfe3fffff]
[    0.833002] pci_bus 0000:10: resource 2 [mem 0xb00000000-0xcffffffff 64bit pref]
[    0.833885] PCI: CLS 0 bytes, default 64
[    0.834358] PCI-DMA: Using software bounce buffering for IO (SWIOTLB)
[    0.835041] software IO TLB: mapped [mem 0x000000007bfdc000-0x000000007ffdc000] (64MB)
[    0.835892] clocksource: tsc: mask: 0xffffffffffffffff max_cycles: 0x39a85c9bff6, max_idle_ns: 881590591483 ns
[    0.837670] Initialise system trusted keyrings
[    0.838189] Key type blacklist registered
[    0.838889] workingset: timestamp_bits=36 max_order=22 bucket_order=0
[    0.840915] squashfs: version 4.0 (2009/01/31) Phillip Lougher
[    0.842625] fuse: init (API version 7.45)
[    0.843967] integrity: Platform Keyring initialized
[    0.844500] integrity: Machine keyring initialized
[    0.851120] Key type asymmetric registered
[    0.851544] Asymmetric key parser 'x509' registered
[    0.852112] Block layer SCSI generic (bsg) driver version 0.4 loaded (major 242)
[    0.853475] io scheduler mq-deadline registered
[    0.855783] ledtrig-cpu: registered to indicate activity on CPUs
[    0.856904] ACPI: \_SB_.LNKD: Enabled at IRQ 11
[    0.858398] pcieport 0000:0c:00.0: PME: Signaling with IRQ 24
[    0.860422] pcieport 0000:0c:00.0: AER: enabled with IRQ 24
[    0.861074] pcieport 0000:0c:00.0: pciehp: Slot #0 AttnBtn+ PwrCtrl+ MRL- AttnInd+ PwrInd+ HotPlug+ Surprise+ Interlock+ NoCompl- IbPresDis- LLActRep+ (with Cmd Compl erratum)
[    0.864477] ACPI: \_SB_.LNKA: Enabled at IRQ 10
[    0.865953] pcieport 0000:0c:01.0: PME: Signaling with IRQ 25
[    0.867762] pcieport 0000:0c:01.0: AER: enabled with IRQ 25
[    0.868409] pcieport 0000:0c:01.0: pciehp: Slot #1 AttnBtn+ PwrCtrl+ MRL- AttnInd+ PwrInd+ HotPlug+ Surprise+ Interlock+ NoCompl- IbPresDis- LLActRep+ (with Cmd Compl erratum)
[    0.871721] ACPI: \_SB_.LNKB: Enabled at IRQ 10
[    0.873169] pcieport 0000:0c:02.0: PME: Signaling with IRQ 26
[    0.874524] pcieport 0000:0c:02.0: AER: enabled with IRQ 26
[    0.875160] pcieport 0000:0c:02.0: pciehp: Slot #2 AttnBtn+ PwrCtrl+ MRL- AttnInd+ PwrInd+ HotPlug+ Surprise+ Interlock+ NoCompl- IbPresDis- LLActRep+ (with Cmd Compl erratum)
[    0.878795] ACPI: \_SB_.LNKC: Enabled at IRQ 11
[    0.880213] pcieport 0000:0c:03.0: PME: Signaling with IRQ 27
[    0.881790] pcieport 0000:0c:03.0: AER: enabled with IRQ 27
[    0.882442] pcieport 0000:0c:03.0: pciehp: Slot #3 AttnBtn+ PwrCtrl+ MRL- AttnInd+ PwrInd+ HotPlug+ Surprise+ Interlock+ NoCompl- IbPresDis- LLActRep+ (with Cmd Compl erratum)
[    0.885514] input: Power Button as /devices/LNXSYSTM:00/LNXPWRBN:00/input/input0
[    0.886661] ACPI: button: Power Button [PWRF]
[    0.889145] ACPI: \_SB_.GSIG: Enabled at IRQ 22
[    0.890666] ACPI: \_SB_.GSIH: Enabled at IRQ 23
[    0.892157] ACPI: \_SB_.GSIE: Enabled at IRQ 20
[    0.894370] Serial: 8250/16550 driver, 32 ports, IRQ sharing enabled
[    0.927876] 00:03: ttyS0 at I/O 0x3f8 (irq = 4, base_baud = 115200) is a 16550A
[    0.932824] Linux agpgart interface v0.103
[    0.933369] ACPI: bus type drm_connector registered
[    0.936881] loop: module loaded
[    0.937452] virtio_blk virtio2: 4/0/0 default/read/poll queues
[    0.939043] virtio_blk virtio2: [vda] 104857600 512-byte logical blocks (53.7 GB/50.0 GiB)
[    0.941602] tun: Universal TUN/TAP device driver, 1.6
[    0.943500] PPP generic driver version 2.4.2
[    0.944195] i8042: PNP: PS/2 Controller [PNP0303:KBD,PNP0f13:MOU] at 0x60,0x64 irq 1,12
[    0.945658] serio: i8042 KBD port at 0x60,0x64 irq 1
[    0.946205] serio: i8042 AUX port at 0x60,0x64 irq 12
[    0.946913] mousedev: PS/2 mouse device common for all mice
[    0.948035] input: AT Translated Set 2 keyboard as /devices/platform/i8042/serio0/input/input1
[    0.948041] rtc_cmos 00:04: RTC can wake from S4
[    0.952903] rtc_cmos 00:04: registered as rtc0
[    0.955200] rtc_cmos 00:04: setting system clock to 2026-04-29T21:26:34 UTC (1777497994)
[    0.959051] rtc_cmos 00:04: alarms up to one day, y3k, 242 bytes nvram, hpet irqs
[    0.962444] i2c_dev: i2c /dev entries driver
[    0.964457] device-mapper: core: CONFIG_IMA_DISABLE_HTABLE is disabled. Duplicate IMA measurements will not be recorded in the IMA log.
[    0.966871] device-mapper: uevent: version 1.0.3
[    0.967974] device-mapper: ioctl: 4.50.0-ioctl (2025-04-28) initialised: dm-devel@lists.linux.dev
[    0.969371] intel_pstate: CPU model not supported
[    0.970183] drop_monitor: Initializing network drop monitor service
[    0.971445] NET: Registered PF_INET6 protocol family
[    0.972796] Segment Routing with IPv6
[    0.973424] In-situ OAM (IOAM) with IPv6
[    0.974078] NET: Registered PF_PACKET protocol family
[    0.975203] Key type dns_resolver registered
[    0.976900] IPI shorthand broadcast: enabled
[    0.978722] sched_clock: Marking stable (883002373, 95233472)->(982995086, -4759241)
[    0.979910] registered taskstats version 1
[    0.981910] Loading compiled-in X.509 certificates
[    0.983447] Loaded X.509 cert 'Build time autogenerated kernel key: a905e4b6ea12bd1caa75aa6fecf1a1500005ba3b'
[    0.987510] Demotion targets for Node 0: null
[    0.988779] Key type .fscrypt registered
[    0.989248] Key type fscrypt-provisioning registered
[    0.991885] Key type encrypted registered
[    0.992348] AppArmor: AppArmor sha256 policy hashing enabled
[    0.993059] ima: No TPM chip found, activating TPM-bypass!
[    0.993615] Loading compiled-in module X.509 certificates
[    0.994534] Loaded X.509 cert 'Build time autogenerated kernel key: a905e4b6ea12bd1caa75aa6fecf1a1500005ba3b'
[    0.995594] ima: Allocated hash algorithm: sha256
[    0.996139] ima: No architecture policies found
[    0.996629] evm: Initialising EVM extended attributes:
[    0.997194] evm: security.selinux
[    0.997548] evm: security.SMACK64
[    0.997893] evm: security.SMACK64EXEC
[    0.998326] evm: security.SMACK64TRANSMUTE
[    0.998751] evm: security.SMACK64MMAP
[    0.999172] evm: security.apparmor
[    0.999532] evm: security.ima
[    0.999842] evm: security.capability
[    1.000255] evm: HMAC attrs: 0x1
[    1.000878] PM:   Magic number: 6:770:450
[    1.001424]  machinecheck: hash matches
[    1.003432] RAS: Correctable Errors collector initialized.
[    1.008590] clk: Disabling unused clocks
[    1.009077] PM: genpd: Disabling unused power domains
[    1.009942] check access for rdinit=/init failed: -2, ignoring
[    1.010355] md: Waiting for all devices to be available before autodetect
[    1.010829] md: If you don't use raid, use raid=noautodetect
[    1.011282] md: Autodetecting RAID arrays.
[    1.011576] md: autorun ...
[    1.011784] md: ... autorun DONE.
[    1.177575] EXT4-fs (vda): recovery complete
[    1.187128] EXT4-fs (vda): mounted filesystem 412a31d6-761b-4b59-b4f9-53f8a4b8ad2f r/w with ordered data mode. Quota mode: none.
[    1.191046] VFS: Mounted root (ext4 filesystem) on device 253:0.
[    1.194055] devtmpfs: mounted
[    1.201819] Freeing unused decrypted memory: 2036K
[    1.204331] Freeing unused kernel image (initmem) memory: 3056K
[    1.205113] Write protecting the kernel read-only data: 34816k
[    1.206491] Freeing unused kernel image (text/rodata gap) memory: 4K
[    1.207793] Freeing unused kernel image (rodata/data gap) memory: 680K
[    1.218318] x86/mm: Checked W+X mappings: passed, no W+X pages found.
[    1.218764] Run /sbin/init as init process
[    1.284853] systemd[1]: Inserted module 'autofs4'
[    1.291482] random: crng init done
[!p]104[?7h[    1.334073] systemd[1]: systemd 257.7-1 running in system mode (+PAM +AUDIT +SELINUX +APPARMOR +IMA +IPE +SMACK +SECCOMP +GCRYPT -GNUTLS +OPENSSL +ACL +BLKID +CURL +ELFUTILS +FIDO2 +IDN2 -IDN +IPTC +KMOD +LIBCRYPTSETUP +LIBCRYPTSETUP_PLUGINS +LIBFDISK +PCRE2 +PWQUALITY +P11KIT +QRENCODE +TPM2 +BZIP2 +LZ4 +XZ +ZLIB +ZSTD +BPF_FRAMEWORK +BTF -XKBCOMMON -UTMP +SYSVINIT +LIBARCHIVE)
[    1.341993] systemd[1]: Detected virtualization kvm.
[    1.343260] systemd[1]: Detected architecture x86-64.

[0;1;39mWelcome to [0m[1mDebian GNU/Linux 13 (trixie)[0m[0;1;39m![0m

[    1.346942] systemd[1]: Hostname set to <node1>.
[    1.387477] systemd[1]: bpf-restrict-fs: BPF LSM hook not enabled in the kernel, BPF LSM not supported.
[    1.423714] Guest personality initialized and is inactive
[    1.424265] VMCI host device registered (name=vmci, major=10, minor=261)
[    1.424721] Initialized host personality
[    1.432215] NET: Registered PF_VSOCK protocol family
[    1.530462] systemd[1]: Queued start job for default target graphical.target.
[    1.555445] systemd[1]: Created slice system-getty.slice - Slice /system/getty.
[[0;32m  OK  [0m] Created slice [0;1;39msystem-getty.slice[0m - Slice /system/getty.
[    1.557315] systemd[1]: Created slice system-modprobe.slice - Slice /system/modprobe.
[[0;32m  OK  [0m] Created slice [0;1;39msystem-modprobe.slice[0m - Slice /system/modprobe.
[    1.559062] systemd[1]: Created slice system-serial\x2dgetty.slice - Slice /system/serial-getty.
[[0;32m  OK  [0m] Created slice [0;1;39msystem-serial\x2dget…slice[0m - Slice /system/serial-getty.
[    1.560848] systemd[1]: Created slice user.slice - User and Session Slice.
[[0;32m  OK  [0m] Created slice [0;1;39muser.slice[0m - User and Session Slice.
[    1.562309] systemd[1]: Started systemd-ask-password-console.path - Dispatch Password Requests to Console Directory Watch.
[[0;32m  OK  [0m] Started [0;1;39msystemd-ask-password-conso…[0mequests to Console Directory Watch.
[    1.564149] systemd[1]: Started systemd-ask-password-wall.path - Forward Password Requests to Wall Directory Watch.
[[0;32m  OK  [0m] Started [0;1;39msystemd-ask-password-wall.…[0md Requests to Wall Directory Watch.
[    1.565999] systemd[1]: Set up automount proc-sys-fs-binfmt_misc.automount - Arbitrary Executable File Formats File System Automount Point.
[[0;32m  OK  [0m] Set up automount [0;1;39mproc-sys-fs-binfm…[0mormats File System Automount Point.
[    1.567816] systemd[1]: Expecting device dev-ttyS0.device - /dev/ttyS0...
         Expecting device [0;1;39mdev-ttyS0.device[0m - /dev/ttyS0...
[    1.569146] systemd[1]: Reached target paths.target - Path Units.
[[0;32m  OK  [0m] Reached target [0;1;39mpaths.target[0m - Path Units.
[    1.570441] systemd[1]: Reached target slices.target - Slice Units.
[[0;32m  OK  [0m] Reached target [0;1;39mslices.target[0m - Slice Units.
[    1.571492] systemd[1]: Reached target swap.target - Swaps.
[[0;32m  OK  [0m] Reached target [0;1;39mswap.target[0m - Swaps.
[    1.577855] systemd[1]: Listening on rpcbind.socket - RPCbind Server Activation Socket.
[[0;32m  OK  [0m] Listening on [0;1;39mrpcbind.socket[0m - RPCbind Server Activation Socket.
[    1.580251] systemd[1]: Listening on systemd-creds.socket - Credential Encryption/Decryption.
[[0;32m  OK  [0m] Listening on [0;1;39msystemd-creds.socket[0m - Credential Encryption/Decryption.
[    1.581748] systemd[1]: Listening on systemd-initctl.socket - initctl Compatibility Named Pipe.
[[0;32m  OK  [0m] Listening on [0;1;39msystemd-initctl.socke…[0m- initctl Compatibility Named Pipe.
[    1.583332] systemd[1]: Listening on systemd-journald-dev-log.socket - Journal Socket (/dev/log).
[[0;32m  OK  [0m] Listening on [0;1;39msystemd-journald-dev-…socket[0m - Journal Socket (/dev/log).
[    1.584837] systemd[1]: Listening on systemd-journald.socket - Journal Sockets.
[[0;32m  OK  [0m] Listening on [0;1;39msystemd-journald.socket[0m - Journal Sockets.
[    1.586221] systemd[1]: Listening on systemd-networkd.socket - Network Service Netlink Socket.
[[0;32m  OK  [0m] Listening on [0;1;39msystemd-networkd.socket[0m - Network Service Netlink Socket.
[    1.587700] systemd[1]: systemd-pcrextend.socket - TPM PCR Measurements was skipped because of an unmet condition check (ConditionSecurity=measured-uki).
[    1.588730] systemd[1]: systemd-pcrlock.socket - Make TPM PCR Policy was skipped because of an unmet condition check (ConditionSecurity=measured-uki).
[    1.589780] systemd[1]: Listening on systemd-udevd-control.socket - udev Control Socket.
[[0;32m  OK  [0m] Listening on [0;1;39msystemd-udevd-control.socket[0m - udev Control Socket.
[    1.591449] systemd[1]: Listening on systemd-udevd-kernel.socket - udev Kernel Socket.
[[0;32m  OK  [0m] Listening on [0;1;39msystemd-udevd-kernel.socket[0m - udev Kernel Socket.
[    1.594693] systemd[1]: Mounting dev-hugepages.mount - Huge Pages File System...
         Mounting [0;1;39mdev-hugepages.mount[0m - Huge Pages File System...
[    1.597038] systemd[1]: Mounting dev-mqueue.mount - POSIX Message Queue File System...
         Mounting [0;1;39mdev-mqueue.mount[0m - POSIX Message Queue File System...
[    1.599228] systemd[1]: Mounting run-lock.mount - Legacy Locks Directory /run/lock...
         Mounting [0;1;39mrun-lock.mount[0m - Legacy Locks Directory /run/lock...
[    1.601037] systemd[1]: Mounting sys-kernel-debug.mount - Kernel Debug File System...
         Mounting [0;1;39msys-kernel-debug.mount[0m - Kernel Debug File System...
[    1.605083] systemd[1]: Mounting sys-kernel-tracing.mount - Kernel Trace File System...
         Mounting [0;1;39msys-kernel-tracing.mount[0m - Kernel Trace File System...
[    1.608704] systemd[1]: Mounting tmp.mount - Temporary Directory /tmp...
         Mounting [0;1;39mtmp.mount[0m - Temporary Directory /tmp...
[    1.610155] systemd[1]: auth-rpcgss-module.service - Kernel Module supporting RPCSEC_GSS was skipped because of an unmet condition check (ConditionPathExists=/etc/krb5.keytab).
[    1.612412] systemd[1]: Starting kmod-static-nodes.service - Create List of Static Device Nodes...
         Starting [0;1;39mkmod-static-nodes.service[0m…eate List of Static Device Nodes...
[    1.616388] systemd[1]: Starting modprobe@configfs.service - Load Kernel Module configfs...
         Starting [0;1;39mmodprobe@configfs.service[0m - Load Kernel Module configfs...
[    1.618587] systemd[1]: Starting modprobe@drm.service - Load Kernel Module drm...
         Starting [0;1;39mmodprobe@drm.service[0m - Load Kernel Module drm...
[    1.620602] systemd[1]: Starting modprobe@efi_pstore.service - Load Kernel Module efi_pstore...
         Starting [0;1;39mmodprobe@efi_pstore.servi…[0m - Load Kernel Module efi_pstore...
[    1.622700] systemd[1]: Starting modprobe@fuse.service - Load Kernel Module fuse...
         Starting [0;1;39mmodprobe@fuse.service[0m - Load Kernel Module fuse...
[    1.624113] systemd[1]: systemd-hibernate-clear.service - Clear Stale Hibernate Storage Info was skipped because of an unmet condition check (ConditionPathExists=/sys/firmware/efi/efivars/HibernateLocation-8cf2644b-4b0b-428f-9387-6d876050dc67).
[    1.627059] systemd[1]: Starting systemd-journald.service - Journal Service...
         Starting [0;1;39msystemd-journald.service[0m - Journal Service...
[    1.629335] systemd[1]: Starting systemd-modules-load.service - Load Kernel Modules...
         Starting [0;1;39msystemd-modules-load.service[0m - Load Kernel Modules...
[    1.630723] systemd[1]: systemd-pcrmachine.service - TPM PCR Machine ID Measurement was skipped because of an unmet condition check (ConditionSecurity=measured-uki).
[    1.632436] systemd[1]: Starting systemd-remount-fs.service - Remount Root and Kernel File Systems...
         Starting [0;1;39msystemd-remount-fs.servic…[0munt Root and Kernel File Systems...
[    1.634151] systemd[1]: systemd-tpm2-setup-early.service - Early TPM SRK Setup was skipped because of an unmet condition check (ConditionSecurity=measured-uki).
[    1.636660] systemd[1]: Starting systemd-udev-load-credentials.service - Load udev Rules from Credentials...
         Starting [0;1;39msystemd-udev-load-credent…[0mLoad udev Rules from Credentials...
[    1.639599] systemd[1]: Starting systemd-udev-trigger.service - Coldplug All udev Devices...
         Starting [0;1;39msystemd-udev-trigger.service[0m - Coldplug All udev Devices...
[    1.641413] systemd[1]: Mounted dev-hugepages.mount - Huge Pages File System.
[[0;32m  OK  [0m] Mounted [0;1;39mdev-hugepages.mount[0m - Huge Pages File System.
[    1.643099] systemd[1]: Mounted dev-mqueue.mount - POSIX Message Queue File System.
[    1.643189] systemd-journald[138]: Collecting audit messages is disabled.
[[0;32m  OK  [0m] Mounted [0;1;39mdev-mqueue.mount[0m - POSIX Message Queue File System.
[    1.645132] systemd[1]: Mounted run-lock.mount - Legacy Locks Directory /run/lock.
[[0;32m  OK  [0m] Mounted [0;1;39mrun-lock.mount[0m - Legacy Locks Directory /run/lock.
[    1.646483] systemd[1]: Mounted sys-kernel-debug.mount - Kernel Debug File System.
[[0;32m  OK  [0m] Mounted [0;1;39msys-kernel-debug.mount[0m - Kernel Debug File System.
[    1.647815] systemd[1]: Mounted sys-kernel-tracing.mount - Kernel Trace File System.
[[0;32m  OK  [0m] Mounted [0;1;39msys-kernel-tracing.mount[0m - Kernel Trace File System.
[    1.649334] systemd[1]: Mounted tmp.mount - Temporary Directory /tmp.
[[0;32m  OK  [0m] Mounted [0;1;39mtmp.mount[0m - Temporary Directory /tmp.
[    1.650676] systemd[1]: Finished kmod-static-nodes.service - Create List of Static Device Nodes.
[[0;32m  OK  [0m] Finished [0;1;39mkmod-static-nodes.service[0m…Create List of Static Device Nodes.
[    1.652754] systemd[1]: modprobe@configfs.service: Deactivated successfully.
[    1.653587] systemd[1]: Finished modprobe@configfs.service - Load Kernel Module configfs.
[[0;32m  OK  [0m] Finished [0;1;39mmodprobe@configfs.service[0m - Load Kernel Module configfs.
[    1.655322] systemd[1]: modprobe@drm.service: Deactivated successfully.
[    1.655916] systemd[1]: Finished modprobe@drm.service - Load Kernel Module drm.
[[0;32m  OK  [0m] Finished [0;1;39mmodprobe@drm.service[0m - Load Kernel Module drm.
[    1.657447] systemd[1]: modprobe@efi_pstore.service: Deactivated successfully.
[    1.658116] systemd[1]: Finished modprobe@efi_pstore.service - Load Kernel Module efi_pstore.
[[0;32m  OK  [0m] Finished [0;1;39mmodprobe@efi_pstore.service[0m - Load Kernel Module efi_pstore.
[    1.659778] systemd[1]: modprobe@fuse.service: Deactivated successfully.
[    1.660494] systemd[1]: Finished modprobe@fuse.service - Load Kernel Module fuse.
[[0;32m  OK  [0m] Finished [0;1;39mmodprobe@fuse.service[0m - Load Kernel Module fuse.
[    1.661917] systemd[1]: Started systemd-journald.service - Journal Service.
[[0;32m  OK  [0m] Started [0;1;39msystemd-journald.service[0m - Journal Service.
[[0;32m  OK  [0m] Finished [0;1;39msystemd-modules-load.service[0m - Load Kernel Modules.
[[0;32m  OK  [0m] Finished [0;1;39msystemd-remount-fs.servic…[0mmount Root and Kernel File Systems.
[[0;32m  OK  [0m] Finished [0;1;39msystemd-udev-load-credent…[0m- Load udev Rules from Credentials.
         Mounting [0;1;39msys-fs-fuse-connections.mount[0m - FUSE Control File System...
         Mounting [0;1;39msys-kernel-config.mount[0m - Kernel Configuration File System...
         Starting [0;1;39msystemd-journal-flush.ser…[0msh Journal to Persistent Storage...
         Starting [0;1;39msystemd-random-seed.service[0m - Load/Save OS Random Seed...
         Starting [0;1;39msystemd-sysctl.service[0m - Apply Kernel Variables...
         Starting [0;1;39msystemd-tmpfiles-setup-de…[0m Device Nodes in /dev gracefully...
[    1.687639] systemd-journald[138]: Received client request to flush runtime journal.
[[0;32m  OK  [0m] Mounted [0;1;39msys-kernel-config.mount[0m - Kernel Configuration File System.
[    1.691963] systemd-journald[138]: File /var/log/journal/052ada13ad154e7481baeec066fefe4c/system.journal corrupted or uncleanly shut down, renaming and replacing.
[[0;32m  OK  [0m] Mounted [0;1;39msys-fs-fuse-connections.mount[0m - FUSE Control File System.
[[0;32m  OK  [0m] Finished [0;1;39msystemd-udev-trigger.service[0m - Coldplug All udev Devices.
         Starting [0;1;39mifupdown-pre.service[0m - He…synchronize boot up for ifupdown...
[[0;32m  OK  [0m] Finished [0;1;39msystemd-sysctl.service[0m - Apply Kernel Variables.
[[0;32m  OK  [0m] Finished [0;1;39msystemd-tmpfiles-setup-de…[0mic Device Nodes in /dev gracefully.
[[0;32m  OK  [0m] Finished [0;1;39msystemd-random-seed.service[0m - Load/Save OS Random Seed.
         Starting [0;1;39msystemd-tmpfiles-setup-de…[0meate Static Device Nodes in /dev...
[[0;32m  OK  [0m] Finished [0;1;39msystemd-journal-flush.ser…[0mlush Journal to Persistent Storage.
[[0;32m  OK  [0m] Finished [0;1;39msystemd-tmpfiles-setup-de…[0mCreate Static Device Nodes in /dev.
[[0;32m  OK  [0m] Reached target [0;1;39mlocal-fs-pre.target[0m…Preparation for Local File Systems.
[[0;32m  OK  [0m] Reached target [0;1;39mlocal-fs.target[0m - Local File Systems.
[[0;32m  OK  [0m] Listening on [0;1;39msystemd-sysext.socket[0m… System Extension Image Management.
         Starting [0;1;39msystemd-binfmt.service[0m - Set Up Additional Binary Formats...
         Starting [0;1;39msystemd-tmpfiles-setup.se…[0mate System Files and Directories...
         Starting [0;1;39msystemd-udevd.service[0m - R…ager for Device Events and Files...
[[0;32m  OK  [0m] Finished [0;1;39msystemd-tmpfiles-setup.se…[0mreate System Files and Directories.
         Starting [0;1;39mrpcbind.service[0m - RPC bind portmap service...
[[0;32m  OK  [0m] Started [0;1;39mrpcbind.service[0m - RPC bind portmap service.
[[0;32m  OK  [0m] Reached target [0;1;39mrpcbind.target[0m - RPC Port Mapper.
[[0;32m  OK  [0m] Started [0;1;39msystemd-udevd.service[0m - Ru…anager for Device Events and Files.
         Starting [0;1;39msystemd-networkd.service[0m - Network Configuration...
[    1.820156] virtio_net virtio0 enp0s2: renamed from eth0
[[0;32m  OK  [0m] Found device [0;1;39mdev-ttyS0.device[0m - /dev/ttyS0.
         Expecting device [0;1;39msys-subsystem-net…[0msys/subsystem/net/devices/enp0s2...
[    1.845947] bochs-drm 0000:00:01.0: vgaarb: deactivate vga console
[    1.848609] Console: switching to colour dummy device 80x25
[    1.849385] [drm] Found bochs VGA, ID 0xb0c5.
[    1.849689] [drm] Framebuffer size 16384 kB @ 0xfd000000, mmio @ 0x80040000.
[    1.851032] [drm] Initialized bochs-drm 1.0.0 for 0000:00:01.0 on minor 0
[    1.854885] fbcon: bochs-drmdrmfb (fb0) is primary device
[    1.857172] cxl_core: loading out-of-tree module taints kernel.
[    1.857177] cxl_core: module verification failed: signature and/or required key missing - tainting kernel
[    1.859648] Console: switching to colour frame buffer device 160x50
[    1.864431] bochs-drm 0000:00:01.0: [drm] fb0: bochs-drmdrmfb frame buffer device
[    1.873718] ACPI: \_SB_.GSIA: Enabled at IRQ 16
[    1.874580] lpc_ich 0000:00:1f.0: I/O space for GPIO uninitialized
[    1.875011] input: PC Speaker as /devices/platform/pcspkr/input/input3
[    1.877228] ahci 0000:00:1f.2: AHCI vers 0001.0000, 32 command slots, 1.5 Gbps, SATA mode
[    1.877961] ahci 0000:00:1f.2: 6/6 ports implemented (port mask 0x3f)
[    1.878588] ahci 0000:00:1f.2: flags: 64bit ncq only 
[    1.880109] scsi host0: ahci
[    1.880529] scsi host1: ahci
[    1.880846] scsi host2: ahci
[    1.881284] scsi host3: ahci
[    1.888554] parport_pc 00:02: reported by Plug and Play ACPI
[    1.889704] scsi host4: ahci
[    1.890104] i801_smbus 0000:00:1f.3: SMBus using PCI interrupt
[    1.890674] input: VirtualPS/2 VMware VMMouse as /devices/platform/i8042/serio1/input/input5
[    1.890807] scsi host5: ahci
[    1.892316] parport0: PC-style at 0x378, irq 7 [PCSPP,TRISTATE]
[    1.892777] ata1: SATA max UDMA/133 abar m4096@0x80044000 port 0x80044100 irq 38 lpm-pol 1
[    1.895031] i2c i2c-0: Memory type 0x07 not supported yet, not instantiating SPD
[    1.895373] ata2: SATA max UDMA/133 abar m4096@0x80044000 port 0x80044180 irq 38 lpm-pol 1
[    1.895399] ata3: SATA max UDMA/133 abar m4096@0x80044000 port 0x80044200 irq 38 lpm-pol 1
[    1.899636] ata4: SATA max UDMA/133 abar m4096@0x80044000 port 0x80044280 irq 38 lpm-pol 1
[    1.900256] ata5: SATA max UDMA/133 abar m4096@0x80044000 port 0x80044300 irq 38 lpm-pol 1
[    1.900830] ata6: SATA max UDMA/133 abar m4096@0x80044000 port 0x80044380 irq 38 lpm-pol 1
[    1.908434] input: VirtualPS/2 VMware VMMouse as /devices/platform/i8042/serio1/input/input4
[[0;32m  OK  [0m] Listening on [0;1;39msystemd-rfkill.socket[0m…ll Switch Status /dev/rfkill Watch.
[[0;32m  OK  [0m] Found device [0;1;39msys-subsystem-net-dev…0s2.device[0m - Virtio network device.
[[0;32m  OK  [0m] Started [0;1;39mifup@enp0s2.service[0m - ifup for enp0s2.
[    1.926315] iTCO_vendor_support: vendor-support=0
[    1.999152] ppdev: user-space parallel port driver
[    2.211731] ata3: SATA link up 1.5 Gbps (SStatus 113 SControl 300)
[    2.214628] ata4: SATA link down (SStatus 0 SControl 300)
[    2.217280] ata5: SATA link down (SStatus 0 SControl 300)
[    2.219848] ata2: SATA link down (SStatus 0 SControl 300)
[    2.222545] ata1: SATA link down (SStatus 0 SControl 300)
[    2.224982] ata3.00: ATAPI: QEMU DVD-ROM, 2.5+, max UDMA/100
[    2.225612] ata3.00: applying bridge limits
[    2.226512] ata6: SATA link down (SStatus 0 SControl 300)
[    2.227508] ata3.00: configured for UDMA/100
[    2.229387] scsi 2:0:0:0: CD-ROM            QEMU     QEMU DVD-ROM     2.5+ PQ: 0 ANSI: 5
[    2.267757] sr 2:0:0:0: [sr0] scsi3-mmc drive: 4x/4x cd/rw xa/form2 tray
[    2.268595] cdrom: Uniform CD-ROM driver Revision: 3.20
[    2.300438] sr 2:0:0:0: Attached scsi generic sg0 type 5
[    2.321980]  pci0000:0c: host supports CXL
[    2.323437] iTCO_wdt iTCO_wdt.1.auto: Found a ICH9 TCO device (Version=2, TCOBASE=0x0660)
[    2.324796] cxl_type2_accel 0000:0d:00.0: CXL Type 2 Accelerator driver probing
[    2.325549] iTCO_wdt iTCO_wdt.1.auto: initialized. heartbeat=30 sec (nowayout=0)
[    2.325999] cxl_type2_accel 0000:0d:00.0: CXL DVSEC: cap=0x001f ctrl=0x0007
[    2.327327] cxl_type2_accel 0000:0d:00.0: CXL.cache capable
[    2.327702] cxl_type2_accel 0000:0d:00.0: CXL.io capable
[    2.328093] cxl_type2_accel 0000:0d:00.0: CXL.mem capable
[    2.328473] cxl_type2_accel 0000:0d:00.0: CXL DVSEC ctrl=0x4007: Cache+ IO+ Mem+ Viral+
[    2.329712] cxl_type2_accel 0000:0d:00.0: Component registers mapped
[    2.330262] cxl_type2_accel 0000:0d:00.0: Cache configured: 128 MB, 64-byte lines
[    2.331081] pcieport 0000:0c:00.0: CXL snoop filter has no capacity
[    2.331377] 8021q: 802.1Q VLAN Support v1.8
[    2.338066] Error: Driver 'pcspkr' is already registered, aborting...
[    2.352954] cxl_type2_accel 0000:0d:00.0: CXL cache device registered successfully
[    2.353611] cxl_type2_accel 0000:0d:00.0: CXL memory device registered (mem0)
[    2.354111] cxl_type2_accel 0000:0d:00.0: CXL Type 2 Accelerator driver probed successfully
[    2.354701] cxl_type2_accel 0000:0e:00.0: CXL Type 2 Accelerator driver probing
[    2.355740] cxl_type2_accel 0000:0e:00.0: CXL DVSEC: cap=0x001f ctrl=0x0007
[    2.356256] cxl_type2_accel 0000:0e:00.0: CXL.cache capable
[    2.357117] cxl_type2_accel 0000:0e:00.0: CXL.io capable
[    2.357507] cxl_type2_accel 0000:0e:00.0: CXL.mem capable
[    2.357912] cxl_type2_accel 0000:0e:00.0: CXL DVSEC ctrl=0x4007: Cache+ IO+ Mem+ Viral+
[    2.358610] cxl_type2_accel 0000:0e:00.0: Component registers mapped
[    2.359119] cxl_type2_accel 0000:0e:00.0: Cache configured: 128 MB, 64-byte lines
[    2.359946] pcieport 0000:0c:01.0: CXL snoop filter has no capacity
[    2.360503] cxl_type2_accel 0000:0e:00.0: CXL cache device registered successfully
[    2.361111] cxl_type2_accel 0000:0e:00.0: CXL memory device registered (mem1)
[    2.361604] cxl_type2_accel 0000:0e:00.0: CXL Type 2 Accelerator driver probed successfully
[    2.362213] cxl_type2_accel 0000:0f:00.0: CXL Type 2 Accelerator driver probing
[    2.363102] cxl_type2_accel 0000:0f:00.0: CXL DVSEC: cap=0x001f ctrl=0x0007
[    2.363596] cxl_type2_accel 0000:0f:00.0: CXL.cache capable
[    2.364008] cxl_type2_accel 0000:0f:00.0: CXL.io capable
[    2.364380] cxl_type2_accel 0000:0f:00.0: CXL.mem capable
[    2.364756] cxl_type2_accel 0000:0f:00.0: CXL DVSEC ctrl=0x4007: Cache+ IO+ Mem+ Viral+
[    2.365401] cxl_type2_accel 0000:0f:00.0: Component registers mapped
[    2.365895] cxl_type2_accel 0000:0f:00.0: Cache configured: 128 MB, 64-byte lines
[    2.366668] pcieport 0000:0c:02.0: CXL snoop filter has no capacity
[    2.367261] cxl_type2_accel 0000:0f:00.0: CXL cache device registered successfully
[    2.367818] cxl_type2_accel 0000:0f:00.0: CXL memory device registered (mem2)
[    2.368353] cxl_type2_accel 0000:0f:00.0: CXL Type 2 Accelerator driver probed successfully
[    2.368959] cxl_type2_accel 0000:10:00.0: CXL Type 2 Accelerator driver probing
[    2.369853] cxl_type2_accel 0000:10:00.0: CXL DVSEC: cap=0x001f ctrl=0x0007
[    2.370386] cxl_type2_accel 0000:10:00.0: CXL.cache capable
[    2.370764] cxl_type2_accel 0000:10:00.0: CXL.io capable
[    2.371155] cxl_type2_accel 0000:10:00.0: CXL.mem capable
[    2.371541] cxl_type2_accel 0000:10:00.0: CXL DVSEC ctrl=0x4007: Cache+ IO+ Mem+ Viral+
[    2.372164] cxl_type2_accel 0000:10:00.0: Component registers mapped
[    2.372670] cxl_type2_accel 0000:10:00.0: Cache configured: 128 MB, 64-byte lines
[    2.373490] pcieport 0000:0c:03.0: CXL snoop filter has no capacity
[    2.374052] cxl_type2_accel 0000:10:00.0: CXL cache device registered successfully
[    2.374615] cxl_type2_accel 0000:10:00.0: CXL memory device registered (mem3)
[    2.375133] cxl_type2_accel 0000:10:00.0: CXL Type 2 Accelerator driver probed successfully
[    2.421183] cfg80211: Loading compiled-in X.509 certificates for regulatory database
[    2.422048] Loaded X.509 cert 'sforshee: 00b28ddf47aef9cea7'
[    2.422670] Loaded X.509 cert 'wens: 61c038651aabdcf94bd0ac7ff06c7248db18c600'
[    2.423226] faux_driver regulatory: Direct firmware load for regulatory.db failed with error -2
[    2.423831] cfg80211: failed to load regulatory.db
[    2.437037] 8021q: adding VLAN 0 to HW filter on device enp0s2
         Mounting [0;1;39mproc-sys-fs-binfmt_misc.m…[0mcutable File Formats File System...
         Mounting [0;1;39mrun-rpc_pipefs.mount[0m - RPC Pipe File System...
[[0;32m  OK  [0m] Mounted [0;1;39mproc-sys-fs-binfmt_misc.mo…[0mxecutable File Formats File System.
[[0;32m  OK  [0m] Finished [0;1;39msystemd-binfmt.service[0m - Set Up Additional Binary Formats.
[[0;32m  OK  [0m] Reached target [0;1;39msysinit.target[0m - System Initialization.
[[0;32m  OK  [0m] Started [0;1;39mapt-daily.timer[0m - Daily apt download activities.
[[0;32m  OK  [0m] Started [0;1;39mapt-daily-upgrade.timer[0m - …y apt upgrade and clean activities.
[[0;32m  OK  [0m] Started [0;1;39mdpkg-db-backup.timer[0m - Daily dpkg database backup timer.
[[0;32m  OK  [0m] Started [0;1;39me2scrub_all.timer[0m - Period…Metadata Check for All Filesystems.
[[0;32m  OK  [0m] Started [0;1;39mfstrim.timer[0m - Discard unused filesystem blocks once a week.
[[0;32m  OK  [0m] Started [0;1;39mlogrotate.timer[0m - Daily rotation of log files.
[[0;32m  OK  [0m] Started [0;1;39msystemd-tmpfiles-clean.tim…[0my Cleanup of Temporary Directories.
[[0;32m  OK  [0m] Reached target [0;1;39mtimers.target[0m - Timer Units.
[[0;32m  OK  [0m] Listening on [0;1;39mdbus.socket[0m - D-Bus System Message Bus Socket.
[[0;32m  OK  [0m] Listening on [0;1;39msshd-unix-local.socke…[0mtemd-ssh-generator, AF_UNIX Local).
[[0;32m  OK  [0m] Listening on [0;1;39msshd-vsock.socket[0m - O… (systemd-ssh-generator, AF_VSOCK).
[[0;32m  OK  [0m] Reached target [0;1;39mssh-access.target[0m - SSH Access Available.
[[0;32m  OK  [0m] Listening on [0;1;39msystemd-hostnamed.socket[0m - Hostname Service Socket.
[[0;32m  OK  [0m] Reached target [0;1;39msockets.target[0m - Socket Units.
[[0;32m  OK  [0m] Reached target [0;1;39mbasic.target[0m - Basic System.
[[0;32m  OK  [0m] Started [0;1;39mcxl-monitor.service[0m - CXL Monitor Daemon.
         Starting [0;1;39mdbus.service[0m - D-Bus System Message Bus...
         Starting [0;1;39me2scrub_reap.service[0m - Re…ne ext4 Metadata Check Snapshots...
[[0;32m  OK  [0m] Started [0;1;39mndctl-monitor.service[0m - Ndctl Monitor Daemon.
         Starting [0;1;39msystemd-logind.service[0m - User Login Management...
[    2.727399] RPC: Registered named UNIX socket transport module.
[    2.727900] RPC: Registered udp transport module.
[    2.728340] RPC: Registered tcp transport module.
[    2.728671] RPC: Registered tcp-with-tls transport module.
[    2.728672] RPC: Registered tcp NFSv4.1 backchannel transport module.
[[0;32m  OK  [0m] Started [0;1;39msystemd-networkd.service[0m - Network Configuration.
[[0;32m  OK  [0m] Started [0;1;39mdbus.service[0m - D-Bus System Message Bus.
[[0;32m  OK  [0m] Finished [0;1;39mifupdown-pre.service[0m - He…o synchronize boot up for ifupdown.
[[0;32m  OK  [0m] Mounted [0;1;39mrun-rpc_pipefs.mount[0m - RPC Pipe File System.
[[0;32m  OK  [0m] Reached target [0;1;39mrpc_pipefs.target[0m.
         Starting [0;1;39mnetworking.service[0m - Raise network interfaces...
         Starting [0;1;39mnfs-blkmap.service[0m - pNFS block layout mapping daemon...
[[0;32m  OK  [0m] Reached target [0;1;39mnfs-client.target[0m - NFS client services.
[[0;32m  OK  [0m] Reached target [0;1;39mremote-fs-pre.targe…[0mreparation for Remote File Systems.
[[0;32m  OK  [0m] Reached target [0;1;39mremote-fs.target[0m - Remote File Systems.
[[0;32m  OK  [0m] Started [0;1;39mcron.service[0m - Regular background program processing daemon.
         Starting [0;1;39msystemd-networkd-persiste…[0mtent Storage in systemd-networkd...
[[0;32m  OK  [0m] Finished [0;1;39me2scrub_reap.service[0m - Re…line ext4 Metadata Check Snapshots.
[[0;32m  OK  [0m] Started [0;1;39mnfs-blkmap.service[0m - pNFS block layout mapping daemon.
[[0;32m  OK  [0m] Finished [0;1;39msystemd-networkd-persiste…[0mistent Storage in systemd-networkd.
[[0;32m  OK  [0m] Started [0;1;39msystemd-logind.service[0m - User Login Management.
[[0m[0;31m*     [0m] Job networking.service/start running (3s / 5min 1s)
M[K[[0;1;31m*[0m[0;31m*    [0m] Job networking.service/start running (4s / 5min 1s)
M[K[[0;31m*[0;1;31m*[0m[0;31m*   [0m] Job networking.service/start running (4s / 5min 1s)
M[K[ [0;31m*[0;1;31m*[0m[0;31m*  [0m] Job networking.service/start running (5s / 5min 1s)
M[K[  [0;31m*[0;1;31m*[0m[0;31m* [0m] Job networking.service/start running (5s / 5min 1s)
M[K[[0;32m  OK  [0m] Finished [0;1;39mnetworking.service[0m - Raise network interfaces.
[K[[0;32m  OK  [0m] Reached target [0;1;39mnetwork.target[0m - Network.
[[0;32m  OK  [0m] Reached target [0;1;39mnetwork-online.target[0m - Network is Online.
         Starting [0;1;39mrc-local.service[0m - /etc/rc.local Compatibility...
         Starting [0;1;39mrpc-statd-notify.service[0m - Notify NFS peers of a restart...
         Starting [0;1;39mssh.service[0m - OpenBSD Secure Shell server...
         Starting [0;1;39msystemd-user-sessions.service[0m - Permit User Sessions...
[[0;32m  OK  [0m] Started [0;1;39mrc-local.service[0m - /etc/rc.local Compatibility.
[[0;32m  OK  [0m] Started [0;1;39mrpc-statd-notify.service[0m - Notify NFS peers of a restart.
[[0;32m  OK  [0m] Finished [0;1;39msystemd-user-sessions.service[0m - Permit User Sessions.
[[0;32m  OK  [0m] Started [0;1;39mgetty@tty1.service[0m - Getty on tty1.
[[0;32m  OK  [0m] Started [0;1;39mserial-getty@ttyS0.service[0m - Serial Getty on ttyS0.
[[0;32m  OK  [0m] Reached target [0;1;39mgetty.target[0m - Login Prompts.
[[0;32m  OK  [0m] Started [0;1;39mssh.service[0m - OpenBSD Secure Shell server.
[[0;32m  OK  [0m] Reached target [0;1;39mmulti-user.target[0m - Multi-User System.
[[0;32m  OK  [0m] Reached target [0;1;39mgraphical.target[0m - Graphical Interface.
[!p]104[?7h[6n[32766;32766H[6n[!p]104[?7h[6n[32766;32766H[6n
Debian GNU/Linux 13 node1 ttyS0

node1 login: 