CXL Type2: GPU mode = 2 (NONE=0, VFIO=1, HETGPU=2, AUTO=3)
CXL Type2: Initializing hetGPU backend...
cxl_type2_hetgpu_init: ENTERED
cxl_type2_hetgpu_init: hetgpu_lib_path = '/home/victoryang00/hetGPU/target/debug/libnvcuda.so'
cxl_type2_hetgpu_init: Using library: /home/victoryang00/hetGPU/target/debug/libnvcuda.so
cxl_type2_hetgpu_init: backend=5, device_index=0
CXL Type2: cxl_type2_hetgpu_init returned 0
CXL Type2: hetGPU backend initialized successfully
c[?7l[2J[0mSeaBIOS (version rel-1.17.0-0-gb52ca86e094d-prebuilt.qemu.org)


iPXE (http://ipxe.org) 00:02.0 CA00 PCI2.10 PnP PMM+7EFD16C0+7EF316C0 CA00
Press Ctrl-B to configure iPXE (PCI 00:02.0)...                                                                               


Booting from ROM..c[?7l[2J[0m.[    0.000000] Linux version 6.18.0-rc5 (root@gpu01) (gcc (Ubuntu 14.2.0-19ubuntu2) 14.2.0, GNU ld (GNU Binutils for Ubuntu) 2.44) #4 SMP PREEMPT_DYNAMIC Sun Mar  1 22:26:46 UTC 2026
[    0.000000] Command line: root=/dev/vda rw console=ttyS0,115200 nokaslr systemd.mask=cxl-numa-setup.service
[    0.000000] KERNEL supported cpus:
[    0.000000]   Intel GenuineIntel
[    0.000000]   AMD AuthenticAMD
[    0.000000]   Hygon HygonGenuine
[    0.000000]   Centaur CentaurHauls
[    0.000000]   zhaoxin   Shanghai  
[    0.000000] x86/CPU: Model not found in latest microcode list
[    0.000000] BIOS-provided physical RAM map:
[    0.000000] BIOS-e820: [mem 0x0000000000000000-0x000000000009fbff] usable
[    0.000000] BIOS-e820: [mem 0x000000000009fc00-0x000000000009ffff] reserved
[    0.000000] BIOS-e820: [mem 0x00000000000f0000-0x00000000000fffff] reserved
[    0.000000] BIOS-e820: [mem 0x0000000000100000-0x000000007ffdbfff] usable
[    0.000000] BIOS-e820: [mem 0x000000007ffdc000-0x000000007fffffff] reserved
[    0.000000] BIOS-e820: [mem 0x00000000b0000000-0x00000000bfffffff] reserved
[    0.000000] BIOS-e820: [mem 0x00000000fed1c000-0x00000000fed1ffff] reserved
[    0.000000] BIOS-e820: [mem 0x00000000feffc000-0x00000000feffffff] reserved
[    0.000000] BIOS-e820: [mem 0x00000000fffc0000-0x00000000ffffffff] reserved
[    0.000000] BIOS-e820: [mem 0x0000000100000000-0x000000047fffffff] usable
[    0.000000] NX (Execute Disable) protection: active
[    0.000000] APIC: Static calls initialized
[    0.000000] SMBIOS 2.8 present.
[    0.000000] DMI: QEMU Standard PC (Q35 + ICH9, 2009), BIOS rel-1.17.0-0-gb52ca86e094d-prebuilt.qemu.org 04/01/2014
[    0.000000] DMI: Memory slots populated: 1/1
[    0.000000] Hypervisor detected: KVM
[    0.000000] last_pfn = 0x7ffdc max_arch_pfn = 0x400000000
[    0.000000] kvm-clock: Using msrs 4b564d01 and 4b564d00
[    0.000000] kvm-clock: using sched offset of 290015495 cycles
[    0.000002] clocksource: kvm-clock: mask: 0xffffffffffffffff max_cycles: 0x1cd42e4dffb, max_idle_ns: 881590591483 ns
[    0.000004] tsc: Detected 2000.000 MHz processor
[    0.000408] last_pfn = 0x480000 max_arch_pfn = 0x400000000
[    0.000441] MTRR map: 4 entries (3 fixed + 1 variable; max 19), built from 8 variable MTRRs
[    0.000444] x86/PAT: Configuration [0-7]: WB  WC  UC- UC  WB  WP  UC- WT  
[    0.000485] last_pfn = 0x7ffdc max_arch_pfn = 0x400000000
[    0.003265] found SMP MP-table at [mem 0x000f54b0-0x000f54bf]
[    0.003731] ACPI: Early table checksum verification disabled
[    0.003735] ACPI: RSDP 0x00000000000F52B0 000014 (v00 BOCHS )
[    0.003744] ACPI: RSDT 0x000000007FFE377B 000040 (v01 BOCHS  BXPC     00000001 BXPC 00000001)
[    0.003748] ACPI: FACP 0x000000007FFE3407 0000F4 (v03 BOCHS  BXPC     00000001 BXPC 00000001)
[    0.003752] ACPI: DSDT 0x000000007FFE0040 0033C7 (v01 BOCHS  BXPC     00000001 BXPC 00000001)
[    0.003754] ACPI: FACS 0x000000007FFE0000 000040
[    0.003756] ACPI: APIC 0x000000007FFE34FB 000090 (v03 BOCHS  BXPC     00000001 BXPC 00000001)
[    0.003758] ACPI: HPET 0x000000007FFE358B 000038 (v01 BOCHS  BXPC     00000001 BXPC 00000001)
[    0.003760] ACPI: SRAT 0x000000007FFE35C3 000110 (v01 BOCHS  BXPC     00000001 BXPC 00000001)
[    0.003761] ACPI: MCFG 0x000000007FFE36D3 00003C (v01 BOCHS  BXPC     00000001 BXPC 00000001)
[    0.003763] ACPI: CEDT 0x000000007FFE370F 000044 (v01 BOCHS  BXPC     00000001 BXPC 00000001)
[    0.003764] ACPI: WAET 0x000000007FFE3753 000028 (v01 BOCHS  BXPC     00000001 BXPC 00000001)
[    0.003766] ACPI: Reserving FACP table memory at [mem 0x7ffe3407-0x7ffe34fa]
[    0.003767] ACPI: Reserving DSDT table memory at [mem 0x7ffe0040-0x7ffe3406]
[    0.003767] ACPI: Reserving FACS table memory at [mem 0x7ffe0000-0x7ffe003f]
[    0.003768] ACPI: Reserving APIC table memory at [mem 0x7ffe34fb-0x7ffe358a]
[    0.003768] ACPI: Reserving HPET table memory at [mem 0x7ffe358b-0x7ffe35c2]
[    0.003768] ACPI: Reserving SRAT table memory at [mem 0x7ffe35c3-0x7ffe36d2]
[    0.003769] ACPI: Reserving MCFG table memory at [mem 0x7ffe36d3-0x7ffe370e]
[    0.003769] ACPI: Reserving CEDT table memory at [mem 0x7ffe370f-0x7ffe3752]
[    0.003769] ACPI: Reserving WAET table memory at [mem 0x7ffe3753-0x7ffe377a]
[    0.003828] ACPI: SRAT: Node 0 PXM 0 [mem 0x00000000-0x0009ffff]
[    0.003829] ACPI: SRAT: Node 0 PXM 0 [mem 0x00100000-0x7fffffff]
[    0.003830] ACPI: SRAT: Node 0 PXM 0 [mem 0x100000000-0x47fffffff]
[    0.003831] ACPI: SRAT: Node 0 PXM 0 [mem 0x480000000-0xa7fffffff] hotplug
[    0.003833] NUMA: Node 0 [mem 0x00001000-0x0009ffff] + [mem 0x00100000-0x7fffffff] -> [mem 0x00001000-0x7fffffff]
[    0.003835] NUMA: Node 0 [mem 0x00001000-0x7fffffff] + [mem 0x100000000-0x47fffffff] -> [mem 0x00001000-0x47fffffff]
[    0.003839] NODE_DATA(0) allocated [mem 0x47ffd2500-0x47fffcfff]
[    0.003940] Zone ranges:
[    0.003941]   DMA      [mem 0x0000000000001000-0x0000000000ffffff]
[    0.003942]   DMA32    [mem 0x0000000001000000-0x00000000ffffffff]
[    0.003943]   Normal   [mem 0x0000000100000000-0x000000047fffffff]
[    0.003944]   Device   empty
[    0.003944] Movable zone start for each node
[    0.003945] Early memory node ranges
[    0.003945]   node   0: [mem 0x0000000000001000-0x000000000009efff]
[    0.003946]   node   0: [mem 0x0000000000100000-0x000000007ffdbfff]
[    0.003947]   node   0: [mem 0x0000000100000000-0x000000047fffffff]
[    0.003948] Initmem setup node 0 [mem 0x0000000000001000-0x000000047fffffff]
[    0.004236] On node 0, zone DMA: 1 pages in unavailable ranges
[    0.004263] On node 0, zone DMA: 97 pages in unavailable ranges
[    0.050130] On node 0, zone Normal: 36 pages in unavailable ranges
[    0.050473] ACPI: PM-Timer IO Port: 0x608
[    0.050486] ACPI: LAPIC_NMI (acpi_id[0xff] dfl dfl lint[0x1])
[    0.050523] IOAPIC[0]: apic_id 0, version 17, address 0xfec00000, GSI 0-23
[    0.050525] ACPI: INT_SRC_OVR (bus 0 bus_irq 0 global_irq 2 dfl dfl)
[    0.050527] ACPI: INT_SRC_OVR (bus 0 bus_irq 5 global_irq 5 high level)
[    0.050527] ACPI: INT_SRC_OVR (bus 0 bus_irq 9 global_irq 9 high level)
[    0.050528] ACPI: INT_SRC_OVR (bus 0 bus_irq 10 global_irq 10 high level)
[    0.050528] ACPI: INT_SRC_OVR (bus 0 bus_irq 11 global_irq 11 high level)
[    0.050531] ACPI: Using ACPI (MADT) for SMP configuration information
[    0.050532] ACPI: HPET id: 0x8086a201 base: 0xfed00000
[    0.050537] CPU topo: Max. logical packages:   1
[    0.050538] CPU topo: Max. logical dies:       1
[    0.050538] CPU topo: Max. dies per package:   1
[    0.050540] CPU topo: Max. threads per core:   1
[    0.050540] CPU topo: Num. cores per package:     4
[    0.050541] CPU topo: Num. threads per package:   4
[    0.050541] CPU topo: Allowing 4 present CPUs plus 0 hotplug CPUs
[    0.050556] kvm-guest: APIC: eoi() replaced with kvm_guest_apic_eoi_write()
[    0.050569] PM: hibernation: Registered nosave memory: [mem 0x00000000-0x00000fff]
[    0.050571] PM: hibernation: Registered nosave memory: [mem 0x0009f000-0x000fffff]
[    0.050571] PM: hibernation: Registered nosave memory: [mem 0x7ffdc000-0xffffffff]
[    0.050573] [mem 0xc0000000-0xfed1bfff] available for PCI devices
[    0.050574] Booting paravirtualized kernel on KVM
[    0.050575] clocksource: refined-jiffies: mask: 0xffffffff max_cycles: 0xffffffff, max_idle_ns: 1910969940391419 ns
[    0.050582] setup_percpu: NR_CPUS:8192 nr_cpumask_bits:4 nr_cpu_ids:4 nr_node_ids:1
[    0.050994] percpu: Embedded 84 pages/cpu s221184 r8192 d114688 u524288
[    0.051026] kvm-guest: PV spinlocks disabled, no host support
[    0.051027] Kernel command line: root=/dev/vda rw console=ttyS0,115200 nokaslr systemd.mask=cxl-numa-setup.service
[    0.051067] Unknown kernel command line parameters "nokaslr", will be passed to user space.
[    0.051071] printk: log buffer data + meta data: 262144 + 917504 = 1179648 bytes
[    0.053990] Dentry cache hash table entries: 2097152 (order: 12, 16777216 bytes, linear)
[    0.055408] Inode-cache hash table entries: 1048576 (order: 11, 8388608 bytes, linear)
[    0.055459] software IO TLB: area num 4.
[    0.070650] Fallback order for Node 0: 0 
[    0.070654] Built 1 zonelists, mobility grouping on.  Total pages: 4194170
[    0.070655] Policy zone: Normal
[    0.070662] mem auto-init: stack:all(zero), heap alloc:on, heap free:off
[    0.111655] SLUB: HWalign=64, Order=0-3, MinObjects=0, CPUs=4, Nodes=1
[    0.125353] ftrace: allocating 57259 entries in 224 pages
[    0.125357] ftrace: allocated 224 pages with 3 groups
[    0.126446] Dynamic Preempt: voluntary
[    0.126854] rcu: Preemptible hierarchical RCU implementation.
[    0.126855] rcu: 	RCU restricting CPUs from NR_CPUS=8192 to nr_cpu_ids=4.
[    0.126857] 	Trampoline variant of Tasks RCU enabled.
[    0.126857] 	Rude variant of Tasks RCU enabled.
[    0.126857] 	Tracing variant of Tasks RCU enabled.
[    0.126858] rcu: RCU calculated value of scheduler-enlistment delay is 100 jiffies.
[    0.126859] rcu: Adjusting geometry for rcu_fanout_leaf=16, nr_cpu_ids=4
[    0.126869] RCU Tasks: Setting shift to 2 and lim to 1 rcu_task_cb_adjust=1 rcu_task_cpu_ids=4.
[    0.126871] RCU Tasks Rude: Setting shift to 2 and lim to 1 rcu_task_cb_adjust=1 rcu_task_cpu_ids=4.
[    0.126872] RCU Tasks Trace: Setting shift to 2 and lim to 1 rcu_task_cb_adjust=1 rcu_task_cpu_ids=4.
[    0.130409] NR_IRQS: 524544, nr_irqs: 456, preallocated irqs: 16
[    0.130625] rcu: srcu_init: Setting srcu_struct sizes based on contention.
[    0.138568] Console: colour VGA+ 80x25
[    0.138610] printk: legacy console [ttyS0] enabled
[    0.223646] ACPI: Core revision 20250807
[    0.224281] clocksource: hpet: mask: 0xffffffff max_cycles: 0xffffffff, max_idle_ns: 19112604467 ns
[    0.225405] APIC: Switch to symmetric I/O mode setup
[    0.226209] x2apic enabled
[    0.226800] APIC: Switched APIC routing to: physical x2apic
[    0.228334] ..TIMER: vector=0x30 apic1=0 pin1=2 apic2=-1 pin2=-1
[    0.229011] clocksource: tsc-early: mask: 0xffffffffffffffff max_cycles: 0x39a85c9bff6, max_idle_ns: 881590591483 ns
[    0.230137] Calibrating delay loop (skipped) preset value.. 4000.00 BogoMIPS (lpj=2000000)
[    0.231292] Last level iTLB entries: 4KB 0, 2MB 0, 4MB 0
[    0.232134] Last level dTLB entries: 4KB 0, 2MB 0, 4MB 0, 1GB 0
[    0.232753] mitigations: Enabled attack vectors: SMT mitigations: off
[    0.233134] Speculative Store Bypass: Vulnerable
[    0.234135] Spectre V2 : Vulnerable
[    0.234504] ITS: Vulnerable
[    0.234800] MDS: Vulnerable
[    0.235135] Spectre V1 : Vulnerable: __user pointer sanitization and usercopy barriers only; no swapgs barriers
[    0.236154] x86/fpu: Supporting XSAVE feature 0x001: 'x87 floating point registers'
[    0.237134] x86/fpu: Supporting XSAVE feature 0x002: 'SSE registers'
[    0.237801] x86/fpu: Supporting XSAVE feature 0x004: 'AVX registers'
[    0.238134] x86/fpu: Supporting XSAVE feature 0x020: 'AVX-512 opmask'
[    0.239134] x86/fpu: Supporting XSAVE feature 0x040: 'AVX-512 Hi256'
[    0.239789] x86/fpu: Supporting XSAVE feature 0x080: 'AVX-512 ZMM_Hi256'
[    0.240135] x86/fpu: xstate_offset[2]:  576, xstate_sizes[2]:  256
[    0.241134] x86/fpu: xstate_offset[5]: 1088, xstate_sizes[5]:   64
[    0.241773] x86/fpu: xstate_offset[6]: 1152, xstate_sizes[6]:  512
[    0.242134] x86/fpu: xstate_offset[7]: 1664, xstate_sizes[7]: 1024
[    0.243134] x86/fpu: Enabled xstate features 0xe7, context size is 2688 bytes, using 'standard' format.
[    0.247792] Freeing SMP alternatives memory: 52K
[    0.248138] pid_max: default: 32768 minimum: 301
[    0.248904] LSM: initializing lsm=lockdown,capability,landlock,yama,apparmor,ima,evm
[    0.249291] landlock: Up and running.
[    0.250134] Yama: becoming mindful.
[    0.250616] AppArmor: AppArmor initialized
[    0.251344] Mount-cache hash table entries: 32768 (order: 6, 262144 bytes, linear)
[    0.252447] Mountpoint-cache hash table entries: 32768 (order: 6, 262144 bytes, linear)
[    0.356776] smpboot: CPU0: Intel QEMU Virtual CPU version 2.5+ (family: 0xf, model: 0x6b, stepping: 0x1)
[    0.357321] Performance Events: unsupported Netburst CPU model 107 no PMU driver, software events only.
[    0.358151] signal: max sigframe size: 3632
[    0.358619] rcu: Hierarchical SRCU implementation.
[    0.359134] rcu: 	Max phase no-delay instances is 400.
[    0.359726] Timer migration: 1 hierarchy levels; 8 children per group; 1 crossnode level
[    0.360319] NMI watchdog: Perf NMI watchdog permanently disabled
[    0.361191] smp: Bringing up secondary CPUs ...
[    0.362138] smpboot: x86: Booting SMP configuration:
[    0.362661] .... node  #0, CPUs:      #1 #2 #3
[    0.369331] smp: Brought up 1 node, 4 CPUs
[    0.370575] smpboot: Total of 4 processors activated (16000.00 BogoMIPS)
[    0.372151] Memory: 16366248K/16776680K available (20473K kernel code, 4645K rwdata, 13656K rodata, 3056K init, 4384K bss, 402368K reserved, 0K cma-reserved)
[    0.374322] devtmpfs: initialized
[    0.374554] x86/mm: Memory block size: 128MB
[    0.377140] clocksource: jiffies: mask: 0xffffffff max_cycles: 0xffffffff, max_idle_ns: 1911260446275000 ns
[    0.378151] posixtimers hash table entries: 2048 (order: 3, 32768 bytes, linear)
[    0.378927] futex hash table entries: 1024 (65536 bytes on 1 NUMA nodes, total 64 KiB, linear).
[    0.380212] pinctrl core: initialized pinctrl subsystem
[    0.380893] PM: RTC time: 22:50:44, date: 2026-04-29
[    0.382461] NET: Registered PF_NETLINK/PF_ROUTE protocol family
[    0.383656] DMA: preallocated 2048 KiB GFP_KERNEL pool for atomic allocations
[    0.384365] DMA: preallocated 2048 KiB GFP_KERNEL|GFP_DMA pool for atomic allocations
[    0.385345] DMA: preallocated 2048 KiB GFP_KERNEL|GFP_DMA32 pool for atomic allocations
[    0.386155] audit: initializing netlink subsys (disabled)
[    0.387160] audit: type=2000 audit(1777503044.701:1): state=initialized audit_enabled=0 res=1
[    0.387284] thermal_sys: Registered thermal governor 'fair_share'
[    0.388136] thermal_sys: Registered thermal governor 'bang_bang'
[    0.389134] thermal_sys: Registered thermal governor 'step_wise'
[    0.390134] thermal_sys: Registered thermal governor 'user_space'
[    0.390764] thermal_sys: Registered thermal governor 'power_allocator'
[    0.391145] cpuidle: using governor ladder
[    0.392588] cpuidle: using governor menu
[    0.393235] acpiphp: ACPI Hot Plug PCI Controller Driver version: 0.5
[    0.394165] PCI: ECAM [mem 0xb0000000-0xbfffffff] (base 0xb0000000) for domain 0000 [bus 00-ff]
[    0.395067] PCI: ECAM [mem 0xb0000000-0xbfffffff] reserved as E820 entry
[    0.395144] PCI: Using configuration type 1 for base access
[    0.396191] kprobes: kprobe jump-optimization is enabled. All kprobes are optimized if possible.
[    0.399240] HugeTLB: registered 2.00 MiB page size, pre-allocated 0 pages
[    0.400135] HugeTLB: 28 KiB vmemmap can be freed for a 2.00 MiB page
[    0.403305] ACPI: Added _OSI(Module Device)
[    0.404136] ACPI: Added _OSI(Processor Device)
[    0.405000] ACPI: Added _OSI(Processor Aggregator Device)
[    0.408220] ACPI: 1 ACPI AML tables successfully acquired and loaded
[    0.433299] ACPI: Interpreter enabled
[    0.433750] ACPI: PM: (supports S0 S3 S4 S5)
[    0.434137] ACPI: Using IOAPIC for interrupt routing
[    0.435237] PCI: Using host bridge windows from ACPI; if necessary, use "pci=nocrs" and report a bug
[    0.436135] PCI: Using E820 reservations for host bridge windows
[    0.436876] ACPI: Enabled 3 GPEs in block 00 to 3F
[    0.440251] ACPI: PCI Root Bridge [PCI0] (domain 0000 [bus 00-0b])
[    0.440934] acpi PNP0A08:00: _OSC: OS supports [ExtendedConfig ASPM ClockPM Segments MSI EDR HPX-Type3]
[    0.441162] acpi PNP0A08:00: _OSC: platform does not support [PCIeHotplug LTR DPC]
[    0.442172] acpi PNP0A08:00: _OSC: OS now controls [SHPCHotplug PME AER PCIeCapability]
[    0.443273] PCI host bridge to bus 0000:00
[    0.444136] pci_bus 0000:00: root bus resource [io  0x0000-0x0cf7 window]
[    0.444876] pci_bus 0000:00: root bus resource [io  0x0d00-0xffff window]
[    0.445135] pci_bus 0000:00: root bus resource [mem 0x000a0000-0x000bffff window]
[    0.446134] pci_bus 0000:00: root bus resource [mem 0x80000000-0xafffffff window]
[    0.447134] pci_bus 0000:00: root bus resource [mem 0xc0000000-0xfe7fffff window]
[    0.448134] pci_bus 0000:00: root bus resource [mem 0xac0010000-0xaffffffff window]
[    0.448967] pci_bus 0000:00: root bus resource [mem 0xd00000000-0x14ffffffff window]
[    0.449135] pci_bus 0000:00: root bus resource [bus 00-0b]
[    0.450184] pci 0000:00:00.0: [8086:29c0] type 00 class 0x060000 conventional PCI endpoint
[    0.451553] pci 0000:00:01.0: [1234:1111] type 00 class 0x030000 conventional PCI endpoint
[    0.454151] pci 0000:00:01.0: BAR 0 [mem 0xfd000000-0xfdffffff pref]
[    0.454874] pci 0000:00:01.0: BAR 2 [mem 0xfea50000-0xfea50fff]
[    0.455159] pci 0000:00:01.0: ROM [mem 0xfea40000-0xfea4ffff pref]
[    0.456185] pci 0000:00:01.0: Video device with shadowed ROM at [mem 0x000c0000-0x000dffff]
[    0.457379] pci 0000:00:02.0: [1af4:1000] type 00 class 0x020000 conventional PCI endpoint
[    0.459911] pci 0000:00:02.0: BAR 0 [io  0xc0c0-0xc0df]
[    0.460144] pci 0000:00:02.0: BAR 1 [mem 0xfea51000-0xfea51fff]
[    0.461158] pci 0000:00:02.0: BAR 4 [mem 0xd00000000-0xd00003fff 64bit pref]
[    0.461942] pci 0000:00:02.0: ROM [mem 0xfea00000-0xfea3ffff pref]
[    0.462713] pci 0000:00:03.0: [1af4:1005] type 00 class 0x00ff00 conventional PCI endpoint
[    0.464707] pci 0000:00:03.0: BAR 0 [io  0xc0e0-0xc0ff]
[    0.465143] pci 0000:00:03.0: BAR 1 [mem 0xfea52000-0xfea52fff]
[    0.465817] pci 0000:00:03.0: BAR 4 [mem 0xd00004000-0xd00007fff 64bit pref]
[    0.467378] pci 0000:00:04.0: [1af4:1001] type 00 class 0x010000 conventional PCI endpoint
[    0.469884] pci 0000:00:04.0: BAR 0 [io  0xc000-0xc07f]
[    0.470143] pci 0000:00:04.0: BAR 1 [mem 0xfea53000-0xfea53fff]
[    0.471140] pci 0000:00:04.0: BAR 4 [mem 0xd00008000-0xd0000bfff 64bit pref]
[    0.473221] pci 0000:00:05.0: [1b36:000b] type 00 class 0x060000 conventional PCI endpoint
[    0.480922] pci 0000:00:1f.0: [8086:2918] type 00 class 0x060100 conventional PCI endpoint
[    0.481415] pci 0000:00:1f.0: quirk: [io  0x0600-0x067f] claimed by ICH6 ACPI/GPIO/TCO
[    0.483135] pci 0000:00:1f.2: [8086:2922] type 00 class 0x010601 conventional PCI endpoint
[    0.484600] pci 0000:00:1f.2: BAR 4 [io  0xc100-0xc11f]
[    0.485142] pci 0000:00:1f.2: BAR 5 [mem 0xfea54000-0xfea54fff]
[    0.486335] pci 0000:00:1f.3: [8086:2930] type 00 class 0x0c0500 conventional PCI endpoint
[    0.487661] pci 0000:00:1f.3: BAR 4 [io  0x0700-0x073f]
[    0.488481] ACPI: PCI: Interrupt link LNKA configured for IRQ 10
[    0.489197] ACPI: PCI: Interrupt link LNKB configured for IRQ 10
[    0.489888] ACPI: PCI: Interrupt link LNKC configured for IRQ 11
[    0.490186] ACPI: PCI: Interrupt link LNKD configured for IRQ 11
[    0.491185] ACPI: PCI: Interrupt link LNKE configured for IRQ 10
[    0.491884] ACPI: PCI: Interrupt link LNKF configured for IRQ 10
[    0.492186] ACPI: PCI: Interrupt link LNKG configured for IRQ 11
[    0.493186] ACPI: PCI: Interrupt link LNKH configured for IRQ 11
[    0.494157] ACPI: PCI: Interrupt link GSIA configured for IRQ 16
[    0.495139] ACPI: PCI: Interrupt link GSIB configured for IRQ 17
[    0.495795] ACPI: PCI: Interrupt link GSIC configured for IRQ 18
[    0.496144] ACPI: PCI: Interrupt link GSID configured for IRQ 19
[    0.497139] ACPI: PCI: Interrupt link GSIE configured for IRQ 20
[    0.497797] ACPI: PCI: Interrupt link GSIF configured for IRQ 21
[    0.498140] ACPI: PCI: Interrupt link GSIG configured for IRQ 22
[    0.499139] ACPI: PCI: Interrupt link GSIH configured for IRQ 23
[    0.500353] ACPI: PCI Root Bridge [CL0C] (domain 0000 [bus 0c-0d])
[    0.501032] acpi ACPI0016:00: _OSC: OS supports [ExtendedConfig ASPM ClockPM Segments MSI EDR HPX-Type3]
[    0.501135] acpi ACPI0016:00: _OSC: OS supports [CXL11PortRegAccess CXL20PortDevRegAccess CXLProtocolErrorReporting CXLNativeHot]
[    0.502178] acpi ACPI0016:00: _OSC: platform does not support [LTR DPC]
[    0.502965] acpi ACPI0016:00: _OSC: OS now controls [PCIeHotplug SHPCHotplug PME AER PCIeCapability]
[    0.504134] acpi ACPI0016:00: _OSC: OS now controls [CXLMemErrorReporting]
[    0.504919] PCI host bridge to bus 0000:0c
[    0.505136] pci_bus 0000:0c: root bus resource [mem 0xfe800000-0xfe9fffff window]
[    0.506135] pci_bus 0000:0c: root bus resource [mem 0xac0000000-0xac000ffff window]
[    0.506952] pci_bus 0000:0c: root bus resource [mem 0xb00000000-0xcffffffff window]
[    0.507135] pci_bus 0000:0c: root bus resource [bus 0c-0d]
[    0.508258] pci 0000:0c:00.0: [8086:7075] type 01 class 0x060400 PCIe Root Port
[    0.510593] pci 0000:0c:00.0: BAR 0 [mem 0xac0000000-0xac000ffff 64bit]
[    0.511149] pci 0000:0c:00.0: PCI bridge to [bus 0d]
[    0.511720] pci 0000:0c:00.0:   bridge window [mem 0xfe800000-0xfe9fffff]
[    0.513913] pci 0000:0c:00.0:   bridge window [mem 0xb00000000-0xcffffffff 64bit pref]
[    0.514195] pci 0000:0c:00.0: enabling Extended Tags
[    0.524671] pci 0000:0d:00.0: [8086:0d92] type 00 class 0x050210 PCIe Endpoint
[    0.526722] pci 0000:0d:00.0: BAR 0 [mem 0xfe800000-0xfe80ffff 64bit]
[    0.527149] pci 0000:0d:00.0: BAR 2 [mem 0xc00000000-0xc0fffffff 64bit pref]
[    0.528146] pci 0000:0d:00.0: BAR 4 [mem 0xb00000000-0xbffffffff 64bit pref]
[    0.528925] pci 0000:0d:00.0: ROM [mem 0xfe810000-0xfe810fff pref]
[    0.529171] pci 0000:0d:00.0: enabling Extended Tags
[    0.530971] pci 0000:0c:00.0: PCI bridge to [bus 0d]
[    0.532336] iommu: Default domain type: Translated
[    0.533136] iommu: DMA domain TLB invalidation policy: lazy mode
[    0.535282] SCSI subsystem initialized
[    0.535726] ACPI: bus type USB registered
[    0.536147] usbcore: registered new interface driver usbfs
[    0.537138] usbcore: registered new interface driver hub
[    0.537725] usbcore: registered new device driver usb
[    0.538148] pps_core: LinuxPPS API ver. 1 registered
[    0.538698] pps_core: Software ver. 5.3.6 - Copyright 2005-2007 Rodolfo Giometti <giometti@linux.it>
[    0.539136] PTP clock support registered
[    0.540184] EDAC MC: Ver: 3.0.0
[    0.541320] NetLabel: Initializing
[    0.541724] NetLabel:  domain hash size = 128
[    0.542135] NetLabel:  protocols = UNLABELED CIPSOv4 CALIPSO
[    0.542770] NetLabel:  unlabeled traffic allowed by default
[    0.544148] mctp: management component transport protocol core
[    0.544788] NET: Registered PF_MCTP protocol family
[    0.545141] PCI: Using ACPI for IRQ routing
[    0.659061] pci 0000:00:01.0: BAR 2 [mem 0xfea50000-0xfea50fff]: can't claim; no compatible bridge window
[    0.659142] pci 0000:00:02.0: BAR 1 [mem 0xfea51000-0xfea51fff]: can't claim; no compatible bridge window
[    0.660141] pci 0000:00:03.0: BAR 1 [mem 0xfea52000-0xfea52fff]: can't claim; no compatible bridge window
[    0.661141] pci 0000:00:04.0: BAR 1 [mem 0xfea53000-0xfea53fff]: can't claim; no compatible bridge window
[    0.662154] pci 0000:00:1f.2: BAR 5 [mem 0xfea54000-0xfea54fff]: can't claim; no compatible bridge window
[    0.664151] pci 0000:00:01.0: vgaarb: setting as boot VGA device
[    0.664759] pci 0000:00:01.0: vgaarb: bridge control possible
[    0.665133] pci 0000:00:01.0: vgaarb: VGA device added: decodes=io+mem,owns=io+mem,locks=none
[    0.665135] vgaarb: loaded
[    0.665413] hpet: 3 channels of 0 reserved for per-cpu timers
[    0.666156] hpet0: at MMIO 0xfed00000, IRQs 2, 8, 0
[    0.666686] hpet0: 3 comparators, 64-bit 100.000000 MHz counter
[    0.671196] clocksource: Switched to clocksource kvm-clock
[    0.673510] VFS: Disk quotas dquot_6.6.0
[    0.673932] VFS: Dquot-cache hash table entries: 512 (order 0, 4096 bytes)
[    0.675033] AppArmor: AppArmor Filesystem Enabled
[    0.675570] pnp: PnP ACPI init
[    0.676015] system 00:05: [mem 0xb0000000-0xbfffffff window] has been reserved
[    0.677109] pnp: PnP ACPI: found 6 devices
[    0.686414] clocksource: acpi_pm: mask: 0xffffff max_cycles: 0xffffff, max_idle_ns: 2085701024 ns
[    0.687541] NET: Registered PF_INET protocol family
[    0.688555] IP idents hash table entries: 262144 (order: 9, 2097152 bytes, linear)
[    0.701433] tcp_listen_portaddr_hash hash table entries: 8192 (order: 5, 131072 bytes, linear)
[    0.702441] Table-perturb hash table entries: 65536 (order: 6, 262144 bytes, linear)
[    0.703380] TCP established hash table entries: 131072 (order: 8, 1048576 bytes, linear)
[    0.704838] TCP bind hash table entries: 65536 (order: 9, 2097152 bytes, linear)
[    0.705906] TCP: Hash tables configured (established 131072 bind 65536)
[    0.706814] MPTCP token hash table entries: 16384 (order: 6, 393216 bytes, linear)
[    0.708041] UDP hash table entries: 8192 (order: 7, 524288 bytes, linear)
[    0.708915] UDP-Lite hash table entries: 8192 (order: 7, 524288 bytes, linear)
[    0.709817] NET: Registered PF_UNIX/PF_LOCAL protocol family
[    0.710449] NET: Registered PF_XDP protocol family
[    0.711074] pci 0000:00:02.0: ROM [mem 0xfea00000-0xfea3ffff pref]: can't claim; no compatible bridge window
[    0.712131] pci 0000:00:02.0: ROM [mem 0x80000000-0x8003ffff pref]: assigned
[    0.712899] pci 0000:00:01.0: BAR 2 [mem 0x80040000-0x80040fff]: assigned
[    0.714170] pci 0000:00:02.0: BAR 1 [mem 0x80041000-0x80041fff]: assigned
[    0.715390] pci 0000:00:03.0: BAR 1 [mem 0x80042000-0x80042fff]: assigned
[    0.716566] pci 0000:00:04.0: BAR 1 [mem 0x80043000-0x80043fff]: assigned
[    0.717798] pci 0000:00:1f.2: BAR 5 [mem 0x80044000-0x80044fff]: assigned
[    0.718984] pci_bus 0000:00: resource 4 [io  0x0000-0x0cf7 window]
[    0.719668] pci_bus 0000:00: resource 5 [io  0x0d00-0xffff window]
[    0.720345] pci_bus 0000:00: resource 6 [mem 0x000a0000-0x000bffff window]
[    0.721078] pci_bus 0000:00: resource 7 [mem 0x80000000-0xafffffff window]
[    0.721834] pci_bus 0000:00: resource 8 [mem 0xc0000000-0xfe7fffff window]
[    0.722591] pci_bus 0000:00: resource 9 [mem 0xac0010000-0xaffffffff window]
[    0.723353] pci_bus 0000:00: resource 10 [mem 0xd00000000-0x14ffffffff window]
[    0.724136] pci 0000:0c:00.0: bridge window [io  0x1000-0x0fff] to [bus 0d] add_size 1000
[    0.725562] pci 0000:0c:00.0: bridge window [io  size 0x1000]: can't assign; no space
[    0.726400] pci 0000:0c:00.0: bridge window [io  size 0x1000]: failed to assign
[    0.727216] pci 0000:0c:00.0: bridge window [io  size 0x1000]: can't assign; no space
[    0.728036] pci 0000:0c:00.0: bridge window [io  size 0x1000]: failed to assign
[    0.728845] pci 0000:0c:00.0: PCI bridge to [bus 0d]
[    0.729879] pci 0000:0c:00.0:   bridge window [mem 0xfe800000-0xfe9fffff]
[    0.731209] pci 0000:0c:00.0:   bridge window [mem 0xb00000000-0xcffffffff 64bit pref]
[    0.732853] pci_bus 0000:0c: Some PCI device resources are unassigned, try booting with pci=realloc
[    0.733861] pci_bus 0000:0c: resource 4 [mem 0xfe800000-0xfe9fffff window]
[    0.734610] pci_bus 0000:0c: resource 5 [mem 0xac0000000-0xac000ffff window]
[    0.735989] pci_bus 0000:0c: resource 6 [mem 0xb00000000-0xcffffffff window]
[    0.736760] pci_bus 0000:0d: resource 0 [io  size 0x1000]
[    0.737352] pci_bus 0000:0d: resource 1 [mem 0xfe800000-0xfe9fffff]
[    0.738012] pci_bus 0000:0d: resource 2 [mem 0xb00000000-0xcffffffff 64bit pref]
[    0.738915] PCI: CLS 0 bytes, default 64
[    0.739396] PCI-DMA: Using software bounce buffering for IO (SWIOTLB)
[    0.740090] software IO TLB: mapped [mem 0x000000007bfdc000-0x000000007ffdc000] (64MB)
[    0.740984] clocksource: tsc: mask: 0xffffffffffffffff max_cycles: 0x39a85c9bff6, max_idle_ns: 881590591483 ns
[    0.742708] Initialise system trusted keyrings
[    0.743233] Key type blacklist registered
[    0.744074] workingset: timestamp_bits=36 max_order=22 bucket_order=0
[    0.746113] squashfs: version 4.0 (2009/01/31) Phillip Lougher
[    0.747915] fuse: init (API version 7.45)
[    0.749356] integrity: Platform Keyring initialized
[    0.749889] integrity: Machine keyring initialized
[    0.756368] Key type asymmetric registered
[    0.756801] Asymmetric key parser 'x509' registered
[    0.757372] Block layer SCSI generic (bsg) driver version 0.4 loaded (major 242)
[    0.758770] io scheduler mq-deadline registered
[    0.761213] ledtrig-cpu: registered to indicate activity on CPUs
[    0.762304] ACPI: \_SB_.LNKD: Enabled at IRQ 11
[    0.763616] pcieport 0000:0c:00.0: PME: Signaling with IRQ 24
[    0.765084] pcieport 0000:0c:00.0: AER: enabled with IRQ 24
[    0.765738] pcieport 0000:0c:00.0: pciehp: Slot #0 AttnBtn+ PwrCtrl+ MRL- AttnInd+ PwrInd+ HotPlug+ Surprise+ Interlock+ NoCompl- IbPresDis- LLActRep+ (with Cmd Compl erratum)
[    0.769167] input: Power Button as /devices/LNXSYSTM:00/LNXPWRBN:00/input/input0
[    0.770000] ACPI: button: Power Button [PWRF]
[    0.772372] ACPI: \_SB_.GSIG: Enabled at IRQ 22
[    0.773851] ACPI: \_SB_.GSIH: Enabled at IRQ 23
[    0.775236] ACPI: \_SB_.GSIE: Enabled at IRQ 20
[    0.776924] Serial: 8250/16550 driver, 32 ports, IRQ sharing enabled
[    0.800160] 00:03: ttyS0 at I/O 0x3f8 (irq = 4, base_baud = 115200) is a 16550A
[    0.804464] Linux agpgart interface v0.103
[    0.804985] ACPI: bus type drm_connector registered
[    0.808125] loop: module loaded
[    0.808641] virtio_blk virtio2: 4/0/0 default/read/poll queues
[    0.810576] virtio_blk virtio2: [vda] 104857600 512-byte logical blocks (53.7 GB/50.0 GiB)
[    0.813218] tun: Universal TUN/TAP device driver, 1.6
[    0.815239] PPP generic driver version 2.4.2
[    0.815885] i8042: PNP: PS/2 Controller [PNP0303:KBD,PNP0f13:MOU] at 0x60,0x64 irq 1,12
[    0.817674] serio: i8042 KBD port at 0x60,0x64 irq 1
[    0.818237] serio: i8042 AUX port at 0x60,0x64 irq 12
[    0.818934] mousedev: PS/2 mouse device common for all mice
[    0.819777] input: AT Translated Set 2 keyboard as /devices/platform/i8042/serio0/input/input1
[    0.821092] rtc_cmos 00:04: RTC can wake from S4
[    0.825772] rtc_cmos 00:04: registered as rtc0
[    0.827002] rtc_cmos 00:04: setting system clock to 2026-04-29T22:50:45 UTC (1777503045)
[    0.829085] rtc_cmos 00:04: alarms up to one day, y3k, 242 bytes nvram, hpet irqs
[    0.830890] i2c_dev: i2c /dev entries driver
[    0.831988] device-mapper: core: CONFIG_IMA_DISABLE_HTABLE is disabled. Duplicate IMA measurements will not be recorded in the IMA log.
[    0.834740] device-mapper: uevent: version 1.0.3
[    0.836069] device-mapper: ioctl: 4.50.0-ioctl (2025-04-28) initialised: dm-devel@lists.linux.dev
[    0.837704] intel_pstate: CPU model not supported
[    0.838655] drop_monitor: Initializing network drop monitor service
[    0.840080] NET: Registered PF_INET6 protocol family
[    0.842281] Segment Routing with IPv6
[    0.842840] In-situ OAM (IOAM) with IPv6
[    0.843317] NET: Registered PF_PACKET protocol family
[    0.844673] Key type dns_resolver registered
[    0.846507] IPI shorthand broadcast: enabled
[    0.848066] sched_clock: Marking stable (751001900, 96500758)->(853773724, -6271066)
[    0.849784] registered taskstats version 1
[    0.851634] Loading compiled-in X.509 certificates
[    0.852924] Loaded X.509 cert 'Build time autogenerated kernel key: a905e4b6ea12bd1caa75aa6fecf1a1500005ba3b'
[    0.856770] Demotion targets for Node 0: null
[    0.857636] Key type .fscrypt registered
[    0.858047] Key type fscrypt-provisioning registered
[    0.861706] Key type encrypted registered
[    0.862122] AppArmor: AppArmor sha256 policy hashing enabled
[    0.862774] ima: No TPM chip found, activating TPM-bypass!
[    0.863373] Loading compiled-in module X.509 certificates
[    0.864275] Loaded X.509 cert 'Build time autogenerated kernel key: a905e4b6ea12bd1caa75aa6fecf1a1500005ba3b'
[    0.865330] ima: Allocated hash algorithm: sha256
[    0.865845] ima: No architecture policies found
[    0.866358] evm: Initialising EVM extended attributes:
[    0.866908] evm: security.selinux
[    0.867286] evm: security.SMACK64
[    0.867646] evm: security.SMACK64EXEC
[    0.868038] evm: security.SMACK64TRANSMUTE
[    0.868621] evm: security.SMACK64MMAP
[    0.869011] evm: security.apparmor
[    0.869395] evm: security.ima
[    0.869726] evm: security.capability
[    0.870103] evm: HMAC attrs: 0x1
[    0.870717] PM:   Magic number: 6:291:857
[    0.872434] RAS: Correctable Errors collector initialized.
[    0.877399] clk: Disabling unused clocks
[    0.877856] PM: genpd: Disabling unused power domains
[    0.878698] check access for rdinit=/init failed: -2, ignoring
[    0.879226] md: Waiting for all devices to be available before autodetect
[    0.879795] md: If you don't use raid, use raid=noautodetect
[    0.880302] md: Autodetecting RAID arrays.
[    0.880629] md: autorun ...
[    0.880838] md: ... autorun DONE.
[    1.040238] EXT4-fs (vda): recovery complete
[    1.048233] EXT4-fs (vda): mounted filesystem 412a31d6-761b-4b59-b4f9-53f8a4b8ad2f r/w with ordered data mode. Quota mode: none.
[    1.049081] VFS: Mounted root (ext4 filesystem) on device 253:0.
[    1.050665] devtmpfs: mounted
[    1.052717] Freeing unused decrypted memory: 2036K
[    1.053932] Freeing unused kernel image (initmem) memory: 3056K
[    1.054429] Write protecting the kernel read-only data: 34816k
[    1.055977] Freeing unused kernel image (text/rodata gap) memory: 4K
[    1.057286] Freeing unused kernel image (rodata/data gap) memory: 680K
[    1.065160] x86/mm: Checked W+X mappings: passed, no W+X pages found.
[    1.065610] Run /sbin/init as init process
[    1.132177] systemd[1]: Inserted module 'autofs4'
[    1.138613] random: crng init done
[!p]104[?7h[    1.179051] systemd[1]: systemd 257.7-1 running in system mode (+PAM +AUDIT +SELINUX +APPARMOR +IMA +IPE +SMACK +SECCOMP +GCRYPT -GNUTLS +OPENSSL +ACL +BLKID +CURL +ELFUTILS +FIDO2 +IDN2 -IDN +IPTC +KMOD +LIBCRYPTSETUP +LIBCRYPTSETUP_PLUGINS +LIBFDISK +PCRE2 +PWQUALITY +P11KIT +QRENCODE +TPM2 +BZIP2 +LZ4 +XZ +ZLIB +ZSTD +BPF_FRAMEWORK +BTF -XKBCOMMON -UTMP +SYSVINIT +LIBARCHIVE)
[    1.181391] systemd[1]: Detected virtualization kvm.
[    1.181753] systemd[1]: Detected architecture x86-64.

[0;1;39mWelcome to [0m[1mDebian GNU/Linux 13 (trixie)[0m[0;1;39m![0m

[    1.184351] systemd[1]: Hostname set to <node1>.
[    1.222479] systemd[1]: bpf-restrict-fs: BPF LSM hook not enabled in the kernel, BPF LSM not supported.
[    1.258158] Guest personality initialized and is inactive
[    1.258663] VMCI host device registered (name=vmci, major=10, minor=261)
[    1.259161] Initialized host personality
[    1.266875] NET: Registered PF_VSOCK protocol family
[    1.379795] systemd[1]: Queued start job for default target graphical.target.
[    1.412997] systemd[1]: Created slice system-getty.slice - Slice /system/getty.
[[0;32m  OK  [0m] Created slice [0;1;39msystem-getty.slice[0m - Slice /system/getty.
[    1.416756] systemd[1]: Created slice system-modprobe.slice - Slice /system/modprobe.
[[0;32m  OK  [0m] Created slice [0;1;39msystem-modprobe.slice[0m - Slice /system/modprobe.
[    1.420846] systemd[1]: Created slice system-serial\x2dgetty.slice - Slice /system/serial-getty.
[[0;32m  OK  [0m] Created slice [0;1;39msystem-serial\x2dget…slice[0m - Slice /system/serial-getty.
[    1.425027] systemd[1]: Created slice user.slice - User and Session Slice.
[[0;32m  OK  [0m] Created slice [0;1;39muser.slice[0m - User and Session Slice.
[    1.428060] systemd[1]: Started systemd-ask-password-console.path - Dispatch Password Requests to Console Directory Watch.
[[0;32m  OK  [0m] Started [0;1;39msystemd-ask-password-conso…[0mequests to Console Directory Watch.
[    1.429875] systemd[1]: Started systemd-ask-password-wall.path - Forward Password Requests to Wall Directory Watch.
[[0;32m  OK  [0m] Started [0;1;39msystemd-ask-password-wall.…[0md Requests to Wall Directory Watch.
[    1.431776] systemd[1]: Set up automount proc-sys-fs-binfmt_misc.automount - Arbitrary Executable File Formats File System Automount Point.
[[0;32m  OK  [0m] Set up automount [0;1;39mproc-sys-fs-binfm…[0mormats File System Automount Point.
[    1.433519] systemd[1]: Expecting device dev-ttyS0.device - /dev/ttyS0...
         Expecting device [0;1;39mdev-ttyS0.device[0m - /dev/ttyS0...
[    1.434758] systemd[1]: Reached target paths.target - Path Units.
[[0;32m  OK  [0m] Reached target [0;1;39mpaths.target[0m - Path Units.
[    1.435856] systemd[1]: Reached target slices.target - Slice Units.
[[0;32m  OK  [0m] Reached target [0;1;39mslices.target[0m - Slice Units.
[    1.436935] systemd[1]: Reached target swap.target - Swaps.
[[0;32m  OK  [0m] Reached target [0;1;39mswap.target[0m - Swaps.
[    1.454804] systemd[1]: Listening on rpcbind.socket - RPCbind Server Activation Socket.
[[0;32m  OK  [0m] Listening on [0;1;39mrpcbind.socket[0m - RPCbind Server Activation Socket.
[    1.457062] systemd[1]: Listening on systemd-creds.socket - Credential Encryption/Decryption.
[[0;32m  OK  [0m] Listening on [0;1;39msystemd-creds.socket[0m - Credential Encryption/Decryption.
[    1.458625] systemd[1]: Listening on systemd-initctl.socket - initctl Compatibility Named Pipe.
[[0;32m  OK  [0m] Listening on [0;1;39msystemd-initctl.socke…[0m- initctl Compatibility Named Pipe.
[    1.460135] systemd[1]: Listening on systemd-journald-dev-log.socket - Journal Socket (/dev/log).
[[0;32m  OK  [0m] Listening on [0;1;39msystemd-journald-dev-…socket[0m - Journal Socket (/dev/log).
[    1.461656] systemd[1]: Listening on systemd-journald.socket - Journal Sockets.
[[0;32m  OK  [0m] Listening on [0;1;39msystemd-journald.socket[0m - Journal Sockets.
[    1.462983] systemd[1]: Listening on systemd-networkd.socket - Network Service Netlink Socket.
[[0;32m  OK  [0m] Listening on [0;1;39msystemd-networkd.socket[0m - Network Service Netlink Socket.
[    1.464453] systemd[1]: systemd-pcrextend.socket - TPM PCR Measurements was skipped because of an unmet condition check (ConditionSecurity=measured-uki).
[    1.465470] systemd[1]: systemd-pcrlock.socket - Make TPM PCR Policy was skipped because of an unmet condition check (ConditionSecurity=measured-uki).
[    1.466492] systemd[1]: Listening on systemd-udevd-control.socket - udev Control Socket.
[[0;32m  OK  [0m] Listening on [0;1;39msystemd-udevd-control.socket[0m - udev Control Socket.
[    1.467908] systemd[1]: Listening on systemd-udevd-kernel.socket - udev Kernel Socket.
[[0;32m  OK  [0m] Listening on [0;1;39msystemd-udevd-kernel.socket[0m - udev Kernel Socket.
[    1.470484] systemd[1]: Mounting dev-hugepages.mount - Huge Pages File System...
         Mounting [0;1;39mdev-hugepages.mount[0m - Huge Pages File System...
[    1.472493] systemd[1]: Mounting dev-mqueue.mount - POSIX Message Queue File System...
         Mounting [0;1;39mdev-mqueue.mount[0m - POSIX Message Queue File System...
[    1.474804] systemd[1]: Mounting run-lock.mount - Legacy Locks Directory /run/lock...
         Mounting [0;1;39mrun-lock.mount[0m - Legacy Locks Directory /run/lock...
[    1.481654] systemd[1]: Mounting sys-kernel-debug.mount - Kernel Debug File System...
         Mounting [0;1;39msys-kernel-debug.mount[0m - Kernel Debug File System...
[    1.483681] systemd[1]: Mounting sys-kernel-tracing.mount - Kernel Trace File System...
         Mounting [0;1;39msys-kernel-tracing.mount[0m - Kernel Trace File System...
[    1.486602] systemd[1]: Mounting tmp.mount - Temporary Directory /tmp...
         Mounting [0;1;39mtmp.mount[0m - Temporary Directory /tmp...
[    1.489018] systemd[1]: auth-rpcgss-module.service - Kernel Module supporting RPCSEC_GSS was skipped because of an unmet condition check (ConditionPathExists=/etc/krb5.keytab).
[    1.491603] systemd[1]: Starting kmod-static-nodes.service - Create List of Static Device Nodes...
         Starting [0;1;39mkmod-static-nodes.service[0m…eate List of Static Device Nodes...
[    1.494270] systemd[1]: Starting modprobe@configfs.service - Load Kernel Module configfs...
         Starting [0;1;39mmodprobe@configfs.service[0m - Load Kernel Module configfs...
[    1.496402] systemd[1]: Starting modprobe@drm.service - Load Kernel Module drm...
         Starting [0;1;39mmodprobe@drm.service[0m - Load Kernel Module drm...
[    1.498388] systemd[1]: Starting modprobe@efi_pstore.service - Load Kernel Module efi_pstore...
         Starting [0;1;39mmodprobe@efi_pstore.servi…[0m - Load Kernel Module efi_pstore...
[    1.501658] systemd[1]: Starting modprobe@fuse.service - Load Kernel Module fuse...
         Starting [0;1;39mmodprobe@fuse.service[0m - Load Kernel Module fuse...
[    1.503173] systemd[1]: systemd-hibernate-clear.service - Clear Stale Hibernate Storage Info was skipped because of an unmet condition check (ConditionPathExists=/sys/firmware/efi/efivars/HibernateLocation-8cf2644b-4b0b-428f-9387-6d876050dc67).
[    1.506262] systemd[1]: Starting systemd-journald.service - Journal Service...
         Starting [0;1;39msystemd-journald.service[0m - Journal Service...
[    1.508553] systemd[1]: Starting systemd-modules-load.service - Load Kernel Modules...
         Starting [0;1;39msystemd-modules-load.service[0m - Load Kernel Modules...
[    1.509963] systemd[1]: systemd-pcrmachine.service - TPM PCR Machine ID Measurement was skipped because of an unmet condition check (ConditionSecurity=measured-uki).
[    1.511682] systemd[1]: Starting systemd-remount-fs.service - Remount Root and Kernel File Systems...
         Starting [0;1;39msystemd-remount-fs.servic…[0munt Root and Kernel File Systems...
[    1.513424] systemd[1]: systemd-tpm2-setup-early.service - Early TPM SRK Setup was skipped because of an unmet condition check (ConditionSecurity=measured-uki).
[    1.515774] systemd[1]: Starting systemd-udev-load-credentials.service - Load udev Rules from Credentials...
         Starting [0;1;39msystemd-udev-load-credent…[0mLoad udev Rules from Credentials...
[    1.519443] systemd[1]: Starting systemd-udev-trigger.service - Coldplug All udev Devices...
         Starting [0;1;39msystemd-udev-trigger.service[0m - Coldplug All udev Devices...
[    1.521724] systemd-journald[134]: Collecting audit messages is disabled.
[    1.522138] systemd[1]: Mounted dev-hugepages.mount - Huge Pages File System.
[[0;32m  OK  [0m] Mounted [0;1;39mdev-hugepages.mount[0m - Huge Pages File System.
[    1.523846] systemd[1]: Mounted dev-mqueue.mount - POSIX Message Queue File System.
[[0;32m  OK  [0m] Mounted [0;1;39mdev-mqueue.mount[0m - POSIX Message Queue File System.
[    1.525306] systemd[1]: Mounted run-lock.mount - Legacy Locks Directory /run/lock.
[[0;32m  OK  [0m] Mounted [0;1;39mrun-lock.mount[0m - Legacy Locks Directory /run/lock.
[    1.526863] systemd[1]: Mounted sys-kernel-debug.mount - Kernel Debug File System.
[[0;32m  OK  [0m] Mounted [0;1;39msys-kernel-debug.mount[0m - Kernel Debug File System.
[    1.528274] systemd[1]: Mounted sys-kernel-tracing.mount - Kernel Trace File System.
[[0;32m  OK  [0m] Mounted [0;1;39msys-kernel-tracing.mount[0m - Kernel Trace File System.
[    1.529696] systemd[1]: Mounted tmp.mount - Temporary Directory /tmp.
[[0;32m  OK  [0m] Mounted [0;1;39mtmp.mount[0m - Temporary Directory /tmp.
[    1.531000] systemd[1]: Finished kmod-static-nodes.service - Create List of Static Device Nodes.
[[0;32m  OK  [0m] Finished [0;1;39mkmod-static-nodes.service[0m…Create List of Static Device Nodes.
[    1.532774] systemd[1]: modprobe@configfs.service: Deactivated successfully.
[    1.533447] systemd[1]: Finished modprobe@configfs.service - Load Kernel Module configfs.
[[0;32m  OK  [0m] Finished [0;1;39mmodprobe@configfs.service[0m - Load Kernel Module configfs.
[    1.535066] systemd[1]: modprobe@drm.service: Deactivated successfully.
[    1.535765] systemd[1]: Finished modprobe@drm.service - Load Kernel Module drm.
[[0;32m  OK  [0m] Finished [0;1;39mmodprobe@drm.service[0m - Load Kernel Module drm.
[    1.537144] systemd[1]: Started systemd-journald.service - Journal Service.
[[0;32m  OK  [0m] Started [0;1;39msystemd-journald.service[0m - Journal Service.
[[0;32m  OK  [0m] Finished [0;1;39mmodprobe@efi_pstore.service[0m - Load Kernel Module efi_pstore.
[[0;32m  OK  [0m] Finished [0;1;39mmodprobe@fuse.service[0m - Load Kernel Module fuse.
[[0;32m  OK  [0m] Finished [0;1;39msystemd-modules-load.service[0m - Load Kernel Modules.
[[0;32m  OK  [0m] Finished [0;1;39msystemd-remount-fs.servic…[0mmount Root and Kernel File Systems.
[[0;32m  OK  [0m] Finished [0;1;39msystemd-udev-load-credent…[0m- Load udev Rules from Credentials.
         Mounting [0;1;39msys-fs-fuse-connections.mount[0m - FUSE Control File System...
         Mounting [0;1;39msys-kernel-config.mount[0m - Kernel Configuration File System...
         Starting [0;1;39msystemd-journal-flush.ser…[0msh Journal to Persistent Storage...
         Starting [0;1;39msystemd-random-seed.service[0m - Load/Save OS Random Seed...
         Starting [0;1;39msystemd-sysctl.service[0m - Apply Kernel Variables...
[    1.563306] systemd-journald[134]: Received client request to flush runtime journal.
         Starting [0;1;39msystemd-tmpfiles-setup-de…[0m Device Nodes in /dev gracefully...
[[0;32m  OK  [0m] Mounted [0;1;39msys-fs-fuse-connections.mount[0m - FUSE Control File System.
[    1.569324] systemd-journald[134]: File /var/log/journal/052ada13ad154e7481baeec066fefe4c/system.journal corrupted or uncleanly shut down, renaming and replacing.
[[0;32m  OK  [0m] Finished [0;1;39msystemd-udev-trigger.service[0m - Coldplug All udev Devices.
[[0;32m  OK  [0m] Mounted [0;1;39msys-kernel-config.mount[0m - Kernel Configuration File System.
         Starting [0;1;39mifupdown-pre.service[0m - He…synchronize boot up for ifupdown...
[[0;32m  OK  [0m] Finished [0;1;39msystemd-random-seed.service[0m - Load/Save OS Random Seed.
[[0;32m  OK  [0m] Finished [0;1;39msystemd-sysctl.service[0m - Apply Kernel Variables.
[[0;32m  OK  [0m] Finished [0;1;39msystemd-tmpfiles-setup-de…[0mic Device Nodes in /dev gracefully.
         Starting [0;1;39msystemd-tmpfiles-setup-de…[0meate Static Device Nodes in /dev...
[[0;32m  OK  [0m] Finished [0;1;39msystemd-tmpfiles-setup-de…[0mCreate Static Device Nodes in /dev.
[[0;32m  OK  [0m] Reached target [0;1;39mlocal-fs-pre.target[0m…Preparation for Local File Systems.
[[0;32m  OK  [0m] Reached target [0;1;39mlocal-fs.target[0m - Local File Systems.
[[0;32m  OK  [0m] Listening on [0;1;39msystemd-sysext.socket[0m… System Extension Image Management.
         Starting [0;1;39msystemd-binfmt.service[0m - Set Up Additional Binary Formats...
         Starting [0;1;39msystemd-udevd.service[0m - R…ager for Device Events and Files...
[[0;32m  OK  [0m] Finished [0;1;39msystemd-journal-flush.ser…[0mlush Journal to Persistent Storage.
         Starting [0;1;39msystemd-tmpfiles-setup.se…[0mate System Files and Directories...
[[0;32m  OK  [0m] Finished [0;1;39msystemd-tmpfiles-setup.se…[0mreate System Files and Directories.
         Starting [0;1;39mrpcbind.service[0m - RPC bind portmap service...
[[0;32m  OK  [0m] Started [0;1;39mrpcbind.service[0m - RPC bind portmap service.
[[0;32m  OK  [0m] Reached target [0;1;39mrpcbind.target[0m - RPC Port Mapper.
[[0;32m  OK  [0m] Started [0;1;39msystemd-udevd.service[0m - Ru…anager for Device Events and Files.
         Starting [0;1;39msystemd-networkd.service[0m - Network Configuration...
[    1.684754] virtio_net virtio0 enp0s2: renamed from eth0
         Expecting device [0;1;39msys-subsystem-net…[0msys/subsystem/net/devices/enp0s2...
[[0;32m  OK  [0m] Found device [0;1;39mdev-ttyS0.device[0m - /dev/ttyS0.
[    1.724395] lpc_ich 0000:00:1f.0: I/O space for GPIO uninitialized
[    1.728129] input: PC Speaker as /devices/platform/pcspkr/input/input3
[    1.732474] ACPI: \_SB_.GSIA: Enabled at IRQ 16
[    1.734215] ahci 0000:00:1f.2: AHCI vers 0001.0000, 32 command slots, 1.5 Gbps, SATA mode
[    1.734844] ahci 0000:00:1f.2: 6/6 ports implemented (port mask 0x3f)
[    1.735338] ahci 0000:00:1f.2: flags: 64bit ncq only 
[    1.736768] cxl_core: loading out-of-tree module taints kernel.
[    1.737130] bochs-drm 0000:00:01.0: vgaarb: deactivate vga console
[    1.737244] cxl_core: module verification failed: signature and/or required key missing - tainting kernel
[    1.738432] input: VirtualPS/2 VMware VMMouse as /devices/platform/i8042/serio1/input/input5
[    1.740540] input: VirtualPS/2 VMware VMMouse as /devices/platform/i8042/serio1/input/input4
[    1.744397] Console: switching to colour dummy device 80x25
[    1.749142] scsi host0: ahci
[    1.749361] [drm] Found bochs VGA, ID 0xb0c5.
[    1.749982] [drm] Framebuffer size 16384 kB @ 0xfd000000, mmio @ 0x80040000.
[    1.752277] scsi host1: ahci
[    1.753690] [drm] Initialized bochs-drm 1.0.0 for 0000:00:01.0 on minor 0
[    1.756227] i801_smbus 0000:00:1f.3: SMBus using PCI interrupt
[    1.757022] i2c i2c-0: Memory type 0x07 not supported yet, not instantiating SPD
[    1.758160] fbcon: bochs-drmdrmfb (fb0) is primary device
[    1.758226] scsi host2: ahci
[    1.758512] scsi host3: ahci
[    1.763079] Console: switching to colour frame buffer device 160x50
[    1.766189] scsi host4: ahci
[    1.767069] parport_pc 00:02: reported by Plug and Play ACPI
[    1.767230] parport0: PC-style at 0x378, irq 7 [PCSPP,TRISTATE]
[    1.769278] cxl_type2_accel 0000:0d:00.0: CXL Type 2 Accelerator driver probing
[    1.769371] bochs-drm 0000:00:01.0: [drm] fb0: bochs-drmdrmfb frame buffer device
[    1.770559] cxl_type2_accel 0000:0d:00.0: CXL DVSEC: cap=0x001f ctrl=0x0007
[    1.771256]  pci0000:0c: host supports CXL
[    1.771355] scsi host5: ahci
[    1.771441] ata1: SATA max UDMA/133 abar m4096@0x80044000 port 0x80044100 irq 35 lpm-pol 1
[    1.771466] ata2: SATA max UDMA/133 abar m4096@0x80044000 port 0x80044180 irq 35 lpm-pol 1
[    1.771473] ata3: SATA max UDMA/133 abar m4096@0x80044000 port 0x80044200 irq 35 lpm-pol 1
[    1.771477] ata4: SATA max UDMA/133 abar m4096@0x80044000 port 0x80044280 irq 35 lpm-pol 1
[    1.771483] ata5: SATA max UDMA/133 abar m4096@0x80044000 port 0x80044300 irq 35 lpm-pol 1
[    1.771512] ata6: SATA max UDMA/133 abar m4096@0x80044000 port 0x80044380 irq 35 lpm-pol 1
[    1.771802] cxl_type2_accel 0000:0d:00.0: CXL.cache capable
[    1.771804] cxl_type2_accel 0000:0d:00.0: CXL.io capable
[    1.771805] cxl_type2_accel 0000:0d:00.0: CXL.mem capable
[    1.771816] cxl_type2_accel 0000:0d:00.0: CXL DVSEC ctrl=0x4007: Cache+ IO+ Mem+ Viral+
[    1.779482] cxl_type2_accel 0000:0d:00.0: Component registers mapped
[    1.780129] cxl_type2_accel 0000:0d:00.0: Cache configured: 128 MB, 64-byte lines
[[0;32m  OK  [0m] Listening on [0;1;39msystemd-rfkill.socket[0m…ll Switch Status /dev/rfkill Watch.
[[0;32m  OK  [0m] Found device [0;1;39msys-subsystem-net-dev…0s2.device[0m - Virtio network device.
[    1.790061] pcieport 0000:0c:00.0: CXL snoop filter has no capacity
[    1.790749] cxl_type2_accel 0000:0d:00.0: CXL cache device registered successfully
[[0;32m  OK  [0m] Started [0;1;39mifup@enp0s2.service[0m - ifup for enp0s2.[    1.792546] cxl_type2_accel 0000:0d:00.0: CXL memory device registered (mem0)
[    1.793236] cxl_type2_accel 0000:0d:00.0: CXL Type 2 Accelerator driver probed successfully

[    1.802546] iTCO_vendor_support: vendor-support=0
[    1.866329] ppdev: user-space parallel port driver
[    2.080005] ata4: SATA link down (SStatus 0 SControl 300)
[    2.084621] ata3: SATA link up 1.5 Gbps (SStatus 113 SControl 300)
[    2.086815] ata1: SATA link down (SStatus 0 SControl 300)
[    2.088630] ata3.00: ATAPI: QEMU DVD-ROM, 2.5+, max UDMA/100
[    2.090784] ata3.00: applying bridge limits
[    2.091799] ata3.00: configured for UDMA/100
[    2.092988] ata6: SATA link down (SStatus 0 SControl 300)
[    2.095470] ata2: SATA link down (SStatus 0 SControl 300)
[    2.096288] scsi 2:0:0:0: CD-ROM            QEMU     QEMU DVD-ROM     2.5+ PQ: 0 ANSI: 5
[    2.096332] ata5: SATA link down (SStatus 0 SControl 300)
[    2.133371] sr 2:0:0:0: [sr0] scsi3-mmc drive: 4x/4x cd/rw xa/form2 tray
[    2.134371] cdrom: Uniform CD-ROM driver Revision: 3.20
[    2.166878] sr 2:0:0:0: Attached scsi generic sg0 type 5
[    2.186380] iTCO_wdt iTCO_wdt.1.auto: Found a ICH9 TCO device (Version=2, TCOBASE=0x0660)
[    2.190195] iTCO_wdt iTCO_wdt.1.auto: initialized. heartbeat=30 sec (nowayout=0)
[    2.201106] 8021q: 802.1Q VLAN Support v1.8
[    2.203887] Error: Driver 'pcspkr' is already registered, aborting...
[    2.286567] cfg80211: Loading compiled-in X.509 certificates for regulatory database
[    2.287465] Loaded X.509 cert 'sforshee: 00b28ddf47aef9cea7'
[    2.287968] Loaded X.509 cert 'wens: 61c038651aabdcf94bd0ac7ff06c7248db18c600'
[    2.288536] faux_driver regulatory: Direct firmware load for regulatory.db failed with error -2
[    2.289356] cfg80211: failed to load regulatory.db
[    2.302010] 8021q: adding VLAN 0 to HW filter on device enp0s2
         Mounting [0;1;39mproc-sys-fs-binfmt_misc.m…[0mcutable File Formats File System...
         Mounting [0;1;39mrun-rpc_pipefs.mount[0m - RPC Pipe File System...
[[0;32m  OK  [0m] Mounted [0;1;39mproc-sys-fs-binfmt_misc.mo…[0mxecutable File Formats File System.
[[0;32m  OK  [0m] Finished [0;1;39msystemd-binfmt.service[0m - Set Up Additional Binary Formats.
[[0;32m  OK  [0m] Reached target [0;1;39msysinit.target[0m - System Initialization.
[[0;32m  OK  [0m] Started [0;1;39mapt-daily.timer[0m - Daily apt download activities.
[[0;32m  OK  [0m] Started [0;1;39mapt-daily-upgrade.timer[0m - …y apt upgrade and clean activities.
[[0;32m  OK  [0m] Started [0;1;39mdpkg-db-backup.timer[0m - Daily dpkg database backup timer.
[[0;32m  OK  [0m] Started [0;1;39me2scrub_all.timer[0m - Period…Metadata Check for All Filesystems.
[[0;32m  OK  [0m] Started [0;1;39mfstrim.timer[0m - Discard unused filesystem blocks once a week.
[[0;32m  OK  [0m] Started [0;1;39mlogrotate.timer[0m - Daily rotation of log files.
[[0;32m  OK  [0m] Started [0;1;39msystemd-tmpfiles-clean.tim…[0my Cleanup of Temporary Directories.
[[0;32m  OK  [0m] Reached target [0;1;39mtimers.target[0m - Timer Units.
[[0;32m  OK  [0m] Listening on [0;1;39mdbus.socket[0m - D-Bus System Message Bus Socket.
[[0;32m  OK  [0m] Listening on [0;1;39msshd-unix-local.socke…[0mtemd-ssh-generator, AF_UNIX Local).
[[0;32m  OK  [0m] Listening on [0;1;39msshd-vsock.socket[0m - O… (systemd-ssh-generator, AF_VSOCK).
[[0;32m  OK  [0m] Reached target [0;1;39mssh-access.target[0m - SSH Access Available.
[[0;32m  OK  [0m] Listening on [0;1;39msystemd-hostnamed.socket[0m - Hostname Service Socket.
[[0;32m  OK  [0m] Reached target [0;1;39msockets.target[0m - Socket Units.
[[0;32m  OK  [0m] Reached target [0;1;39mbasic.target[0m - Basic System.
[[0;32m  OK  [0m] Started [0;1;39mcxl-monitor.service[0m - CXL Monitor Daemon.
         Starting [0;1;39mdbus.service[0m - D-Bus System Message Bus...
         Starting [0;1;39me2scrub_reap.service[0m - Re…ne ext4 Metadata Check Snapshots...
[[0;32m  OK  [0m] Started [0;1;39mndctl-monitor.service[0m - Ndctl Monitor Daemon.
         Starting [0;1;39msystemd-logind.service[0m - User Login Management...
[    2.625648] RPC: Registered named UNIX socket transport module.
[    2.626219] RPC: Registered udp transport module.
[    2.626220] RPC: Registered tcp transport module.
[    2.626220] RPC: Registered tcp-with-tls transport module.
[    2.626220] RPC: Registered tcp NFSv4.1 backchannel transport module.
[[0;32m  OK  [0m] Started [0;1;39msystemd-networkd.service[0m - Network Configuration.
[[0;32m  OK  [0m] Finished [0;1;39mifupdown-pre.service[0m - He…o synchronize boot up for ifupdown.
[[0;32m  OK  [0m] Mounted [0;1;39mrun-rpc_pipefs.mount[0m - RPC Pipe File System.
[[0;32m  OK  [0m] Started [0;1;39mdbus.service[0m - D-Bus System Message Bus.
[[0;32m  OK  [0m] Finished [0;1;39me2scrub_reap.service[0m - Re…line ext4 Metadata Check Snapshots.
[[0;32m  OK  [0m] Reached target [0;1;39mrpc_pipefs.target[0m.
         Starting [0;1;39mnetworking.service[0m - Raise network interfaces...
         Starting [0;1;39mnfs-blkmap.service[0m - pNFS block layout mapping daemon...
[[0;32m  OK  [0m] Reached target [0;1;39mnfs-client.target[0m - NFS client services.
[[0;32m  OK  [0m] Reached target [0;1;39mremote-fs-pre.targe…[0mreparation for Remote File Systems.
[[0;32m  OK  [0m] Reached target [0;1;39mremote-fs.target[0m - Remote File Systems.
[[0;32m  OK  [0m] Started [0;1;39mcron.service[0m - Regular background program processing daemon.
         Starting [0;1;39msystemd-networkd-persiste…[0mtent Storage in systemd-networkd...
[[0;32m  OK  [0m] Started [0;1;39mnfs-blkmap.service[0m - pNFS block layout mapping daemon.
[[0;32m  OK  [0m] Finished [0;1;39msystemd-networkd-persiste…[0mistent Storage in systemd-networkd.
[[0;32m  OK  [0m] Started [0;1;39msystemd-logind.service[0m - User Login Management.
[[0;32m  OK  [0m] Finished [0;1;39mnetworking.service[0m - Raise network interfaces.
[[0;32m  OK  [0m] Reached target [0;1;39mnetwork.target[0m - Network.
[[0;32m  OK  [0m] Reached target [0;1;39mnetwork-online.target[0m - Network is Online.
         Starting [0;1;39mrc-local.service[0m - /etc/rc.local Compatibility...
         Starting [0;1;39mrpc-statd-notify.service[0m - Notify NFS peers of a restart...
         Starting [0;1;39mssh.service[0m - OpenBSD Secure Shell server...
         Starting [0;1;39msystemd-user-sessions.service[0m - Permit User Sessions...
[[0;32m  OK  [0m] Started [0;1;39mrc-local.service[0m - /etc/rc.local Compatibility.
[[0;32m  OK  [0m] Started [0;1;39mrpc-statd-notify.service[0m - Notify NFS peers of a restart.
[[0;32m  OK  [0m] Finished [0;1;39msystemd-user-sessions.service[0m - Permit User Sessions.
[[0;32m  OK  [0m] Started [0;1;39mgetty@tty1.service[0m - Getty on tty1.
[[0;32m  OK  [0m] Started [0;1;39mserial-getty@ttyS0.service[0m - Serial Getty on ttyS0.
[[0;32m  OK  [0m] Reached target [0;1;39mgetty.target[0m - Login Prompts.
[[0;32m  OK  [0m] Started [0;1;39mssh.service[0m - OpenBSD Secure Shell server.
[[0;32m  OK  [0m] Reached target [0;1;39mmulti-user.target[0m - Multi-User System.
[[0;32m  OK  [0m] Reached target [0;1;39mgraphical.target[0m - Graphical Interface.
[!p]104[?7h[6n[32766;32766H[6n[!p]104[?7h[6n[32766;32766H[6n
Debian GNU/Linux 13 node1 ttyS0

node1 login: 