CXL Type2: GPU mode = 2 (NONE=0, VFIO=1, HETGPU=2, AUTO=3)
CXL Type2: Initializing hetGPU backend...
cxl_type2_hetgpu_init: ENTERED
cxl_type2_hetgpu_init: hetgpu_lib_path = '/home/victoryang00/hetGPU/target/debug/libnvcuda.so'
cxl_type2_hetgpu_init: Using library: /home/victoryang00/hetGPU/target/debug/libnvcuda.so
cxl_type2_hetgpu_init: backend=5, device_index=0
CXL Type2: cxl_type2_hetgpu_init returned 0
CXL Type2: hetGPU backend initialized successfully
CXL Type2: GPU mode = 2 (NONE=0, VFIO=1, HETGPU=2, AUTO=3)
CXL Type2: Initializing hetGPU backend...
cxl_type2_hetgpu_init: ENTERED
cxl_type2_hetgpu_init: hetgpu_lib_path = '/home/victoryang00/hetGPU/target/debug/libnvcuda.so'
cxl_type2_hetgpu_init: Using library: /home/victoryang00/hetGPU/target/debug/libnvcuda.so
cxl_type2_hetgpu_init: backend=5, device_index=0
CXL Type2: cxl_type2_hetgpu_init returned 0
CXL Type2: hetGPU backend initialized successfully
CXL Type2: GPU mode = 2 (NONE=0, VFIO=1, HETGPU=2, AUTO=3)
CXL Type2: Initializing hetGPU backend...
cxl_type2_hetgpu_init: ENTERED
cxl_type2_hetgpu_init: hetgpu_lib_path = '/home/victoryang00/hetGPU/target/debug/libnvcuda.so'
cxl_type2_hetgpu_init: Using library: /home/victoryang00/hetGPU/target/debug/libnvcuda.so
cxl_type2_hetgpu_init: backend=5, device_index=0
CXL Type2: cxl_type2_hetgpu_init returned 0
CXL Type2: hetGPU backend initialized successfully
CXL Type2: GPU mode = 2 (NONE=0, VFIO=1, HETGPU=2, AUTO=3)
CXL Type2: Initializing hetGPU backend...
cxl_type2_hetgpu_init: ENTERED
cxl_type2_hetgpu_init: hetgpu_lib_path = '/home/victoryang00/hetGPU/target/debug/libnvcuda.so'
cxl_type2_hetgpu_init: Using library: /home/victoryang00/hetGPU/target/debug/libnvcuda.so
cxl_type2_hetgpu_init: backend=5, device_index=0
CXL Type2: cxl_type2_hetgpu_init returned 0
CXL Type2: hetGPU backend initialized successfully
CXL Type2: GPU mode = 2 (NONE=0, VFIO=1, HETGPU=2, AUTO=3)
CXL Type2: Initializing hetGPU backend...
cxl_type2_hetgpu_init: ENTERED
cxl_type2_hetgpu_init: hetgpu_lib_path = '/home/victoryang00/hetGPU/target/debug/libnvcuda.so'
cxl_type2_hetgpu_init: Using library: /home/victoryang00/hetGPU/target/debug/libnvcuda.so
cxl_type2_hetgpu_init: backend=5, device_index=0
CXL Type2: cxl_type2_hetgpu_init returned 0
CXL Type2: hetGPU backend initialized successfully
CXL Type2: GPU mode = 2 (NONE=0, VFIO=1, HETGPU=2, AUTO=3)
CXL Type2: Initializing hetGPU backend...
cxl_type2_hetgpu_init: ENTERED
cxl_type2_hetgpu_init: hetgpu_lib_path = '/home/victoryang00/hetGPU/target/debug/libnvcuda.so'
cxl_type2_hetgpu_init: Using library: /home/victoryang00/hetGPU/target/debug/libnvcuda.so
cxl_type2_hetgpu_init: backend=5, device_index=0
CXL Type2: cxl_type2_hetgpu_init returned 0
CXL Type2: hetGPU backend initialized successfully
CXL Type2: GPU mode = 2 (NONE=0, VFIO=1, HETGPU=2, AUTO=3)
CXL Type2: Initializing hetGPU backend...
cxl_type2_hetgpu_init: ENTERED
cxl_type2_hetgpu_init: hetgpu_lib_path = '/home/victoryang00/hetGPU/target/debug/libnvcuda.so'
cxl_type2_hetgpu_init: Using library: /home/victoryang00/hetGPU/target/debug/libnvcuda.so
cxl_type2_hetgpu_init: backend=5, device_index=0
CXL Type2: cxl_type2_hetgpu_init returned 0
CXL Type2: hetGPU backend initialized successfully
CXL Type2: GPU mode = 2 (NONE=0, VFIO=1, HETGPU=2, AUTO=3)
CXL Type2: Initializing hetGPU backend...
cxl_type2_hetgpu_init: ENTERED
cxl_type2_hetgpu_init: hetgpu_lib_path = '/home/victoryang00/hetGPU/target/debug/libnvcuda.so'
cxl_type2_hetgpu_init: Using library: /home/victoryang00/hetGPU/target/debug/libnvcuda.so
cxl_type2_hetgpu_init: backend=5, device_index=0
CXL Type2: cxl_type2_hetgpu_init returned 0
CXL Type2: hetGPU backend initialized successfully
c[?7l[2J[0mSeaBIOS (version rel-1.17.0-0-gb52ca86e094d-prebuilt.qemu.org)


iPXE (http://ipxe.org) 00:02.0 CA00 PCI2.10 PnP PMM+7EFD1260+7EF31260 CA00
Press Ctrl-B to configure iPXE (PCI 00:02.0)...                                                                               


Booting from ROM..c[?7l[2J[0m.[    0.000000] Linux version 6.18.0-rc5 (root@gpu01) (gcc (Ubuntu 14.2.0-19ubuntu2) 14.2.0, GNU ld (GNU Binutils for Ubuntu) 2.44) #4 SMP PREEMPT_DYNAMIC Sun Mar  1 22:26:46 UTC 2026
[    0.000000] Command line: root=/dev/vda rw console=ttyS0,115200 nokaslr systemd.mask=cxl-numa-setup.service
[    0.000000] KERNEL supported cpus:
[    0.000000]   Intel GenuineIntel
[    0.000000]   AMD AuthenticAMD
[    0.000000]   Hygon HygonGenuine
[    0.000000]   Centaur CentaurHauls
[    0.000000]   zhaoxin   Shanghai  
[    0.000000] x86/CPU: Model not found in latest microcode list
[    0.000000] BIOS-provided physical RAM map:
[    0.000000] BIOS-e820: [mem 0x0000000000000000-0x000000000009fbff] usable
[    0.000000] BIOS-e820: [mem 0x000000000009fc00-0x000000000009ffff] reserved
[    0.000000] BIOS-e820: [mem 0x00000000000f0000-0x00000000000fffff] reserved
[    0.000000] BIOS-e820: [mem 0x0000000000100000-0x000000007ffdbfff] usable
[    0.000000] BIOS-e820: [mem 0x000000007ffdc000-0x000000007fffffff] reserved
[    0.000000] BIOS-e820: [mem 0x00000000b0000000-0x00000000bfffffff] reserved
[    0.000000] BIOS-e820: [mem 0x00000000fed1c000-0x00000000fed1ffff] reserved
[    0.000000] BIOS-e820: [mem 0x00000000feffc000-0x00000000feffffff] reserved
[    0.000000] BIOS-e820: [mem 0x00000000fffc0000-0x00000000ffffffff] reserved
[    0.000000] BIOS-e820: [mem 0x0000000100000000-0x000000047fffffff] usable
[    0.000000] NX (Execute Disable) protection: active
[    0.000000] APIC: Static calls initialized
[    0.000000] SMBIOS 2.8 present.
[    0.000000] DMI: QEMU Standard PC (Q35 + ICH9, 2009), BIOS rel-1.17.0-0-gb52ca86e094d-prebuilt.qemu.org 04/01/2014
[    0.000000] DMI: Memory slots populated: 1/1
[    0.000000] Hypervisor detected: KVM
[    0.000000] last_pfn = 0x7ffdc max_arch_pfn = 0x400000000
[    0.000000] kvm-clock: Using msrs 4b564d01 and 4b564d00
[    0.000000] kvm-clock: using sched offset of 324520629 cycles
[    0.000002] clocksource: kvm-clock: mask: 0xffffffffffffffff max_cycles: 0x1cd42e4dffb, max_idle_ns: 881590591483 ns
[    0.000004] tsc: Detected 2000.000 MHz processor
[    0.000413] last_pfn = 0x480000 max_arch_pfn = 0x400000000
[    0.000446] MTRR map: 4 entries (3 fixed + 1 variable; max 19), built from 8 variable MTRRs
[    0.000448] x86/PAT: Configuration [0-7]: WB  WC  UC- UC  WB  WP  UC- WT  
[    0.000489] last_pfn = 0x7ffdc max_arch_pfn = 0x400000000
[    0.003357] found SMP MP-table at [mem 0x000f54b0-0x000f54bf]
[    0.003834] ACPI: Early table checksum verification disabled
[    0.003839] ACPI: RSDP 0x00000000000F52B0 000014 (v00 BOCHS )
[    0.003847] ACPI: RSDT 0x000000007FFE377B 000040 (v01 BOCHS  BXPC     00000001 BXPC 00000001)
[    0.003851] ACPI: FACP 0x000000007FFE3407 0000F4 (v03 BOCHS  BXPC     00000001 BXPC 00000001)
[    0.003855] ACPI: DSDT 0x000000007FFE0040 0033C7 (v01 BOCHS  BXPC     00000001 BXPC 00000001)
[    0.003857] ACPI: FACS 0x000000007FFE0000 000040
[    0.003859] ACPI: APIC 0x000000007FFE34FB 000090 (v03 BOCHS  BXPC     00000001 BXPC 00000001)
[    0.003860] ACPI: HPET 0x000000007FFE358B 000038 (v01 BOCHS  BXPC     00000001 BXPC 00000001)
[    0.003862] ACPI: SRAT 0x000000007FFE35C3 000110 (v01 BOCHS  BXPC     00000001 BXPC 00000001)
[    0.003864] ACPI: MCFG 0x000000007FFE36D3 00003C (v01 BOCHS  BXPC     00000001 BXPC 00000001)
[    0.003865] ACPI: CEDT 0x000000007FFE370F 000044 (v01 BOCHS  BXPC     00000001 BXPC 00000001)
[    0.003867] ACPI: WAET 0x000000007FFE3753 000028 (v01 BOCHS  BXPC     00000001 BXPC 00000001)
[    0.003868] ACPI: Reserving FACP table memory at [mem 0x7ffe3407-0x7ffe34fa]
[    0.003869] ACPI: Reserving DSDT table memory at [mem 0x7ffe0040-0x7ffe3406]
[    0.003870] ACPI: Reserving FACS table memory at [mem 0x7ffe0000-0x7ffe003f]
[    0.003870] ACPI: Reserving APIC table memory at [mem 0x7ffe34fb-0x7ffe358a]
[    0.003871] ACPI: Reserving HPET table memory at [mem 0x7ffe358b-0x7ffe35c2]
[    0.003871] ACPI: Reserving SRAT table memory at [mem 0x7ffe35c3-0x7ffe36d2]
[    0.003871] ACPI: Reserving MCFG table memory at [mem 0x7ffe36d3-0x7ffe370e]
[    0.003872] ACPI: Reserving CEDT table memory at [mem 0x7ffe370f-0x7ffe3752]
[    0.003872] ACPI: Reserving WAET table memory at [mem 0x7ffe3753-0x7ffe377a]
[    0.003927] ACPI: SRAT: Node 0 PXM 0 [mem 0x00000000-0x0009ffff]
[    0.003929] ACPI: SRAT: Node 0 PXM 0 [mem 0x00100000-0x7fffffff]
[    0.003929] ACPI: SRAT: Node 0 PXM 0 [mem 0x100000000-0x47fffffff]
[    0.003930] ACPI: SRAT: Node 0 PXM 0 [mem 0x480000000-0xa7fffffff] hotplug
[    0.003933] NUMA: Node 0 [mem 0x00001000-0x0009ffff] + [mem 0x00100000-0x7fffffff] -> [mem 0x00001000-0x7fffffff]
[    0.003935] NUMA: Node 0 [mem 0x00001000-0x7fffffff] + [mem 0x100000000-0x47fffffff] -> [mem 0x00001000-0x47fffffff]
[    0.003939] NODE_DATA(0) allocated [mem 0x47ffd2500-0x47fffcfff]
[    0.004039] Zone ranges:
[    0.004039]   DMA      [mem 0x0000000000001000-0x0000000000ffffff]
[    0.004041]   DMA32    [mem 0x0000000001000000-0x00000000ffffffff]
[    0.004042]   Normal   [mem 0x0000000100000000-0x000000047fffffff]
[    0.004042]   Device   empty
[    0.004043] Movable zone start for each node
[    0.004044] Early memory node ranges
[    0.004044]   node   0: [mem 0x0000000000001000-0x000000000009efff]
[    0.004045]   node   0: [mem 0x0000000000100000-0x000000007ffdbfff]
[    0.004046]   node   0: [mem 0x0000000100000000-0x000000047fffffff]
[    0.004047] Initmem setup node 0 [mem 0x0000000000001000-0x000000047fffffff]
[    0.004327] On node 0, zone DMA: 1 pages in unavailable ranges
[    0.004355] On node 0, zone DMA: 97 pages in unavailable ranges
[    0.056368] On node 0, zone Normal: 36 pages in unavailable ranges
[    0.056742] ACPI: PM-Timer IO Port: 0x608
[    0.056758] ACPI: LAPIC_NMI (acpi_id[0xff] dfl dfl lint[0x1])
[    0.056796] IOAPIC[0]: apic_id 0, version 17, address 0xfec00000, GSI 0-23
[    0.056799] ACPI: INT_SRC_OVR (bus 0 bus_irq 0 global_irq 2 dfl dfl)
[    0.056800] ACPI: INT_SRC_OVR (bus 0 bus_irq 5 global_irq 5 high level)
[    0.056801] ACPI: INT_SRC_OVR (bus 0 bus_irq 9 global_irq 9 high level)
[    0.056802] ACPI: INT_SRC_OVR (bus 0 bus_irq 10 global_irq 10 high level)
[    0.056802] ACPI: INT_SRC_OVR (bus 0 bus_irq 11 global_irq 11 high level)
[    0.056805] ACPI: Using ACPI (MADT) for SMP configuration information
[    0.056806] ACPI: HPET id: 0x8086a201 base: 0xfed00000
[    0.056813] CPU topo: Max. logical packages:   1
[    0.056813] CPU topo: Max. logical dies:       1
[    0.056813] CPU topo: Max. dies per package:   1
[    0.056816] CPU topo: Max. threads per core:   1
[    0.056817] CPU topo: Num. cores per package:     4
[    0.056817] CPU topo: Num. threads per package:   4
[    0.056818] CPU topo: Allowing 4 present CPUs plus 0 hotplug CPUs
[    0.056835] kvm-guest: APIC: eoi() replaced with kvm_guest_apic_eoi_write()
[    0.056849] PM: hibernation: Registered nosave memory: [mem 0x00000000-0x00000fff]
[    0.056850] PM: hibernation: Registered nosave memory: [mem 0x0009f000-0x000fffff]
[    0.056851] PM: hibernation: Registered nosave memory: [mem 0x7ffdc000-0xffffffff]
[    0.056853] [mem 0xc0000000-0xfed1bfff] available for PCI devices
[    0.056854] Booting paravirtualized kernel on KVM
[    0.056855] clocksource: refined-jiffies: mask: 0xffffffff max_cycles: 0xffffffff, max_idle_ns: 1910969940391419 ns
[    0.056865] setup_percpu: NR_CPUS:8192 nr_cpumask_bits:4 nr_cpu_ids:4 nr_node_ids:1
[    0.057320] percpu: Embedded 84 pages/cpu s221184 r8192 d114688 u524288
[    0.057358] kvm-guest: PV spinlocks disabled, no host support
[    0.057359] Kernel command line: root=/dev/vda rw console=ttyS0,115200 nokaslr systemd.mask=cxl-numa-setup.service
[    0.057404] Unknown kernel command line parameters "nokaslr", will be passed to user space.
[    0.057408] printk: log buffer data + meta data: 262144 + 917504 = 1179648 bytes
[    0.060515] Dentry cache hash table entries: 2097152 (order: 12, 16777216 bytes, linear)
[    0.062012] Inode-cache hash table entries: 1048576 (order: 11, 8388608 bytes, linear)
[    0.062067] software IO TLB: area num 4.
[    0.079355] Fallback order for Node 0: 0 
[    0.079359] Built 1 zonelists, mobility grouping on.  Total pages: 4194170
[    0.079360] Policy zone: Normal
[    0.079368] mem auto-init: stack:all(zero), heap alloc:on, heap free:off
[    0.119840] SLUB: HWalign=64, Order=0-3, MinObjects=0, CPUs=4, Nodes=1
[    0.133060] ftrace: allocating 57259 entries in 224 pages
[    0.133063] ftrace: allocated 224 pages with 3 groups
[    0.134245] Dynamic Preempt: voluntary
[    0.134635] rcu: Preemptible hierarchical RCU implementation.
[    0.134637] rcu: 	RCU restricting CPUs from NR_CPUS=8192 to nr_cpu_ids=4.
[    0.134638] 	Trampoline variant of Tasks RCU enabled.
[    0.134639] 	Rude variant of Tasks RCU enabled.
[    0.134639] 	Tracing variant of Tasks RCU enabled.
[    0.134640] rcu: RCU calculated value of scheduler-enlistment delay is 100 jiffies.
[    0.134641] rcu: Adjusting geometry for rcu_fanout_leaf=16, nr_cpu_ids=4
[    0.134649] RCU Tasks: Setting shift to 2 and lim to 1 rcu_task_cb_adjust=1 rcu_task_cpu_ids=4.
[    0.134651] RCU Tasks Rude: Setting shift to 2 and lim to 1 rcu_task_cb_adjust=1 rcu_task_cpu_ids=4.
[    0.134652] RCU Tasks Trace: Setting shift to 2 and lim to 1 rcu_task_cb_adjust=1 rcu_task_cpu_ids=4.
[    0.138248] NR_IRQS: 524544, nr_irqs: 456, preallocated irqs: 16
[    0.138478] rcu: srcu_init: Setting srcu_struct sizes based on contention.
[    0.146222] Console: colour VGA+ 80x25
[    0.146266] printk: legacy console [ttyS0] enabled
[    0.231059] ACPI: Core revision 20250807
[    0.231690] clocksource: hpet: mask: 0xffffffff max_cycles: 0xffffffff, max_idle_ns: 19112604467 ns
[    0.232822] APIC: Switch to symmetric I/O mode setup
[    0.233607] x2apic enabled
[    0.234266] APIC: Switched APIC routing to: physical x2apic
[    0.235796] ..TIMER: vector=0x30 apic1=0 pin1=2 apic2=-1 pin2=-1
[    0.236529] clocksource: tsc-early: mask: 0xffffffffffffffff max_cycles: 0x39a85c9bff6, max_idle_ns: 881590591483 ns
[    0.237717] Calibrating delay loop (skipped) preset value.. 4000.00 BogoMIPS (lpj=2000000)
[    0.238880] Last level iTLB entries: 4KB 0, 2MB 0, 4MB 0
[    0.239714] Last level dTLB entries: 4KB 0, 2MB 0, 4MB 0, 1GB 0
[    0.240718] mitigations: Enabled attack vectors: SMT mitigations: off
[    0.241381] Speculative Store Bypass: Vulnerable
[    0.241715] Spectre V2 : Vulnerable
[    0.242081] ITS: Vulnerable
[    0.242715] MDS: Vulnerable
[    0.243009] Spectre V1 : Vulnerable: __user pointer sanitization and usercopy barriers only; no swapgs barriers
[    0.243735] x86/fpu: Supporting XSAVE feature 0x001: 'x87 floating point registers'
[    0.244714] x86/fpu: Supporting XSAVE feature 0x002: 'SSE registers'
[    0.245714] x86/fpu: Supporting XSAVE feature 0x004: 'AVX registers'
[    0.246377] x86/fpu: Supporting XSAVE feature 0x020: 'AVX-512 opmask'
[    0.246714] x86/fpu: Supporting XSAVE feature 0x040: 'AVX-512 Hi256'
[    0.247714] x86/fpu: Supporting XSAVE feature 0x080: 'AVX-512 ZMM_Hi256'
[    0.248715] x86/fpu: xstate_offset[2]:  576, xstate_sizes[2]:  256
[    0.249359] x86/fpu: xstate_offset[5]: 1088, xstate_sizes[5]:   64
[    0.249714] x86/fpu: xstate_offset[6]: 1152, xstate_sizes[6]:  512
[    0.250714] x86/fpu: xstate_offset[7]: 1664, xstate_sizes[7]: 1024
[    0.251352] x86/fpu: Enabled xstate features 0xe7, context size is 2688 bytes, using 'standard' format.
[    0.255991] Freeing SMP alternatives memory: 52K
[    0.256494] pid_max: default: 32768 minimum: 301
[    0.256999] LSM: initializing lsm=lockdown,capability,landlock,yama,apparmor,ima,evm
[    0.257873] landlock: Up and running.
[    0.258714] Yama: becoming mindful.
[    0.259193] AppArmor: AppArmor initialized
[    0.259928] Mount-cache hash table entries: 32768 (order: 6, 262144 bytes, linear)
[    0.261012] Mountpoint-cache hash table entries: 32768 (order: 6, 262144 bytes, linear)
[    0.365303] smpboot: CPU0: Intel QEMU Virtual CPU version 2.5+ (family: 0xf, model: 0x6b, stepping: 0x1)
[    0.365882] Performance Events: unsupported Netburst CPU model 107 no PMU driver, software events only.
[    0.366732] signal: max sigframe size: 3632
[    0.367189] rcu: Hierarchical SRCU implementation.
[    0.367715] rcu: 	Max phase no-delay instances is 400.
[    0.368296] Timer migration: 1 hierarchy levels; 8 children per group; 1 crossnode level
[    0.368906] NMI watchdog: Perf NMI watchdog permanently disabled
[    0.369785] smp: Bringing up secondary CPUs ...
[    0.370737] smpboot: x86: Booting SMP configuration:
[    0.371291] .... node  #0, CPUs:      #1 #2 #3
[    0.378860] smp: Brought up 1 node, 4 CPUs
[    0.380189] smpboot: Total of 4 processors activated (16000.00 BogoMIPS)
[    0.381755] Memory: 16366260K/16776680K available (20473K kernel code, 4645K rwdata, 13656K rodata, 3056K init, 4384K bss, 402368K reserved, 0K cma-reserved)
[    0.384051] devtmpfs: initialized
[    0.384137] x86/mm: Memory block size: 128MB
[    0.386774] clocksource: jiffies: mask: 0xffffffff max_cycles: 0xffffffff, max_idle_ns: 1911260446275000 ns
[    0.387733] posixtimers hash table entries: 2048 (order: 3, 32768 bytes, linear)
[    0.388727] futex hash table entries: 1024 (65536 bytes on 1 NUMA nodes, total 64 KiB, linear).
[    0.390042] pinctrl core: initialized pinctrl subsystem
[    0.390846] PM: RTC time: 22:39:11, date: 2026-04-29
[    0.392779] NET: Registered PF_NETLINK/PF_ROUTE protocol family
[    0.393877] DMA: preallocated 2048 KiB GFP_KERNEL pool for atomic allocations
[    0.395001] DMA: preallocated 2048 KiB GFP_KERNEL|GFP_DMA pool for atomic allocations
[    0.395979] DMA: preallocated 2048 KiB GFP_KERNEL|GFP_DMA32 pool for atomic allocations
[    0.396736] audit: initializing netlink subsys (disabled)
[    0.397750] audit: type=2000 audit(1777502351.756:1): state=initialized audit_enabled=0 res=1
[    0.397843] thermal_sys: Registered thermal governor 'fair_share'
[    0.398716] thermal_sys: Registered thermal governor 'bang_bang'
[    0.399433] thermal_sys: Registered thermal governor 'step_wise'
[    0.399714] thermal_sys: Registered thermal governor 'user_space'
[    0.400714] thermal_sys: Registered thermal governor 'power_allocator'
[    0.401410] cpuidle: using governor ladder
[    0.402720] cpuidle: using governor menu
[    0.403500] acpiphp: ACPI Hot Plug PCI Controller Driver version: 0.5
[    0.403947] PCI: ECAM [mem 0xb0000000-0xbfffffff] (base 0xb0000000) for domain 0000 [bus 00-ff]
[    0.404716] PCI: ECAM [mem 0xb0000000-0xbfffffff] reserved as E820 entry
[    0.405726] PCI: Using configuration type 1 for base access
[    0.407071] kprobes: kprobe jump-optimization is enabled. All kprobes are optimized if possible.
[    0.410802] HugeTLB: registered 2.00 MiB page size, pre-allocated 0 pages
[    0.412719] HugeTLB: 28 KiB vmemmap can be freed for a 2.00 MiB page
[    0.421166] ACPI: Added _OSI(Module Device)
[    0.423718] ACPI: Added _OSI(Processor Device)
[    0.425718] ACPI: Added _OSI(Processor Aggregator Device)
[    0.430678] ACPI: 1 ACPI AML tables successfully acquired and loaded
[    0.441932] ACPI: Interpreter enabled
[    0.442746] ACPI: PM: (supports S0 S3 S4 S5)
[    0.443203] ACPI: Using IOAPIC for interrupt routing
[    0.443826] PCI: Using host bridge windows from ACPI; if necessary, use "pci=nocrs" and report a bug
[    0.444715] PCI: Using E820 reservations for host bridge windows
[    0.445803] ACPI: Enabled 3 GPEs in block 00 to 3F
[    0.449164] ACPI: PCI Root Bridge [PCI0] (domain 0000 [bus 00-0b])
[    0.449718] acpi PNP0A08:00: _OSC: OS supports [ExtendedConfig ASPM ClockPM Segments MSI EDR HPX-Type3]
[    0.450743] acpi PNP0A08:00: _OSC: platform does not support [PCIeHotplug LTR DPC]
[    0.451753] acpi PNP0A08:00: _OSC: OS now controls [SHPCHotplug PME AER PCIeCapability]
[    0.452867] PCI host bridge to bus 0000:00
[    0.453313] pci_bus 0000:00: root bus resource [io  0x0000-0x0cf7 window]
[    0.453715] pci_bus 0000:00: root bus resource [io  0x0d00-0xffff window]
[    0.454714] pci_bus 0000:00: root bus resource [mem 0x000a0000-0x000bffff window]
[    0.455714] pci_bus 0000:00: root bus resource [mem 0x80000000-0xafffffff window]
[    0.456505] pci_bus 0000:00: root bus resource [mem 0xc0000000-0xfd9fffff window]
[    0.457715] pci_bus 0000:00: root bus resource [mem 0xac0080000-0xaffffffff window]
[    0.458715] pci_bus 0000:00: root bus resource [mem 0x1b00000000-0x22ffffffff window]
[    0.458717] pci_bus 0000:00: root bus resource [bus 00-0b]
[    0.459766] pci 0000:00:00.0: [8086:29c0] type 00 class 0x060000 conventional PCI endpoint
[    0.461114] pci 0000:00:01.0: [1234:1111] type 00 class 0x030000 conventional PCI endpoint
[    0.464776] pci 0000:00:01.0: BAR 0 [mem 0xfc000000-0xfcffffff pref]
[    0.465728] pci 0000:00:01.0: BAR 2 [mem 0xfea50000-0xfea50fff]
[    0.466738] pci 0000:00:01.0: ROM [mem 0xfea40000-0xfea4ffff pref]
[    0.467433] pci 0000:00:01.0: Video device with shadowed ROM at [mem 0x000c0000-0x000dffff]
[    0.468750] pci 0000:00:02.0: [1af4:1000] type 00 class 0x020000 conventional PCI endpoint
[    0.472734] pci 0000:00:02.0: BAR 0 [io  0xc0c0-0xc0df]
[    0.472734] pci 0000:00:02.0: BAR 1 [mem 0xfea51000-0xfea51fff]
[    0.473739] pci 0000:00:02.0: BAR 4 [mem 0x1b00000000-0x1b00003fff 64bit pref]
[    0.474521] pci 0000:00:02.0: ROM [mem 0xfea00000-0xfea3ffff pref]
[    0.475998] pci 0000:00:03.0: [1af4:1005] type 00 class 0x00ff00 conventional PCI endpoint
[    0.479733] pci 0000:00:03.0: BAR 0 [io  0xc0e0-0xc0ff]
[    0.479733] pci 0000:00:03.0: BAR 1 [mem 0xfea52000-0xfea52fff]
[    0.480739] pci 0000:00:03.0: BAR 4 [mem 0x1b00004000-0x1b00007fff 64bit pref]
[    0.482171] pci 0000:00:04.0: [1af4:1001] type 00 class 0x010000 conventional PCI endpoint
[    0.486734] pci 0000:00:04.0: BAR 0 [io  0xc000-0xc07f]
[    0.487723] pci 0000:00:04.0: BAR 1 [mem 0xfea53000-0xfea53fff]
[    0.488738] pci 0000:00:04.0: BAR 4 [mem 0x1b00008000-0x1b0000bfff 64bit pref]
[    0.490161] pci 0000:00:05.0: [1b36:000b] type 00 class 0x060000 conventional PCI endpoint
[    0.497862] pci 0000:00:1f.0: [8086:2918] type 00 class 0x060100 conventional PCI endpoint
[    0.498996] pci 0000:00:1f.0: quirk: [io  0x0600-0x067f] claimed by ICH6 ACPI/GPIO/TCO
[    0.499902] pci 0000:00:1f.2: [8086:2922] type 00 class 0x010601 conventional PCI endpoint
[    0.502536] pci 0000:00:1f.2: BAR 4 [io  0xc100-0xc11f]
[    0.502723] pci 0000:00:1f.2: BAR 5 [mem 0xfea54000-0xfea54fff]
[    0.504034] pci 0000:00:1f.3: [8086:2930] type 00 class 0x0c0500 conventional PCI endpoint
[    0.505750] pci 0000:00:1f.3: BAR 4 [io  0x0700-0x073f]
[    0.507091] ACPI: PCI: Interrupt link LNKA configured for IRQ 10
[    0.508779] ACPI: PCI: Interrupt link LNKB configured for IRQ 10
[    0.509472] ACPI: PCI: Interrupt link LNKC configured for IRQ 11
[    0.509768] ACPI: PCI: Interrupt link LNKD configured for IRQ 11
[    0.510767] ACPI: PCI: Interrupt link LNKE configured for IRQ 10
[    0.511462] ACPI: PCI: Interrupt link LNKF configured for IRQ 10
[    0.512766] ACPI: PCI: Interrupt link LNKG configured for IRQ 11
[    0.512767] ACPI: PCI: Interrupt link LNKH configured for IRQ 11
[    0.513737] ACPI: PCI: Interrupt link GSIA configured for IRQ 16
[    0.514377] ACPI: PCI: Interrupt link GSIB configured for IRQ 17
[    0.514721] ACPI: PCI: Interrupt link GSIC configured for IRQ 18
[    0.515720] ACPI: PCI: Interrupt link GSID configured for IRQ 19
[    0.516363] ACPI: PCI: Interrupt link GSIE configured for IRQ 20
[    0.516720] ACPI: PCI: Interrupt link GSIF configured for IRQ 21
[    0.517720] ACPI: PCI: Interrupt link GSIG configured for IRQ 22
[    0.518360] ACPI: PCI: Interrupt link GSIH configured for IRQ 23
[    0.520087] ACPI: PCI Root Bridge [CL0C] (domain 0000 [bus 0c-14])
[    0.520717] acpi ACPI0016:00: _OSC: OS supports [ExtendedConfig ASPM ClockPM Segments MSI EDR HPX-Type3]
[    0.521715] acpi ACPI0016:00: _OSC: OS supports [CXL11PortRegAccess CXL20PortDevRegAccess CXLProtocolErrorReporting CXLNativeHot]
[    0.522749] acpi ACPI0016:00: _OSC: platform does not support [LTR DPC]
[    0.523516] acpi ACPI0016:00: _OSC: OS now controls [PCIeHotplug SHPCHotplug PME AER PCIeCapability]
[    0.524715] acpi ACPI0016:00: _OSC: OS now controls [CXLMemErrorReporting]
[    0.525742] PCI host bridge to bus 0000:0c
[    0.525742] pci_bus 0000:0c: root bus resource [mem 0xfda00000-0xfe9fffff window]
[    0.526495] pci_bus 0000:0c: root bus resource [mem 0xac0000000-0xac007ffff window]
[    0.527715] pci_bus 0000:0c: root bus resource [mem 0xb00000000-0x1affffffff window]
[    0.528715] pci_bus 0000:0c: root bus resource [bus 0c-14]
[    0.528836] pci 0000:0c:00.0: [8086:7075] type 01 class 0x060400 PCIe Root Port
[    0.532550] pci 0000:0c:00.0: BAR 0 [mem 0xac0000000-0xac000ffff 64bit]
[    0.533730] pci 0000:0c:00.0: PCI bridge to [bus 0d]
[    0.533744] pci 0000:0c:00.0:   bridge window [mem 0xfe800000-0xfe9fffff]
[    0.535752] pci 0000:0c:00.0:   bridge window [mem 0x1900000000-0x1affffffff 64bit pref]
[    0.536776] pci 0000:0c:00.0: enabling Extended Tags
[    0.538268] pci 0000:0c:01.0: [8086:7075] type 01 class 0x060400 PCIe Root Port
[    0.542749] pci 0000:0c:01.0: BAR 0 [mem 0xac0010000-0xac001ffff 64bit]
[    0.542749] pci 0000:0c:01.0: PCI bridge to [bus 0e]
[    0.543714] pci 0000:0c:01.0:   bridge window [mem 0xfe600000-0xfe7fffff]
[    0.545170] pci 0000:0c:01.0:   bridge window [mem 0x1700000000-0x18ffffffff 64bit pref]
[    0.546776] pci 0000:0c:01.0: enabling Extended Tags
[    0.547927] pci 0000:0c:02.0: [8086:7075] type 01 class 0x060400 PCIe Root Port
[    0.551761] pci 0000:0c:02.0: BAR 0 [mem 0xac0020000-0xac002ffff 64bit]
[    0.553730] pci 0000:0c:02.0: PCI bridge to [bus 0f]
[    0.554288] pci 0000:0c:02.0:   bridge window [mem 0xfe400000-0xfe5fffff]
[    0.556165] pci 0000:0c:02.0:   bridge window [mem 0x1500000000-0x16ffffffff 64bit pref]
[    0.556776] pci 0000:0c:02.0: enabling Extended Tags
[    0.558602] pci 0000:0c:03.0: [8086:7075] type 01 class 0x060400 PCIe Root Port
[    0.561750] pci 0000:0c:03.0: BAR 0 [mem 0xac0030000-0xac003ffff 64bit]
[    0.562729] pci 0000:0c:03.0: PCI bridge to [bus 10]
[    0.563291] pci 0000:0c:03.0:   bridge window [mem 0xfe200000-0xfe3fffff]
[    0.565756] pci 0000:0c:03.0:   bridge window [mem 0x1300000000-0x14ffffffff 64bit pref]
[    0.566775] pci 0000:0c:03.0: enabling Extended Tags
[    0.568340] pci 0000:0c:04.0: [8086:7075] type 01 class 0x060400 PCIe Root Port
[    0.571783] pci 0000:0c:04.0: BAR 0 [mem 0xac0040000-0xac004ffff 64bit]
[    0.571783] pci 0000:0c:04.0: PCI bridge to [bus 11]
[    0.572744] pci 0000:0c:04.0:   bridge window [mem 0xfe000000-0xfe1fffff]
[    0.574245] pci 0000:0c:04.0:   bridge window [mem 0x1100000000-0x12ffffffff 64bit pref]
[    0.575776] pci 0000:0c:04.0: enabling Extended Tags
[    0.577785] pci 0000:0c:05.0: [8086:7075] type 01 class 0x060400 PCIe Root Port
[    0.580763] pci 0000:0c:05.0: BAR 0 [mem 0xac0050000-0xac005ffff 64bit]
[    0.581496] pci 0000:0c:05.0: PCI bridge to [bus 12]
[    0.581745] pci 0000:0c:05.0:   bridge window [mem 0xfde00000-0xfdffffff]
[    0.583757] pci 0000:0c:05.0:   bridge window [mem 0xf00000000-0x10ffffffff 64bit pref]
[    0.584775] pci 0000:0c:05.0: enabling Extended Tags
[    0.587439] pci 0000:0c:06.0: [8086:7075] type 01 class 0x060400 PCIe Root Port
[    0.590750] pci 0000:0c:06.0: BAR 0 [mem 0xac0060000-0xac006ffff 64bit]
[    0.590750] pci 0000:0c:06.0: PCI bridge to [bus 13]
[    0.591744] pci 0000:0c:06.0:   bridge window [mem 0xfdc00000-0xfddfffff]
[    0.593099] pci 0000:0c:06.0:   bridge window [mem 0xd00000000-0xeffffffff 64bit pref]
[    0.594776] pci 0000:0c:06.0: enabling Extended Tags
[    0.595948] pci 0000:0c:07.0: [8086:7075] type 01 class 0x060400 PCIe Root Port
[    0.599720] pci 0000:0c:07.0: BAR 0 [mem 0xac0070000-0xac007ffff 64bit]
[    0.600459] pci 0000:0c:07.0: PCI bridge to [bus 14]
[    0.600745] pci 0000:0c:07.0:   bridge window [mem 0xfda00000-0xfdbfffff]
[    0.602755] pci 0000:0c:07.0:   bridge window [mem 0xb00000000-0xcffffffff 64bit pref]
[    0.603775] pci 0000:0c:07.0: enabling Extended Tags
[    0.612757] pci 0000:0d:00.0: [8086:0d92] type 00 class 0x050210 PCIe Endpoint
[    0.615619] pci 0000:0d:00.0: BAR 0 [mem 0xfe800000-0xfe80ffff 64bit]
[    0.616731] pci 0000:0d:00.0: BAR 2 [mem 0x1a00000000-0x1a07ffffff 64bit pref]
[    0.616731] pci 0000:0d:00.0: BAR 4 [mem 0x1900000000-0x19ffffffff 64bit pref]
[    0.617722] pci 0000:0d:00.0: ROM [mem 0xfe810000-0xfe810fff pref]
[    0.619752] pci 0000:0d:00.0: enabling Extended Tags
[    0.621072] pci 0000:0c:00.0: PCI bridge to [bus 0d]
[    0.622239] pci 0000:0e:00.0: [8086:0d92] type 00 class 0x050210 PCIe Endpoint
[    0.625506] pci 0000:0e:00.0: BAR 0 [mem 0xfe600000-0xfe60ffff 64bit]
[    0.626732] pci 0000:0e:00.0: BAR 2 [mem 0x1800000000-0x1807ffffff 64bit pref]
[    0.626732] pci 0000:0e:00.0: BAR 4 [mem 0x1700000000-0x17ffffffff 64bit pref]
[    0.627721] pci 0000:0e:00.0: ROM [mem 0xfe610000-0xfe610fff pref]
[    0.628418] pci 0000:0e:00.0: enabling Extended Tags
[    0.630810] pci 0000:0c:01.0: PCI bridge to [bus 0e]
[    0.632278] pci 0000:0f:00.0: [8086:0d92] type 00 class 0x050210 PCIe Endpoint
[    0.634755] pci 0000:0f:00.0: BAR 0 [mem 0xfe400000-0xfe40ffff 64bit]
[    0.635730] pci 0000:0f:00.0: BAR 2 [mem 0x1600000000-0x1607ffffff 64bit pref]
[    0.636515] pci 0000:0f:00.0: BAR 4 [mem 0x1500000000-0x15ffffffff 64bit pref]
[    0.637723] pci 0000:0f:00.0: ROM [mem 0xfe410000-0xfe410fff pref]
[    0.637752] pci 0000:0f:00.0: enabling Extended Tags
[    0.639548] pci 0000:0c:02.0: PCI bridge to [bus 0f]
[    0.641958] pci 0000:10:00.0: [8086:0d92] type 00 class 0x050210 PCIe Endpoint
[    0.644755] pci 0000:10:00.0: BAR 0 [mem 0xfe200000-0xfe20ffff 64bit]
[    0.645730] pci 0000:10:00.0: BAR 2 [mem 0x1400000000-0x1407ffffff 64bit pref]
[    0.646509] pci 0000:10:00.0: BAR 4 [mem 0x1300000000-0x13ffffffff 64bit pref]
[    0.647721] pci 0000:10:00.0: ROM [mem 0xfe210000-0xfe210fff pref]
[    0.647752] pci 0000:10:00.0: enabling Extended Tags
[    0.649450] pci 0000:0c:03.0: PCI bridge to [bus 10]
[    0.651734] pci 0000:11:00.0: [8086:0d92] type 00 class 0x050210 PCIe Endpoint
[    0.654671] pci 0000:11:00.0: BAR 0 [mem 0xfe000000-0xfe00ffff 64bit]
[    0.655732] pci 0000:11:00.0: BAR 2 [mem 0x1200000000-0x1207ffffff 64bit pref]
[    0.656727] pci 0000:11:00.0: BAR 4 [mem 0x1100000000-0x11ffffffff 64bit pref]
[    0.656727] pci 0000:11:00.0: ROM [mem 0xfe010000-0xfe010fff pref]
[    0.657752] pci 0000:11:00.0: enabling Extended Tags
[    0.659290] pci 0000:0c:04.0: PCI bridge to [bus 11]
[    0.660770] pci 0000:12:00.0: [8086:0d92] type 00 class 0x050210 PCIe Endpoint
[    0.663755] pci 0000:12:00.0: BAR 0 [mem 0xfde00000-0xfde0ffff 64bit]
[    0.664730] pci 0000:12:00.0: BAR 2 [mem 0x1000000000-0x1007ffffff 64bit pref]
[    0.665502] pci 0000:12:00.0: BAR 4 [mem 0xf00000000-0xfffffffff 64bit pref]
[    0.666722] pci 0000:12:00.0: ROM [mem 0xfde10000-0xfde10fff pref]
[    0.666752] pci 0000:12:00.0: enabling Extended Tags
[    0.668546] pci 0000:0c:05.0: PCI bridge to [bus 12]
[    0.670021] pci 0000:13:00.0: [8086:0d92] type 00 class 0x050210 PCIe Endpoint
[    0.673756] pci 0000:13:00.0: BAR 0 [mem 0xfdc00000-0xfdc0ffff 64bit]
[    0.674730] pci 0000:13:00.0: BAR 2 [mem 0xe00000000-0xe07ffffff 64bit pref]
[    0.675482] pci 0000:13:00.0: BAR 4 [mem 0xd00000000-0xdffffffff 64bit pref]
[    0.676722] pci 0000:13:00.0: ROM [mem 0xfdc10000-0xfdc10fff pref]
[    0.676752] pci 0000:13:00.0: enabling Extended Tags
[    0.678383] pci 0000:0c:06.0: PCI bridge to [bus 13]
[    0.679817] pci 0000:14:00.0: [8086:0d92] type 00 class 0x050210 PCIe Endpoint
[    0.682789] pci 0000:14:00.0: BAR 0 [mem 0xfda00000-0xfda0ffff 64bit]
[    0.683730] pci 0000:14:00.0: BAR 2 [mem 0xc00000000-0xc07ffffff 64bit pref]
[    0.685727] pci 0000:14:00.0: BAR 4 [mem 0xb00000000-0xbffffffff 64bit pref]
[    0.685727] pci 0000:14:00.0: ROM [mem 0xfda10000-0xfda10fff pref]
[    0.686753] pci 0000:14:00.0: enabling Extended Tags
[    0.688209] pci 0000:0c:07.0: PCI bridge to [bus 14]
[    0.695752] iommu: Default domain type: Translated
[    0.696718] iommu: DMA domain TLB invalidation policy: lazy mode
[    0.697903] SCSI subsystem initialized
[    0.698752] ACPI: bus type USB registered
[    0.698752] usbcore: registered new interface driver usbfs
[    0.699320] usbcore: registered new interface driver hub
[    0.699727] usbcore: registered new device driver usb
[    0.700730] pps_core: LinuxPPS API ver. 1 registered
[    0.701252] pps_core: Software ver. 5.3.6 - Copyright 2005-2007 Rodolfo Giometti <giometti@linux.it>
[    0.702716] PTP clock support registered
[    0.702762] EDAC MC: Ver: 3.0.0
[    0.704817] NetLabel: Initializing
[    0.705193] NetLabel:  domain hash size = 128
[    0.705672] NetLabel:  protocols = UNLABELED CIPSOv4 CALIPSO
[    0.706730] NetLabel:  unlabeled traffic allowed by default
[    0.706820] mctp: management component transport protocol core
[    0.707716] NET: Registered PF_MCTP protocol family
[    0.708256] PCI: Using ACPI for IRQ routing
[    0.822812] pci 0000:00:01.0: BAR 2 [mem 0xfea50000-0xfea50fff]: can't claim; no compatible bridge window
[    0.823722] pci 0000:00:02.0: BAR 1 [mem 0xfea51000-0xfea51fff]: can't claim; no compatible bridge window
[    0.824725] pci 0000:00:03.0: BAR 1 [mem 0xfea52000-0xfea52fff]: can't claim; no compatible bridge window
[    0.825721] pci 0000:00:04.0: BAR 1 [mem 0xfea53000-0xfea53fff]: can't claim; no compatible bridge window
[    0.826735] pci 0000:00:1f.2: BAR 5 [mem 0xfea54000-0xfea54fff]: can't claim; no compatible bridge window
[    0.827988] pci 0000:00:01.0: vgaarb: setting as boot VGA device
[    0.828374] pci 0000:00:01.0: vgaarb: bridge control possible
[    0.828713] pci 0000:00:01.0: vgaarb: VGA device added: decodes=io+mem,owns=io+mem,locks=none
[    0.829716] vgaarb: loaded
[    0.830826] hpet: 3 channels of 0 reserved for per-cpu timers
[    0.831365] hpet0: at MMIO 0xfed00000, IRQs 2, 8, 0
[    0.831715] hpet0: 3 comparators, 64-bit 100.000000 MHz counter
[    0.837772] clocksource: Switched to clocksource kvm-clock
[    0.839206] VFS: Disk quotas dquot_6.6.0
[    0.839718] VFS: Dquot-cache hash table entries: 512 (order 0, 4096 bytes)
[    0.841638] AppArmor: AppArmor Filesystem Enabled
[    0.842169] pnp: PnP ACPI init
[    0.842660] system 00:05: [mem 0xb0000000-0xbfffffff window] has been reserved
[    0.843873] pnp: PnP ACPI: found 6 devices
[    0.853696] clocksource: acpi_pm: mask: 0xffffff max_cycles: 0xffffff, max_idle_ns: 2085701024 ns
[    0.854882] NET: Registered PF_INET protocol family
[    0.855900] IP idents hash table entries: 262144 (order: 9, 2097152 bytes, linear)
[    0.868772] tcp_listen_portaddr_hash hash table entries: 8192 (order: 5, 131072 bytes, linear)
[    0.869940] Table-perturb hash table entries: 65536 (order: 6, 262144 bytes, linear)
[    0.870917] TCP established hash table entries: 131072 (order: 8, 1048576 bytes, linear)
[    0.872115] TCP bind hash table entries: 65536 (order: 9, 2097152 bytes, linear)
[    0.873206] TCP: Hash tables configured (established 131072 bind 65536)
[    0.874526] MPTCP token hash table entries: 16384 (order: 6, 393216 bytes, linear)
[    0.875525] UDP hash table entries: 8192 (order: 7, 524288 bytes, linear)
[    0.876369] UDP-Lite hash table entries: 8192 (order: 7, 524288 bytes, linear)
[    0.877293] NET: Registered PF_UNIX/PF_LOCAL protocol family
[    0.877950] NET: Registered PF_XDP protocol family
[    0.878579] pci 0000:00:02.0: ROM [mem 0xfea00000-0xfea3ffff pref]: can't claim; no compatible bridge window
[    0.879688] pci 0000:00:02.0: ROM [mem 0x80000000-0x8003ffff pref]: assigned
[    0.880527] pci 0000:00:01.0: BAR 2 [mem 0x80040000-0x80040fff]: assigned
[    0.882336] pci 0000:00:02.0: BAR 1 [mem 0x80041000-0x80041fff]: assigned
[    0.884121] pci 0000:00:03.0: BAR 1 [mem 0x80042000-0x80042fff]: assigned
[    0.885849] pci 0000:00:04.0: BAR 1 [mem 0x80043000-0x80043fff]: assigned
[    0.887576] pci 0000:00:1f.2: BAR 5 [mem 0x80044000-0x80044fff]: assigned
[    0.889210] pci_bus 0000:00: resource 4 [io  0x0000-0x0cf7 window]
[    0.890051] pci_bus 0000:00: resource 5 [io  0x0d00-0xffff window]
[    0.890718] pci_bus 0000:00: resource 6 [mem 0x000a0000-0x000bffff window]
[    0.891494] pci_bus 0000:00: resource 7 [mem 0x80000000-0xafffffff window]
[    0.893050] pci_bus 0000:00: resource 8 [mem 0xc0000000-0xfd9fffff window]
[    0.893816] pci_bus 0000:00: resource 9 [mem 0xac0080000-0xaffffffff window]
[    0.894565] pci_bus 0000:00: resource 10 [mem 0x1b00000000-0x22ffffffff window]
[    0.895392] pci 0000:0c:00.0: bridge window [io  0x1000-0x0fff] to [bus 0d] add_size 1000
[    0.896295] pci 0000:0c:01.0: bridge window [io  0x1000-0x0fff] to [bus 0e] add_size 1000
[    0.897195] pci 0000:0c:02.0: bridge window [io  0x1000-0x0fff] to [bus 0f] add_size 1000
[    0.898097] pci 0000:0c:03.0: bridge window [io  0x1000-0x0fff] to [bus 10] add_size 1000
[    0.899071] pci 0000:0c:04.0: bridge window [io  0x1000-0x0fff] to [bus 11] add_size 1000
[    0.899979] pci 0000:0c:05.0: bridge window [io  0x1000-0x0fff] to [bus 12] add_size 1000
[    0.900886] pci 0000:0c:06.0: bridge window [io  0x1000-0x0fff] to [bus 13] add_size 1000
[    0.901788] pci 0000:0c:07.0: bridge window [io  0x1000-0x0fff] to [bus 14] add_size 1000
[    0.902672] pci 0000:0c:00.0: bridge window [io  size 0x1000]: can't assign; no space
[    0.903547] pci 0000:0c:00.0: bridge window [io  size 0x1000]: failed to assign
[    0.904366] pci 0000:0c:01.0: bridge window [io  size 0x1000]: can't assign; no space
[    0.905310] pci 0000:0c:01.0: bridge window [io  size 0x1000]: failed to assign
[    0.906134] pci 0000:0c:02.0: bridge window [io  size 0x1000]: can't assign; no space
[    0.907011] pci 0000:0c:02.0: bridge window [io  size 0x1000]: failed to assign
[    0.907823] pci 0000:0c:03.0: bridge window [io  size 0x1000]: can't assign; no space
[    0.908662] pci 0000:0c:03.0: bridge window [io  size 0x1000]: failed to assign
[    0.909468] pci 0000:0c:04.0: bridge window [io  size 0x1000]: can't assign; no space
[    0.910347] pci 0000:0c:04.0: bridge window [io  size 0x1000]: failed to assign
[    0.911155] pci 0000:0c:05.0: bridge window [io  size 0x1000]: can't assign; no space
[    0.912098] pci 0000:0c:05.0: bridge window [io  size 0x1000]: failed to assign
[    0.912911] pci 0000:0c:06.0: bridge window [io  size 0x1000]: can't assign; no space
[    0.913767] pci 0000:0c:06.0: bridge window [io  size 0x1000]: failed to assign
[    0.914549] pci 0000:0c:07.0: bridge window [io  size 0x1000]: can't assign; no space
[    0.915412] pci 0000:0c:07.0: bridge window [io  size 0x1000]: failed to assign
[    0.916215] pci 0000:0c:07.0: bridge window [io  size 0x1000]: can't assign; no space
[    0.917094] pci 0000:0c:07.0: bridge window [io  size 0x1000]: failed to assign
[    0.917933] pci 0000:0c:06.0: bridge window [io  size 0x1000]: can't assign; no space
[    0.918772] pci 0000:0c:06.0: bridge window [io  size 0x1000]: failed to assign
[    0.919650] pci 0000:0c:05.0: bridge window [io  size 0x1000]: can't assign; no space
[    0.920508] pci 0000:0c:05.0: bridge window [io  size 0x1000]: failed to assign
[    0.921397] pci 0000:0c:04.0: bridge window [io  size 0x1000]: can't assign; no space
[    0.922256] pci 0000:0c:04.0: bridge window [io  size 0x1000]: failed to assign
[    0.923114] pci 0000:0c:03.0: bridge window [io  size 0x1000]: can't assign; no space
[    0.923993] pci 0000:0c:03.0: bridge window [io  size 0x1000]: failed to assign
[    0.924771] pci 0000:0c:02.0: bridge window [io  size 0x1000]: can't assign; no space
[    0.925692] pci 0000:0c:02.0: bridge window [io  size 0x1000]: failed to assign
[    0.926500] pci 0000:0c:01.0: bridge window [io  size 0x1000]: can't assign; no space
[    0.927424] pci 0000:0c:01.0: bridge window [io  size 0x1000]: failed to assign
[    0.928235] pci 0000:0c:00.0: bridge window [io  size 0x1000]: can't assign; no space
[    0.929152] pci 0000:0c:00.0: bridge window [io  size 0x1000]: failed to assign
[    0.930025] pci 0000:0c:00.0: PCI bridge to [bus 0d]
[    0.931564] pci 0000:0c:00.0:   bridge window [mem 0xfe800000-0xfe9fffff]
[    0.933374] pci 0000:0c:00.0:   bridge window [mem 0x1900000000-0x1affffffff 64bit pref]
[    0.936247] pci 0000:0c:01.0: PCI bridge to [bus 0e]
[    0.937729] pci 0000:0c:01.0:   bridge window [mem 0xfe600000-0xfe7fffff]
[    0.939457] pci 0000:0c:01.0:   bridge window [mem 0x1700000000-0x18ffffffff 64bit pref]
[    0.942336] pci 0000:0c:02.0: PCI bridge to [bus 0f]
[    0.944291] pci 0000:0c:02.0:   bridge window [mem 0xfe400000-0xfe5fffff]
[    0.947005] pci 0000:0c:02.0:   bridge window [mem 0x1500000000-0x16ffffffff 64bit pref]
[    0.949063] pci 0000:0c:03.0: PCI bridge to [bus 10]
[    0.950494] pci 0000:0c:03.0:   bridge window [mem 0xfe200000-0xfe3fffff]
[    0.952091] pci 0000:0c:03.0:   bridge window [mem 0x1300000000-0x14ffffffff 64bit pref]
[    0.954536] pci 0000:0c:04.0: PCI bridge to [bus 11]
[    0.956592] pci 0000:0c:04.0:   bridge window [mem 0xfe000000-0xfe1fffff]
[    0.960167] pci 0000:0c:04.0:   bridge window [mem 0x1100000000-0x12ffffffff 64bit pref]
[    0.962317] pci 0000:0c:05.0: PCI bridge to [bus 12]
[    0.963827] pci 0000:0c:05.0:   bridge window [mem 0xfde00000-0xfdffffff]
[    0.965316] pci 0000:0c:05.0:   bridge window [mem 0xf00000000-0x10ffffffff 64bit pref]
[    0.967442] pci 0000:0c:06.0: PCI bridge to [bus 13]
[    0.968978] pci 0000:0c:06.0:   bridge window [mem 0xfdc00000-0xfddfffff]
[    0.972054] pci 0000:0c:06.0:   bridge window [mem 0xd00000000-0xeffffffff 64bit pref]
[    0.974009] pci 0000:0c:07.0: PCI bridge to [bus 14]
[    0.975423] pci 0000:0c:07.0:   bridge window [mem 0xfda00000-0xfdbfffff]
[    0.976969] pci 0000:0c:07.0:   bridge window [mem 0xb00000000-0xcffffffff 64bit pref]
[    0.979138] pci_bus 0000:0c: Some PCI device resources are unassigned, try booting with pci=realloc
[    0.980207] pci_bus 0000:0c: resource 4 [mem 0xfda00000-0xfe9fffff window]
[    0.981715] pci_bus 0000:0c: resource 5 [mem 0xac0000000-0xac007ffff window]
[    0.982495] pci_bus 0000:0c: resource 6 [mem 0xb00000000-0x1affffffff window]
[    0.983281] pci_bus 0000:0d: resource 0 [io  size 0x1000]
[    0.983945] pci_bus 0000:0d: resource 1 [mem 0xfe800000-0xfe9fffff]
[    0.984602] pci_bus 0000:0d: resource 2 [mem 0x1900000000-0x1affffffff 64bit pref]
[    0.985497] pci_bus 0000:0e: resource 0 [io  size 0x1000]
[    0.986148] pci_bus 0000:0e: resource 1 [mem 0xfe600000-0xfe7fffff]
[    0.986844] pci_bus 0000:0e: resource 2 [mem 0x1700000000-0x18ffffffff 64bit pref]
[    0.987652] pci_bus 0000:0f: resource 0 [io  size 0x1000]
[    0.988245] pci_bus 0000:0f: resource 1 [mem 0xfe400000-0xfe5fffff]
[    0.988942] pci_bus 0000:0f: resource 2 [mem 0x1500000000-0x16ffffffff 64bit pref]
[    0.989746] pci_bus 0000:10: resource 0 [io  size 0x1000]
[    0.990415] pci_bus 0000:10: resource 1 [mem 0xfe200000-0xfe3fffff]
[    0.991185] pci_bus 0000:10: resource 2 [mem 0x1300000000-0x14ffffffff 64bit pref]
[    0.992091] pci_bus 0000:11: resource 0 [io  size 0x1000]
[    0.992674] pci_bus 0000:11: resource 1 [mem 0xfe000000-0xfe1fffff]
[    0.993376] pci_bus 0000:11: resource 2 [mem 0x1100000000-0x12ffffffff 64bit pref]
[    0.994212] pci_bus 0000:12: resource 0 [io  size 0x1000]
[    0.994830] pci_bus 0000:12: resource 1 [mem 0xfde00000-0xfdffffff]
[    0.995488] pci_bus 0000:12: resource 2 [mem 0xf00000000-0x10ffffffff 64bit pref]
[    0.996372] pci_bus 0000:13: resource 0 [io  size 0x1000]
[    0.997046] pci_bus 0000:13: resource 1 [mem 0xfdc00000-0xfddfffff]
[    0.997723] pci_bus 0000:13: resource 2 [mem 0xd00000000-0xeffffffff 64bit pref]
[    0.998598] pci_bus 0000:14: resource 0 [io  size 0x1000]
[    0.999209] pci_bus 0000:14: resource 1 [mem 0xfda00000-0xfdbfffff]
[    0.999918] pci_bus 0000:14: resource 2 [mem 0xb00000000-0xcffffffff 64bit pref]
[    1.000917] PCI: CLS 0 bytes, default 64
[    1.001386] PCI-DMA: Using software bounce buffering for IO (SWIOTLB)
[    1.002159] software IO TLB: mapped [mem 0x000000007bfdc000-0x000000007ffdc000] (64MB)
[    1.003128] clocksource: tsc: mask: 0xffffffffffffffff max_cycles: 0x39a85c9bff6, max_idle_ns: 881590591483 ns
[    1.005044] Initialise system trusted keyrings
[    1.005562] Key type blacklist registered
[    1.006274] workingset: timestamp_bits=36 max_order=22 bucket_order=0
[    1.008409] squashfs: version 4.0 (2009/01/31) Phillip Lougher
[    1.009786] fuse: init (API version 7.45)
[    1.010785] integrity: Platform Keyring initialized
[    1.011311] integrity: Machine keyring initialized
[    1.017817] Key type asymmetric registered
[    1.018253] Asymmetric key parser 'x509' registered
[    1.018860] Block layer SCSI generic (bsg) driver version 0.4 loaded (major 242)
[    1.020304] io scheduler mq-deadline registered
[    1.022624] ledtrig-cpu: registered to indicate activity on CPUs
[    1.023823] ACPI: \_SB_.LNKD: Enabled at IRQ 11
[    1.025671] pcieport 0000:0c:00.0: PME: Signaling with IRQ 24
[    1.027146] pcieport 0000:0c:00.0: AER: enabled with IRQ 24
[    1.027821] pcieport 0000:0c:00.0: pciehp: Slot #0 AttnBtn+ PwrCtrl+ MRL- AttnInd+ PwrInd+ HotPlug+ Surprise+ Interlock+ NoCompl- IbPresDis- LLActRep+ (with Cmd Compl erratum)
[    1.031160] ACPI: \_SB_.LNKA: Enabled at IRQ 10
[    1.033773] pcieport 0000:0c:01.0: PME: Signaling with IRQ 25
[    1.035250] pcieport 0000:0c:01.0: AER: enabled with IRQ 25
[    1.035928] pcieport 0000:0c:01.0: pciehp: Slot #1 AttnBtn+ PwrCtrl+ MRL- AttnInd+ PwrInd+ HotPlug+ Surprise+ Interlock+ NoCompl- IbPresDis- LLActRep+ (with Cmd Compl erratum)
[    1.039252] ACPI: \_SB_.LNKB: Enabled at IRQ 10
[    1.041149] pcieport 0000:0c:02.0: PME: Signaling with IRQ 26
[    1.042630] pcieport 0000:0c:02.0: AER: enabled with IRQ 26
[    1.043291] pcieport 0000:0c:02.0: pciehp: Slot #2 AttnBtn+ PwrCtrl+ MRL- AttnInd+ PwrInd+ HotPlug+ Surprise+ Interlock+ NoCompl- IbPresDis- LLActRep+ (with Cmd Compl erratum)
[    1.047052] ACPI: \_SB_.LNKC: Enabled at IRQ 11
[    1.048839] pcieport 0000:0c:03.0: PME: Signaling with IRQ 27
[    1.050298] pcieport 0000:0c:03.0: AER: enabled with IRQ 27
[    1.050981] pcieport 0000:0c:03.0: pciehp: Slot #3 AttnBtn+ PwrCtrl+ MRL- AttnInd+ PwrInd+ HotPlug+ Surprise+ Interlock+ NoCompl- IbPresDis- LLActRep+ (with Cmd Compl erratum)
[    1.055848] pcieport 0000:0c:04.0: PME: Signaling with IRQ 28
[    1.057575] pcieport 0000:0c:04.0: AER: enabled with IRQ 28
[    1.058256] pcieport 0000:0c:04.0: pciehp: Slot #4 AttnBtn+ PwrCtrl+ MRL- AttnInd+ PwrInd+ HotPlug+ Surprise+ Interlock+ NoCompl- IbPresDis- LLActRep+ (with Cmd Compl erratum)
[    1.062787] pcieport 0000:0c:05.0: PME: Signaling with IRQ 29
[    1.064252] pcieport 0000:0c:05.0: AER: enabled with IRQ 29
[    1.065478] pcieport 0000:0c:05.0: pciehp: Slot #5 AttnBtn+ PwrCtrl+ MRL- AttnInd+ PwrInd+ HotPlug+ Surprise+ Interlock+ NoCompl- IbPresDis- LLActRep+ (with Cmd Compl erratum)
[    1.069894] pcieport 0000:0c:06.0: PME: Signaling with IRQ 30
[    1.071360] pcieport 0000:0c:06.0: AER: enabled with IRQ 30
[    1.072065] pcieport 0000:0c:06.0: pciehp: Slot #6 AttnBtn+ PwrCtrl+ MRL- AttnInd+ PwrInd+ HotPlug+ Surprise+ Interlock+ NoCompl- IbPresDis- LLActRep+ (with Cmd Compl erratum)
[    1.076719] pcieport 0000:0c:07.0: PME: Signaling with IRQ 31
[    1.078187] pcieport 0000:0c:07.0: AER: enabled with IRQ 31
[    1.078862] pcieport 0000:0c:07.0: pciehp: Slot #7 AttnBtn+ PwrCtrl+ MRL- AttnInd+ PwrInd+ HotPlug+ Surprise+ Interlock+ NoCompl- IbPresDis- LLActRep+ (with Cmd Compl erratum)
[    1.081787] input: Power Button as /devices/LNXSYSTM:00/LNXPWRBN:00/input/input0
[    1.082920] ACPI: button: Power Button [PWRF]
[    1.085298] ACPI: \_SB_.GSIG: Enabled at IRQ 22
[    1.087345] ACPI: \_SB_.GSIH: Enabled at IRQ 23
[    1.088944] ACPI: \_SB_.GSIE: Enabled at IRQ 20
[    1.090643] Serial: 8250/16550 driver, 32 ports, IRQ sharing enabled
[    1.113912] 00:03: ttyS0 at I/O 0x3f8 (irq = 4, base_baud = 115200) is a 16550A
[    1.119032] Linux agpgart interface v0.103
[    1.119564] ACPI: bus type drm_connector registered
[    1.123167] loop: module loaded
[    1.123723] virtio_blk virtio2: 4/0/0 default/read/poll queues
[    1.125862] virtio_blk virtio2: [vda] 104857600 512-byte logical blocks (53.7 GB/50.0 GiB)
[    1.129113] tun: Universal TUN/TAP device driver, 1.6
[    1.131044] PPP generic driver version 2.4.2
[    1.131685] i8042: PNP: PS/2 Controller [PNP0303:KBD,PNP0f13:MOU] at 0x60,0x64 irq 1,12
[    1.133456] serio: i8042 KBD port at 0x60,0x64 irq 1
[    1.134022] serio: i8042 AUX port at 0x60,0x64 irq 12
[    1.134705] mousedev: PS/2 mouse device common for all mice
[    1.135539] input: AT Translated Set 2 keyboard as /devices/platform/i8042/serio0/input/input1
[    1.136594] rtc_cmos 00:04: RTC can wake from S4
[    1.137757] rtc_cmos 00:04: registered as rtc0
[    1.138332] rtc_cmos 00:04: setting system clock to 2026-04-29T22:39:12 UTC (1777502352)
[    1.139267] rtc_cmos 00:04: alarms up to one day, y3k, 242 bytes nvram, hpet irqs
[    1.140115] i2c_dev: i2c /dev entries driver
[    1.140587] device-mapper: core: CONFIG_IMA_DISABLE_HTABLE is disabled. Duplicate IMA measurements will not be recorded in the IMA log.
[    1.141979] device-mapper: uevent: version 1.0.3
[    1.142549] device-mapper: ioctl: 4.50.0-ioctl (2025-04-28) initialised: dm-devel@lists.linux.dev
[    1.143550] intel_pstate: CPU model not supported
[    1.144130] drop_monitor: Initializing network drop monitor service
[    1.145029] NET: Registered PF_INET6 protocol family
[    1.146726] Segment Routing with IPv6
[    1.147942] In-situ OAM (IOAM) with IPv6
[    1.149041] NET: Registered PF_PACKET protocol family
[    1.150754] Key type dns_resolver registered
[    1.153527] IPI shorthand broadcast: enabled
[    1.157169] sched_clock: Marking stable (1060004908, 96228098)->(1160328366, -4095360)
[    1.160423] registered taskstats version 1
[    1.163171] Loading compiled-in X.509 certificates
[    1.165559] Loaded X.509 cert 'Build time autogenerated kernel key: a905e4b6ea12bd1caa75aa6fecf1a1500005ba3b'
[    1.171590] Demotion targets for Node 0: null
[    1.172457] Key type .fscrypt registered
[    1.172927] Key type fscrypt-provisioning registered
[    1.175973] Key type encrypted registered
[    1.176446] AppArmor: AppArmor sha256 policy hashing enabled
[    1.177128] ima: No TPM chip found, activating TPM-bypass!
[    1.177724] Loading compiled-in module X.509 certificates
[    1.178673] Loaded X.509 cert 'Build time autogenerated kernel key: a905e4b6ea12bd1caa75aa6fecf1a1500005ba3b'
[    1.179819] ima: Allocated hash algorithm: sha256
[    1.180344] ima: No architecture policies found
[    1.180889] evm: Initialising EVM extended attributes:
[    1.181440] evm: security.selinux
[    1.181851] evm: security.SMACK64
[    1.182198] evm: security.SMACK64EXEC
[    1.182589] evm: security.SMACK64TRANSMUTE
[    1.183082] evm: security.SMACK64MMAP
[    1.183480] evm: security.apparmor
[    1.183892] evm: security.ima
[    1.184210] evm: security.capability
[    1.184602] evm: HMAC attrs: 0x1
[    1.185324] PM:   Magic number: 6:635:705
[    1.187257] RAS: Correctable Errors collector initialized.
[    1.192421] clk: Disabling unused clocks
[    1.192905] PM: genpd: Disabling unused power domains
[    1.193685] check access for rdinit=/init failed: -2, ignoring
[    1.194159] md: Waiting for all devices to be available before autodetect
[    1.194671] md: If you don't use raid, use raid=noautodetect
[    1.195108] md: Autodetecting RAID arrays.
[    1.195420] md: autorun ...
[    1.195632] md: ... autorun DONE.
[    1.356564] EXT4-fs (vda): recovery complete
[    1.359479] EXT4-fs (vda): mounted filesystem 412a31d6-761b-4b59-b4f9-53f8a4b8ad2f r/w with ordered data mode. Quota mode: none.
[    1.361126] VFS: Mounted root (ext4 filesystem) on device 253:0.
[    1.362431] devtmpfs: mounted
[    1.364575] Freeing unused decrypted memory: 2036K
[    1.365851] Freeing unused kernel image (initmem) memory: 3056K
[    1.366496] Write protecting the kernel read-only data: 34816k
[    1.368248] Freeing unused kernel image (text/rodata gap) memory: 4K
[    1.369363] Freeing unused kernel image (rodata/data gap) memory: 680K
[    1.378523] x86/mm: Checked W+X mappings: passed, no W+X pages found.
[    1.379207] Run /sbin/init as init process
[    1.446371] systemd[1]: Inserted module 'autofs4'
[    1.452838] random: crng init done
[!p]104[?7h[    1.487153] systemd[1]: systemd 257.7-1 running in system mode (+PAM +AUDIT +SELINUX +APPARMOR +IMA +IPE +SMACK +SECCOMP +GCRYPT -GNUTLS +OPENSSL +ACL +BLKID +CURL +ELFUTILS +FIDO2 +IDN2 -IDN +IPTC +KMOD +LIBCRYPTSETUP +LIBCRYPTSETUP_PLUGINS +LIBFDISK +PCRE2 +PWQUALITY +P11KIT +QRENCODE +TPM2 +BZIP2 +LZ4 +XZ +ZLIB +ZSTD +BPF_FRAMEWORK +BTF -XKBCOMMON -UTMP +SYSVINIT +LIBARCHIVE)
[    1.496021] systemd[1]: Detected virtualization kvm.
[    1.497421] systemd[1]: Detected architecture x86-64.

[0;1;39mWelcome to [0m[1mDebian GNU/Linux 13 (trixie)[0m[0;1;39m![0m

[    1.500835] systemd[1]: Hostname set to <node1>.
[    1.539570] systemd[1]: bpf-restrict-fs: BPF LSM hook not enabled in the kernel, BPF LSM not supported.
[    1.583664] Guest personality initialized and is inactive
[    1.584184] VMCI host device registered (name=vmci, major=10, minor=261)
[    1.584668] Initialized host personality
[    1.592680] NET: Registered PF_VSOCK protocol family
[    1.689790] systemd[1]: Queued start job for default target graphical.target.
[    1.716735] systemd[1]: Created slice system-getty.slice - Slice /system/getty.
[[0;32m  OK  [0m] Created slice [0;1;39msystem-getty.slice[0m - Slice /system/getty.
[    1.721274] systemd[1]: Created slice system-modprobe.slice - Slice /system/modprobe.
[[0;32m  OK  [0m] Created slice [0;1;39msystem-modprobe.slice[0m - Slice /system/modprobe.
[    1.724220] systemd[1]: Created slice system-serial\x2dgetty.slice - Slice /system/serial-getty.
[[0;32m  OK  [0m] Created slice [0;1;39msystem-serial\x2dget…slice[0m - Slice /system/serial-getty.
[    1.727636] systemd[1]: Created slice user.slice - User and Session Slice.
[[0;32m  OK  [0m] Created slice [0;1;39muser.slice[0m - User and Session Slice.
[    1.730117] systemd[1]: Started systemd-ask-password-console.path - Dispatch Password Requests to Console Directory Watch.
[[0;32m  OK  [0m] Started [0;1;39msystemd-ask-password-conso…[0mequests to Console Directory Watch.
[    1.733104] systemd[1]: Started systemd-ask-password-wall.path - Forward Password Requests to Wall Directory Watch.
[[0;32m  OK  [0m] Started [0;1;39msystemd-ask-password-wall.…[0md Requests to Wall Directory Watch.
[    1.735864] systemd[1]: Set up automount proc-sys-fs-binfmt_misc.automount - Arbitrary Executable File Formats File System Automount Point.
[[0;32m  OK  [0m] Set up automount [0;1;39mproc-sys-fs-binfm…[0mormats File System Automount Point.
[    1.738695] systemd[1]: Expecting device dev-ttyS0.device - /dev/ttyS0...
         Expecting device [0;1;39mdev-ttyS0.device[0m - /dev/ttyS0...
[    1.740583] systemd[1]: Reached target paths.target - Path Units.
[[0;32m  OK  [0m] Reached target [0;1;39mpaths.target[0m - Path Units.
[    1.742475] systemd[1]: Reached target slices.target - Slice Units.
[[0;32m  OK  [0m] Reached target [0;1;39mslices.target[0m - Slice Units.
[    1.744432] systemd[1]: Reached target swap.target - Swaps.
[[0;32m  OK  [0m] Reached target [0;1;39mswap.target[0m - Swaps.
[    1.765135] systemd[1]: Listening on rpcbind.socket - RPCbind Server Activation Socket.
[[0;32m  OK  [0m] Listening on [0;1;39mrpcbind.socket[0m - RPCbind Server Activation Socket.
[    1.767692] systemd[1]: Listening on systemd-creds.socket - Credential Encryption/Decryption.
[[0;32m  OK  [0m] Listening on [0;1;39msystemd-creds.socket[0m - Credential Encryption/Decryption.
[    1.769251] systemd[1]: Listening on systemd-initctl.socket - initctl Compatibility Named Pipe.
[[0;32m  OK  [0m] Listening on [0;1;39msystemd-initctl.socke…[0m- initctl Compatibility Named Pipe.
[    1.770752] systemd[1]: Listening on systemd-journald-dev-log.socket - Journal Socket (/dev/log).
[[0;32m  OK  [0m] Listening on [0;1;39msystemd-journald-dev-…socket[0m - Journal Socket (/dev/log).
[    1.772301] systemd[1]: Listening on systemd-journald.socket - Journal Sockets.
[[0;32m  OK  [0m] Listening on [0;1;39msystemd-journald.socket[0m - Journal Sockets.
[    1.773680] systemd[1]: Listening on systemd-networkd.socket - Network Service Netlink Socket.
[[0;32m  OK  [0m] Listening on [0;1;39msystemd-networkd.socket[0m - Network Service Netlink Socket.
[    1.775202] systemd[1]: systemd-pcrextend.socket - TPM PCR Measurements was skipped because of an unmet condition check (ConditionSecurity=measured-uki).
[    1.776249] systemd[1]: systemd-pcrlock.socket - Make TPM PCR Policy was skipped because of an unmet condition check (ConditionSecurity=measured-uki).
[    1.777319] systemd[1]: Listening on systemd-udevd-control.socket - udev Control Socket.
[[0;32m  OK  [0m] Listening on [0;1;39msystemd-udevd-control.socket[0m - udev Control Socket.
[    1.778751] systemd[1]: Listening on systemd-udevd-kernel.socket - udev Kernel Socket.
[[0;32m  OK  [0m] Listening on [0;1;39msystemd-udevd-kernel.socket[0m - udev Kernel Socket.
[    1.781285] systemd[1]: Mounting dev-hugepages.mount - Huge Pages File System...
         Mounting [0;1;39mdev-hugepages.mount[0m - Huge Pages File System...
[    1.783305] systemd[1]: Mounting dev-mqueue.mount - POSIX Message Queue File System...
         Mounting [0;1;39mdev-mqueue.mount[0m - POSIX Message Queue File System...
[    1.785557] systemd[1]: Mounting run-lock.mount - Legacy Locks Directory /run/lock...
         Mounting [0;1;39mrun-lock.mount[0m - Legacy Locks Directory /run/lock...
[    1.787396] systemd[1]: Mounting sys-kernel-debug.mount - Kernel Debug File System...
         Mounting [0;1;39msys-kernel-debug.mount[0m - Kernel Debug File System...
[    1.791055] systemd[1]: Mounting sys-kernel-tracing.mount - Kernel Trace File System...
         Mounting [0;1;39msys-kernel-tracing.mount[0m - Kernel Trace File System...
[    1.794714] systemd[1]: Mounting tmp.mount - Temporary Directory /tmp...
         Mounting [0;1;39mtmp.mount[0m - Temporary Directory /tmp...
[    1.797477] systemd[1]: auth-rpcgss-module.service - Kernel Module supporting RPCSEC_GSS was skipped because of an unmet condition check (ConditionPathExists=/etc/krb5.keytab).
[    1.802623] systemd[1]: Starting kmod-static-nodes.service - Create List of Static Device Nodes...
         Starting [0;1;39mkmod-static-nodes.service[0m…eate List of Static Device Nodes...
[    1.806098] systemd[1]: Starting modprobe@configfs.service - Load Kernel Module configfs...
         Starting [0;1;39mmodprobe@configfs.service[0m - Load Kernel Module configfs...
[    1.807713] systemd[1]: Starting modprobe@drm.service - Load Kernel Module drm...
         Starting [0;1;39mmodprobe@drm.service[0m - Load Kernel Module drm...
[    1.813690] systemd[1]: Starting modprobe@efi_pstore.service - Load Kernel Module efi_pstore...
         Starting [0;1;39mmodprobe@efi_pstore.servi…[0m - Load Kernel Module efi_pstore...
[    1.816006] systemd[1]: Starting modprobe@fuse.service - Load Kernel Module fuse...
         Starting [0;1;39mmodprobe@fuse.service[0m - Load Kernel Module fuse...
[    1.817477] systemd[1]: systemd-hibernate-clear.service - Clear Stale Hibernate Storage Info was skipped because of an unmet condition check (ConditionPathExists=/sys/firmware/efi/efivars/HibernateLocation-8cf2644b-4b0b-428f-9387-6d876050dc67).
[    1.820315] systemd[1]: Starting systemd-journald.service - Journal Service...
         Starting [0;1;39msystemd-journald.service[0m - Journal Service...
[    1.822559] systemd[1]: Starting systemd-modules-load.service - Load Kernel Modules...
         Starting [0;1;39msystemd-modules-load.service[0m - Load Kernel Modules...
[    1.824027] systemd[1]: systemd-pcrmachine.service - TPM PCR Machine ID Measurement was skipped because of an unmet condition check (ConditionSecurity=measured-uki).
[    1.826119] systemd[1]: Starting systemd-remount-fs.service - Remount Root and Kernel File Systems...
         Starting [0;1;39msystemd-remount-fs.servic…[0munt Root and Kernel File Systems...
[    1.828342] systemd[1]: systemd-tpm2-setup-early.service - Early TPM SRK Setup was skipped because of an unmet condition check (ConditionSecurity=measured-uki).
[    1.835740] systemd[1]: Starting systemd-udev-load-credentials.service - Load udev Rules from Credentials...
         Starting [0;1;39msystemd-udev-load-credent…[0mLoad udev Rules from Credentials...
[    1.840935] systemd[1]: Starting systemd-udev-trigger.service - Coldplug All udev Devices...
         Starting [0;1;39msystemd-udev-trigger.service[0m - Coldplug All udev Devices...
[    1.843966] systemd[1]: Mounted dev-hugepages.mount - Huge Pages File System.
[    1.844480] systemd-journald[146]: Collecting audit messages is disabled.
[[0;32m  OK  [0m] Mounted [0;1;39mdev-hugepages.mount[0m - Huge Pages File System.
[    1.846289] systemd[1]: Mounted dev-mqueue.mount - POSIX Message Queue File System.
[[0;32m  OK  [0m] Mounted [0;1;39mdev-mqueue.mount[0m - POSIX Message Queue File System.
[    1.847955] systemd[1]: Mounted run-lock.mount - Legacy Locks Directory /run/lock.
[[0;32m  OK  [0m] Mounted [0;1;39mrun-lock.mount[0m - Legacy Locks Directory /run/lock.
[    1.849403] systemd[1]: Mounted sys-kernel-debug.mount - Kernel Debug File System.
[[0;32m  OK  [0m] Mounted [0;1;39msys-kernel-debug.mount[0m - Kernel Debug File System.
[    1.850802] systemd[1]: Mounted sys-kernel-tracing.mount - Kernel Trace File System.
[[0;32m  OK  [0m] Mounted [0;1;39msys-kernel-tracing.mount[0m - Kernel Trace File System.
[    1.852196] systemd[1]: Mounted tmp.mount - Temporary Directory /tmp.
[[0;32m  OK  [0m] Mounted [0;1;39mtmp.mount[0m - Temporary Directory /tmp.
[    1.853511] systemd[1]: Finished kmod-static-nodes.service - Create List of Static Device Nodes.
[[0;32m  OK  [0m] Finished [0;1;39mkmod-static-nodes.service[0m…Create List of Static Device Nodes.
[    1.855317] systemd[1]: modprobe@configfs.service: Deactivated successfully.
[    1.855994] systemd[1]: Finished modprobe@configfs.service - Load Kernel Module configfs.
[[0;32m  OK  [0m] Finished [0;1;39mmodprobe@configfs.service[0m - Load Kernel Module configfs.
[    1.857592] systemd[1]: modprobe@drm.service: Deactivated successfully.
[    1.858224] systemd[1]: Finished modprobe@drm.service - Load Kernel Module drm.
[[0;32m  OK  [0m] Finished [0;1;39mmodprobe@drm.service[0m - Load Kernel Module drm.
[    1.859671] systemd[1]: modprobe@efi_pstore.service: Deactivated successfully.
[    1.860449] systemd[1]: Finished modprobe@efi_pstore.service - Load Kernel Module efi_pstore.
[[0;32m  OK  [0m] Finished [0;1;39mmodprobe@efi_pstore.service[0m - Load Kernel Module efi_pstore.
[    1.862086] systemd[1]: modprobe@fuse.service: Deactivated successfully.
[    1.862695] systemd[1]: Finished modprobe@fuse.service - Load Kernel Module fuse.
[[0;32m  OK  [0m] Finished [0;1;39mmodprobe@fuse.service[0m - Load Kernel Module fuse.
[    1.864316] systemd[1]: Finished systemd-modules-load.service - Load Kernel Modules.
[[0;32m  OK  [0m] Finished [0;1;39msystemd-modules-load.service[0m - Load Kernel Modules.
[    1.865792] systemd[1]: Finished systemd-remount-fs.service - Remount Root and Kernel File Systems.
[[0;32m  OK  [0m] Finished [0;1;39msystemd-remount-fs.servic…[0mmount Root and Kernel File Systems.
[    1.867619] systemd[1]: Finished systemd-udev-load-credentials.service - Load udev Rules from Credentials.
[[0;32m  OK  [0m] Finished [0;1;39msystemd-udev-load-credent…[0m- Load udev Rules from Credentials.
[    1.870542] systemd[1]: Mounting sys-fs-fuse-connections.mount - FUSE Control File System...
         Mounting [0;1;39msys-fs-fuse-connections.mount[0m - FUSE Control File System...
[    1.873928] systemd[1]: Mounting sys-kernel-config.mount - Kernel Configuration File System...
         Mounting [0;1;39msys-kernel-config.mount[0m - Kernel Configuration File System...
[    1.875783] systemd[1]: systemd-hwdb-update.service - Rebuild Hardware Database was skipped because of an unmet condition check (ConditionNeedsUpdate=/etc).
[    1.876866] systemd[1]: systemd-pstore.service - Platform Persistent Storage Archival was skipped because of an unmet condition check (ConditionDirectoryNotEmpty=/sys/fs/pstore).
[    1.882209] systemd[1]: Starting systemd-random-seed.service - Load/Save OS Random Seed...
         Starting [0;1;39msystemd-random-seed.service[0m - Load/Save OS Random Seed...
[    1.885866] systemd[1]: Starting systemd-sysctl.service - Apply Kernel Variables...
         Starting [0;1;39msystemd-sysctl.service[0m - Apply Kernel Variables...
[    1.888491] systemd[1]: Starting systemd-tmpfiles-setup-dev-early.service - Create Static Device Nodes in /dev gracefully...
         Starting [0;1;39msystemd-tmpfiles-setup-de…[0m Device Nodes in /dev gracefully...
[    1.890404] systemd[1]: systemd-tpm2-setup.service - TPM SRK Setup was skipped because of an unmet condition check (ConditionSecurity=measured-uki).
[    1.891990] systemd[1]: Started systemd-journald.service - Journal Service.
[[0;32m  OK  [0m] Started [0;1;39msystemd-journald.service[0m - Journal Service.
[[0;32m  OK  [0m] Mounted [0;1;39msys-fs-fuse-connections.mount[0m - FUSE Control File System.
[[0;32m  OK  [0m] Finished [0;1;39msystemd-udev-trigger.service[0m - Coldplug All udev Devices.
[[0;32m  OK  [0m] Mounted [0;1;39msys-kernel-config.mount[0m - Kernel Configuration File System.
         Starting [0;1;39mifupdown-pre.service[0m - He…synchronize boot up for ifupdown...
         Starting [0;1;39msystemd-journal-flush.ser…[0msh Journal to Persistent Storage...
[[0;32m  OK  [0m] Finished [0;1;39msystemd-random-seed.service[0m - Load/Save OS Random Seed.
[[0;32m  OK  [0m] Finished [0;1;39msystemd-sysctl.service[0m - Apply Kernel Variables.
[[0;32m  OK  [0m] Finished [0;1;39msystemd-tmpfiles-setup-de…[0mic Device Nodes in /dev gracefully.
         Starting [0;1;39msystemd-tmpfiles-setup-de…[0meate Static Device Nodes in /dev...
[    1.927591] systemd-journald[146]: Received client request to flush runtime journal.
[    1.932120] systemd-journald[146]: File /var/log/journal/052ada13ad154e7481baeec066fefe4c/system.journal corrupted or uncleanly shut down, renaming and replacing.
[[0;32m  OK  [0m] Finished [0;1;39msystemd-tmpfiles-setup-de…[0mCreate Static Device Nodes in /dev.
[[0;32m  OK  [0m] Reached target [0;1;39mlocal-fs-pre.target[0m…Preparation for Local File Systems.
[[0;32m  OK  [0m] Reached target [0;1;39mlocal-fs.target[0m - Local File Systems.
[[0;32m  OK  [0m] Listening on [0;1;39msystemd-sysext.socket[0m… System Extension Image Management.
         Starting [0;1;39msystemd-binfmt.service[0m - Set Up Additional Binary Formats...
         Starting [0;1;39msystemd-udevd.service[0m - R…ager for Device Events and Files...
[[0;32m  OK  [0m] Finished [0;1;39msystemd-journal-flush.ser…[0mlush Journal to Persistent Storage.
         Starting [0;1;39msystemd-tmpfiles-setup.se…[0mate System Files and Directories...
[[0;32m  OK  [0m] Started [0;1;39msystemd-udevd.service[0m - Ru…anager for Device Events and Files.
         Starting [0;1;39msystemd-networkd.service[0m - Network Configuration...
[    2.008918] virtio_net virtio0 enp0s2: renamed from eth0
[[0;32m  OK  [0m] Finished [0;1;39msystemd-tmpfiles-setup.se…[0mreate System Files and Directories.
         Starting [0;1;39mrpcbind.service[0m - RPC bind portmap service...
[[0;32m  OK  [0m] Found device [0;1;39mdev-ttyS0.device[0m - /dev/ttyS0.
         Expecting device [0;1;39msys-subsystem-net…[0msys/subsystem/net/devices/enp0s2...
[[0;32m  OK  [0m] Started [0;1;39mrpcbind.service[0m - RPC bind portmap service.
[[0;32m  OK  [0m] Reached target [0;1;39mrpcbind.target[0m - RPC Port Mapper.
[    2.052153] ACPI: \_SB_.GSIA: Enabled at IRQ 16
[    2.053502] lpc_ich 0000:00:1f.0: I/O space for GPIO uninitialized
[    2.053743] ahci 0000:00:1f.2: AHCI vers 0001.0000, 32 command slots, 1.5 Gbps, SATA mode
[    2.054750] ahci 0000:00:1f.2: 6/6 ports implemented (port mask 0x3f)
[    2.055240] ahci 0000:00:1f.2: flags: 64bit ncq only 
[    2.056704] cxl_core: loading out-of-tree module taints kernel.
[    2.057260] cxl_core: module verification failed: signature and/or required key missing - tainting kernel
[    2.066395] scsi host0: ahci
[    2.069129] scsi host1: ahci
[    2.070023] scsi host2: ahci
[    2.073010] scsi host3: ahci
[    2.074182] scsi host4: ahci
[    2.076172] bochs-drm 0000:00:01.0: vgaarb: deactivate vga console
[    2.078605] parport_pc 00:02: reported by Plug and Play ACPI
[    2.079133] scsi host5: ahci
[    2.079221] ata1: SATA max UDMA/133 abar m4096@0x80044000 port 0x80044100 irq 42 lpm-pol 1
[    2.079269] ata2: SATA max UDMA/133 abar m4096@0x80044000 port 0x80044180 irq 42 lpm-pol 1
[    2.079274] ata3: SATA max UDMA/133 abar m4096@0x80044000 port 0x80044200 irq 42 lpm-pol 1
[    2.079280] ata4: SATA max UDMA/133 abar m4096@0x80044000 port 0x80044280 irq 42 lpm-pol 1
[    2.079285] ata5: SATA max UDMA/133 abar m4096@0x80044000 port 0x80044300 irq 42 lpm-pol 1
[    2.079297] ata6: SATA max UDMA/133 abar m4096@0x80044000 port 0x80044380 irq 42 lpm-pol 1
[    2.094222] parport0: PC-style at 0x378, irq 7 [PCSPP,TRISTATE]
[    2.098610] Console: switching to colour dummy device 80x25
[    2.100158] [drm] Found bochs VGA, ID 0xb0c5.
[    2.100487] [drm] Framebuffer size 16384 kB @ 0xfc000000, mmio @ 0x80040000.
[    2.103854] input: VirtualPS/2 VMware VMMouse as /devices/platform/i8042/serio1/input/input4
[    2.105539] input: PC Speaker as /devices/platform/pcspkr/input/input5
[    2.106151] [drm] Initialized bochs-drm 1.0.0 for 0000:00:01.0 on minor 0
[    2.106674]  pci0000:0c: host supports CXL
[    2.107340] input: VirtualPS/2 VMware VMMouse as /devices/platform/i8042/serio1/input/input3
[    2.109786] fbcon: bochs-drmdrmfb (fb0) is primary device
[    2.115417] Console: switching to colour frame buffer device 160x50
[    2.117935] bochs-drm 0000:00:01.0: [drm] fb0: bochs-drmdrmfb frame buffer device
[[0;32m  OK  [0m] Found device [0;1;39msys-subsystem-net-dev…0s2.device[0m - Virtio network device.
[[0;32m  OK  [0m] Listening on [0;1;39msystemd-rfkill.socket[0m…ll Switch Status /dev/rfkill Watch.
[    2.137345] iTCO_vendor_support: vendor-support=0
[[0;32m  OK  [0m] Started [0;1;39mifup@enp0s2.service[0m - ifup for enp0s2.
[    2.197721] ppdev: user-space parallel port driver
[    2.388075] ata1: SATA link down (SStatus 0 SControl 300)
[    2.391846] ata5: SATA link down (SStatus 0 SControl 300)
[    2.394516] ata6: SATA link down (SStatus 0 SControl 300)
[    2.396967] ata3: SATA link up 1.5 Gbps (SStatus 113 SControl 300)
[    2.398277] ata3.00: ATAPI: QEMU DVD-ROM, 2.5+, max UDMA/100
[    2.399165] ata3.00: applying bridge limits
[    2.400356] ata4: SATA link down (SStatus 0 SControl 300)
[    2.403206] ata2: SATA link down (SStatus 0 SControl 300)
[    2.405613] ata3.00: configured for UDMA/100
[    2.407288] scsi 2:0:0:0: CD-ROM            QEMU     QEMU DVD-ROM     2.5+ PQ: 0 ANSI: 5
[    2.449526] sr 2:0:0:0: [sr0] scsi3-mmc drive: 4x/4x cd/rw xa/form2 tray
[    2.452341] cdrom: Uniform CD-ROM driver Revision: 3.20
[    2.485630] sr 2:0:0:0: Attached scsi generic sg0 type 5
[    2.502737] cxl_type2_accel 0000:0d:00.0: CXL Type 2 Accelerator driver probing
[    2.504659] i801_smbus 0000:00:1f.3: SMBus using PCI interrupt
[    2.505460] cxl_type2_accel 0000:0d:00.0: CXL DVSEC: cap=0x001f ctrl=0x0007
[    2.506350] cxl_type2_accel 0000:0d:00.0: CXL.cache capable
[    2.507078] cxl_type2_accel 0000:0d:00.0: CXL.io capable
[    2.507700] cxl_type2_accel 0000:0d:00.0: CXL.mem capable
[    2.508372] cxl_type2_accel 0000:0d:00.0: CXL DVSEC ctrl=0x4007: Cache+ IO+ Mem+ Viral+
[    2.509768] cxl_type2_accel 0000:0d:00.0: Component registers mapped
[    2.510369] cxl_type2_accel 0000:0d:00.0: Cache configured: 128 MB, 64-byte lines
[    2.510421] i2c i2c-0: Memory type 0x07 not supported yet, not instantiating SPD
[    2.512097] pcieport 0000:0c:00.0: CXL snoop filter has no capacity
[    2.514294] iTCO_wdt iTCO_wdt.1.auto: Found a ICH9 TCO device (Version=2, TCOBASE=0x0660)
[    2.515141] iTCO_wdt iTCO_wdt.1.auto: initialized. heartbeat=30 sec (nowayout=0)
[    2.528198] 8021q: 802.1Q VLAN Support v1.8
[    2.535176] cxl_type2_accel 0000:0d:00.0: CXL cache device registered successfully
[    2.535826] cxl_type2_accel 0000:0d:00.0: CXL memory device registered (mem0)
[    2.536420] cxl_type2_accel 0000:0d:00.0: CXL Type 2 Accelerator driver probed successfully
[    2.537273] cxl_type2_accel 0000:0e:00.0: CXL Type 2 Accelerator driver probing
[    2.538730] cxl_type2_accel 0000:0e:00.0: CXL DVSEC: cap=0x001f ctrl=0x0007
[    2.539284] cxl_type2_accel 0000:0e:00.0: CXL.cache capable
[    2.539674] cxl_type2_accel 0000:0e:00.0: CXL.io capable
[    2.540144] cxl_type2_accel 0000:0e:00.0: CXL.mem capable
[    2.540539] cxl_type2_accel 0000:0e:00.0: CXL DVSEC ctrl=0x4007: Cache+ IO+ Mem+ Viral+
[    2.541255] cxl_type2_accel 0000:0e:00.0: Component registers mapped
[    2.541795] cxl_type2_accel 0000:0e:00.0: Cache configured: 128 MB, 64-byte lines
[    2.541942] Error: Driver 'pcspkr' is already registered, aborting...
[    2.543088] pcieport 0000:0c:01.0: CXL snoop filter has no capacity
[    2.543662] cxl_type2_accel 0000:0e:00.0: CXL cache device registered successfully
[    2.544360] cxl_type2_accel 0000:0e:00.0: CXL memory device registered (mem1)
[    2.544928] cxl_type2_accel 0000:0e:00.0: CXL Type 2 Accelerator driver probed successfully
[    2.545886] cxl_type2_accel 0000:0f:00.0: CXL Type 2 Accelerator driver probing
[    2.547138] cxl_type2_accel 0000:0f:00.0: CXL DVSEC: cap=0x001f ctrl=0x0007
[    2.547662] cxl_type2_accel 0000:0f:00.0: CXL.cache capable
[    2.548089] cxl_type2_accel 0000:0f:00.0: CXL.io capable
[    2.548483] cxl_type2_accel 0000:0f:00.0: CXL.mem capable
[    2.548913] cxl_type2_accel 0000:0f:00.0: CXL DVSEC ctrl=0x4007: Cache+ IO+ Mem+ Viral+
[    2.549548] cxl_type2_accel 0000:0f:00.0: Component registers mapped
[    2.550094] cxl_type2_accel 0000:0f:00.0: Cache configured: 128 MB, 64-byte lines
[    2.550911] pcieport 0000:0c:02.0: CXL snoop filter has no capacity
[    2.551477] cxl_type2_accel 0000:0f:00.0: CXL cache device registered successfully
[    2.552106] cxl_type2_accel 0000:0f:00.0: CXL memory device registered (mem2)
[    2.552615] cxl_type2_accel 0000:0f:00.0: CXL Type 2 Accelerator driver probed successfully
[    2.553305] cxl_type2_accel 0000:10:00.0: CXL Type 2 Accelerator driver probing
[    2.554360] cxl_type2_accel 0000:10:00.0: CXL DVSEC: cap=0x001f ctrl=0x0007
[    2.554957] cxl_type2_accel 0000:10:00.0: CXL.cache capable
[    2.555364] cxl_type2_accel 0000:10:00.0: CXL.io capable
[    2.556073] cxl_type2_accel 0000:10:00.0: CXL.mem capable
[    2.556476] cxl_type2_accel 0000:10:00.0: CXL DVSEC ctrl=0x4007: Cache+ IO+ Mem+ Viral+
[    2.557151] cxl_type2_accel 0000:10:00.0: Component registers mapped
[    2.557681] cxl_type2_accel 0000:10:00.0: Cache configured: 128 MB, 64-byte lines
[    2.558541] pcieport 0000:0c:03.0: CXL snoop filter has no capacity
[    2.559144] cxl_type2_accel 0000:10:00.0: CXL cache device registered successfully
[    2.559751] cxl_type2_accel 0000:10:00.0: CXL memory device registered (mem3)
[    2.560309] cxl_type2_accel 0000:10:00.0: CXL Type 2 Accelerator driver probed successfully
[    2.560954] cxl_type2_accel 0000:11:00.0: CXL Type 2 Accelerator driver probing
[    2.561970] cxl_type2_accel 0000:11:00.0: CXL DVSEC: cap=0x001f ctrl=0x0007
[    2.562614] cxl_type2_accel 0000:11:00.0: CXL.cache capable
[    2.563058] cxl_type2_accel 0000:11:00.0: CXL.io capable
[    2.563449] cxl_type2_accel 0000:11:00.0: CXL.mem capable
[    2.563899] cxl_type2_accel 0000:11:00.0: CXL DVSEC ctrl=0x4007: Cache+ IO+ Mem+ Viral+
[    2.564542] cxl_type2_accel 0000:11:00.0: Component registers mapped
[    2.565099] cxl_type2_accel 0000:11:00.0: Cache configured: 128 MB, 64-byte lines
[    2.565908] pcieport 0000:0c:04.0: CXL snoop filter has no capacity
[    2.566481] cxl_type2_accel 0000:11:00.0: CXL cache device registered successfully
[    2.567107] cxl_type2_accel 0000:11:00.0: CXL memory device registered (mem4)
[    2.567629] cxl_type2_accel 0000:11:00.0: CXL Type 2 Accelerator driver probed successfully
[    2.568482] cxl_type2_accel 0000:12:00.0: CXL Type 2 Accelerator driver probing
[    2.569585] cxl_type2_accel 0000:12:00.0: CXL DVSEC: cap=0x001f ctrl=0x0007
[    2.570143] cxl_type2_accel 0000:12:00.0: CXL.cache capable
[    2.570551] cxl_type2_accel 0000:12:00.0: CXL.io capable
[    2.570970] cxl_type2_accel 0000:12:00.0: CXL.mem capable
[    2.571381] cxl_type2_accel 0000:12:00.0: CXL DVSEC ctrl=0x4007: Cache+ IO+ Mem+ Viral+
[    2.572049] cxl_type2_accel 0000:12:00.0: Component registers mapped
[    2.572580] cxl_type2_accel 0000:12:00.0: Cache configured: 128 MB, 64-byte lines
[    2.573453] pcieport 0000:0c:05.0: CXL snoop filter has no capacity
[    2.574052] cxl_type2_accel 0000:12:00.0: CXL cache device registered successfully
[    2.574653] cxl_type2_accel 0000:12:00.0: CXL memory device registered (mem5)
[    2.575198] cxl_type2_accel 0000:12:00.0: CXL Type 2 Accelerator driver probed successfully
[    2.575846] cxl_type2_accel 0000:13:00.0: CXL Type 2 Accelerator driver probing
[    2.577083] cxl_type2_accel 0000:13:00.0: CXL DVSEC: cap=0x001f ctrl=0x0007
[    2.577733] cxl_type2_accel 0000:13:00.0: CXL.cache capable
[    2.578165] cxl_type2_accel 0000:13:00.0: CXL.io capable
[    2.578560] cxl_type2_accel 0000:13:00.0: CXL.mem capable
[    2.578997] cxl_type2_accel 0000:13:00.0: CXL DVSEC ctrl=0x4007: Cache+ IO+ Mem+ Viral+
[    2.579641] cxl_type2_accel 0000:13:00.0: Component registers mapped
[    2.580197] cxl_type2_accel 0000:13:00.0: Cache configured: 128 MB, 64-byte lines
[    2.581055] pcieport 0000:0c:06.0: CXL snoop filter has no capacity
[    2.581631] cxl_type2_accel 0000:13:00.0: CXL cache device registered successfully
[    2.582267] cxl_type2_accel 0000:13:00.0: CXL memory device registered (mem6)
[    2.582820] cxl_type2_accel 0000:13:00.0: CXL Type 2 Accelerator driver probed successfully
[    2.583438] cxl_type2_accel 0000:14:00.0: CXL Type 2 Accelerator driver probing
[    2.584483] cxl_type2_accel 0000:14:00.0: CXL DVSEC: cap=0x001f ctrl=0x0007
[    2.585027] cxl_type2_accel 0000:14:00.0: CXL.cache capable
[    2.585435] cxl_type2_accel 0000:14:00.0: CXL.io capable
[    2.585862] cxl_type2_accel 0000:14:00.0: CXL.mem capable
[    2.586269] cxl_type2_accel 0000:14:00.0: CXL DVSEC ctrl=0x4007: Cache+ IO+ Mem+ Viral+
[    2.587206] cxl_type2_accel 0000:14:00.0: Component registers mapped
[    2.587796] cxl_type2_accel 0000:14:00.0: Cache configured: 128 MB, 64-byte lines
[    2.588578] pcieport 0000:0c:07.0: CXL snoop filter has no capacity
[    2.589179] cxl_type2_accel 0000:14:00.0: CXL cache device registered successfully
[    2.589779] cxl_type2_accel 0000:14:00.0: CXL memory device registered (mem7)
[    2.590399] cxl_type2_accel 0000:14:00.0: CXL Type 2 Accelerator driver probed successfully
[    2.620243] cfg80211: Loading compiled-in X.509 certificates for regulatory database
[    2.621166] Loaded X.509 cert 'sforshee: 00b28ddf47aef9cea7'
[    2.621680] Loaded X.509 cert 'wens: 61c038651aabdcf94bd0ac7ff06c7248db18c600'
[    2.622266] faux_driver regulatory: Direct firmware load for regulatory.db failed with error -2
[    2.622928] cfg80211: failed to load regulatory.db
[    2.636726] 8021q: adding VLAN 0 to HW filter on device enp0s2
         Mounting [0;1;39mproc-sys-fs-binfmt_misc.m…[0mcutable File Formats File System...
         Mounting [0;1;39mrun-rpc_pipefs.mount[0m - RPC Pipe File System...
[[0;32m  OK  [0m] Mounted [0;1;39mproc-sys-fs-binfmt_misc.mo…[0mxecutable File Formats File System.
[[0;32m  OK  [0m] Finished [0;1;39msystemd-binfmt.service[0m - Set Up Additional Binary Formats.
[[0;32m  OK  [0m] Reached target [0;1;39msysinit.target[0m - System Initialization.
[[0;32m  OK  [0m] Started [0;1;39mapt-daily.timer[0m - Daily apt download activities.
[[0;32m  OK  [0m] Started [0;1;39mapt-daily-upgrade.timer[0m - …y apt upgrade and clean activities.
[[0;32m  OK  [0m] Started [0;1;39mdpkg-db-backup.timer[0m - Daily dpkg database backup timer.
[[0;32m  OK  [0m] Started [0;1;39me2scrub_all.timer[0m - Period…Metadata Check for All Filesystems.
[[0;32m  OK  [0m] Started [0;1;39mfstrim.timer[0m - Discard unused filesystem blocks once a week.
[[0;32m  OK  [0m] Started [0;1;39mlogrotate.timer[0m - Daily rotation of log files.
[[0;32m  OK  [0m] Started [0;1;39msystemd-tmpfiles-clean.tim…[0my Cleanup of Temporary Directories.
[[0;32m  OK  [0m] Reached target [0;1;39mtimers.target[0m - Timer Units.
[[0;32m  OK  [0m] Listening on [0;1;39mdbus.socket[0m - D-Bus System Message Bus Socket.
[[0;32m  OK  [0m] Listening on [0;1;39msshd-unix-local.socke…[0mtemd-ssh-generator, AF_UNIX Local).
[[0;32m  OK  [0m] Listening on [0;1;39msshd-vsock.socket[0m - O… (systemd-ssh-generator, AF_VSOCK).
[[0;32m  OK  [0m] Reached target [0;1;39mssh-access.target[0m - SSH Access Available.
[[0;32m  OK  [0m] Listening on [0;1;39msystemd-hostnamed.socket[0m - Hostname Service Socket.
[[0;32m  OK  [0m] Reached target [0;1;39msockets.target[0m - Socket Units.
[[0;32m  OK  [0m] Reached target [0;1;39mbasic.target[0m - Basic System.
[[0;32m  OK  [0m] Started [0;1;39mcxl-monitor.service[0m - CXL Monitor Daemon.
         Starting [0;1;39mdbus.service[0m - D-Bus System Message Bus...
         Starting [0;1;39me2scrub_reap.service[0m - Re…ne ext4 Metadata Check Snapshots...
[[0;32m  OK  [0m] Started [0;1;39mndctl-monitor.service[0m - Ndctl Monitor Daemon.
         Starting [0;1;39msystemd-logind.service[0m - User Login Management...
[[0;32m  OK  [0m] Started [0;1;39msystemd-networkd.service[0m - Network Configuration.
[[0;32m  OK  [0m] Finished [0;1;39mifupdown-pre.service[0m - He…o synchronize boot up for ifupdown.
         Starting [0;1;39mnetworking.service[0m - Raise network interfaces...
         Starting [0;1;39msystemd-networkd-persiste…[0mtent Storage in systemd-networkd...
[[0;32m  OK  [0m] Started [0;1;39mdbus.service[0m - D-Bus System Message Bus.
[[0;32m  OK  [0m] Finished [0;1;39msystemd-networkd-persiste…[0mistent Storage in systemd-networkd.
[[0;32m  OK  [0m] Finished [0;1;39me2scrub_reap.service[0m - Re…line ext4 Metadata Check Snapshots.
[    2.981666] RPC: Registered named UNIX socket transport module.
[    2.982161] RPC: Registered udp transport module.
[    2.982507] RPC: Registered tcp transport module.
[    2.982894] RPC: Registered tcp-with-tls transport module.
[    2.983287] RPC: Registered tcp NFSv4.1 backchannel transport module.
[[0;32m  OK  [0m] Mounted [0;1;39mrun-rpc_pipefs.mount[0m - RPC Pipe File System.
[[0;32m  OK  [0m] Reached target [0;1;39mrpc_pipefs.target[0m.
         Starting [0;1;39mnfs-blkmap.service[0m - pNFS block layout mapping daemon...
[[0;32m  OK  [0m] Reached target [0;1;39mnfs-client.target[0m - NFS client services.
[[0;32m  OK  [0m] Reached target [0;1;39mremote-fs-pre.targe…[0mreparation for Remote File Systems.
[[0;32m  OK  [0m] Reached target [0;1;39mremote-fs.target[0m - Remote File Systems.
[[0;32m  OK  [0m] Started [0;1;39mcron.service[0m - Regular background program processing daemon.
[[0;32m  OK  [0m] Started [0;1;39msystemd-logind.service[0m - User Login Management.
[[0;32m  OK  [0m] Started [0;1;39mnfs-blkmap.service[0m - pNFS block layout mapping daemon.
[[0;32m  OK  [0m] Finished [0;1;39mnetworking.service[0m - Raise network interfaces.
[[0;32m  OK  [0m] Reached target [0;1;39mnetwork.target[0m - Network.
[[0;32m  OK  [0m] Reached target [0;1;39mnetwork-online.target[0m - Network is Online.
         Starting [0;1;39mrc-local.service[0m - /etc/rc.local Compatibility...
         Starting [0;1;39mrpc-statd-notify.service[0m - Notify NFS peers of a restart...
         Starting [0;1;39mssh.service[0m - OpenBSD Secure Shell server...
         Starting [0;1;39msystemd-user-sessions.service[0m - Permit User Sessions...
[[0;32m  OK  [0m] Started [0;1;39mrc-local.service[0m - /etc/rc.local Compatibility.
[[0;32m  OK  [0m] Started [0;1;39mrpc-statd-notify.service[0m - Notify NFS peers of a restart.
[[0;32m  OK  [0m] Finished [0;1;39msystemd-user-sessions.service[0m - Permit User Sessions.
[[0;32m  OK  [0m] Started [0;1;39mgetty@tty1.service[0m - Getty on tty1.
[[0;32m  OK  [0m] Started [0;1;39mserial-getty@ttyS0.service[0m - Serial Getty on ttyS0.
[[0;32m  OK  [0m] Reached target [0;1;39mgetty.target[0m - Login Prompts.
[[0;32m  OK  [0m] Started [0;1;39mssh.service[0m - OpenBSD Secure Shell server.
[[0;32m  OK  [0m] Reached target [0;1;39mmulti-user.target[0m - Multi-User System.
[[0;32m  OK  [0m] Reached target [0;1;39mgraphical.target[0m - Graphical Interface.
[!p]104[?7h[6n[32766;32766H[6n[!p]104[?7h[6n[32766;32766H[6n
Debian GNU/Linux 13 node1 ttyS0

node1 login: 