CXL Type2: GPU mode = 2 (NONE=0, VFIO=1, HETGPU=2, AUTO=3)
CXL Type2: Initializing hetGPU backend...
cxl_type2_hetgpu_init: ENTERED
cxl_type2_hetgpu_init: hetgpu_lib_path = '/home/victoryang00/hetGPU/target/debug/libnvcuda.so'
cxl_type2_hetgpu_init: Using library: /home/victoryang00/hetGPU/target/debug/libnvcuda.so
cxl_type2_hetgpu_init: backend=5, device_index=0
CXL Type2: cxl_type2_hetgpu_init returned 0
CXL Type2: hetGPU backend initialized successfully
CXL Type2: GPU mode = 2 (NONE=0, VFIO=1, HETGPU=2, AUTO=3)
CXL Type2: Initializing hetGPU backend...
cxl_type2_hetgpu_init: ENTERED
cxl_type2_hetgpu_init: hetgpu_lib_path = '/home/victoryang00/hetGPU/target/debug/libnvcuda.so'
cxl_type2_hetgpu_init: Using library: /home/victoryang00/hetGPU/target/debug/libnvcuda.so
cxl_type2_hetgpu_init: backend=5, device_index=0
CXL Type2: cxl_type2_hetgpu_init returned 0
CXL Type2: hetGPU backend initialized successfully
CXL Type2: GPU mode = 2 (NONE=0, VFIO=1, HETGPU=2, AUTO=3)
CXL Type2: Initializing hetGPU backend...
cxl_type2_hetgpu_init: ENTERED
cxl_type2_hetgpu_init: hetgpu_lib_path = '/home/victoryang00/hetGPU/target/debug/libnvcuda.so'
cxl_type2_hetgpu_init: Using library: /home/victoryang00/hetGPU/target/debug/libnvcuda.so
cxl_type2_hetgpu_init: backend=5, device_index=0
CXL Type2: cxl_type2_hetgpu_init returned 0
CXL Type2: hetGPU backend initialized successfully
CXL Type2: GPU mode = 2 (NONE=0, VFIO=1, HETGPU=2, AUTO=3)
CXL Type2: Initializing hetGPU backend...
cxl_type2_hetgpu_init: ENTERED
cxl_type2_hetgpu_init: hetgpu_lib_path = '/home/victoryang00/hetGPU/target/debug/libnvcuda.so'
cxl_type2_hetgpu_init: Using library: /home/victoryang00/hetGPU/target/debug/libnvcuda.so
cxl_type2_hetgpu_init: backend=5, device_index=0
CXL Type2: cxl_type2_hetgpu_init returned 0
CXL Type2: hetGPU backend initialized successfully
CXL Type2: GPU mode = 2 (NONE=0, VFIO=1, HETGPU=2, AUTO=3)
CXL Type2: Initializing hetGPU backend...
cxl_type2_hetgpu_init: ENTERED
cxl_type2_hetgpu_init: hetgpu_lib_path = '/home/victoryang00/hetGPU/target/debug/libnvcuda.so'
cxl_type2_hetgpu_init: Using library: /home/victoryang00/hetGPU/target/debug/libnvcuda.so
cxl_type2_hetgpu_init: backend=5, device_index=0
CXL Type2: cxl_type2_hetgpu_init returned 0
CXL Type2: hetGPU backend initialized successfully
CXL Type2: GPU mode = 2 (NONE=0, VFIO=1, HETGPU=2, AUTO=3)
CXL Type2: Initializing hetGPU backend...
cxl_type2_hetgpu_init: ENTERED
cxl_type2_hetgpu_init: hetgpu_lib_path = '/home/victoryang00/hetGPU/target/debug/libnvcuda.so'
cxl_type2_hetgpu_init: Using library: /home/victoryang00/hetGPU/target/debug/libnvcuda.so
cxl_type2_hetgpu_init: backend=5, device_index=0
CXL Type2: cxl_type2_hetgpu_init returned 0
CXL Type2: hetGPU backend initialized successfully
c[?7l[2J[0mSeaBIOS (version rel-1.17.0-0-gb52ca86e094d-prebuilt.qemu.org)


iPXE (http://ipxe.org) 00:02.0 CA00 PCI2.10 PnP PMM+7EFD13A0+7EF313A0 CA00
Press Ctrl-B to configure iPXE (PCI 00:02.0)...                                                                               


Booting from ROM..c[?7l[2J[0m.[    0.000000] Linux version 6.18.0-rc5 (root@gpu01) (gcc (Ubuntu 14.2.0-19ubuntu2) 14.2.0, GNU ld (GNU Binutils for Ubuntu) 2.44) #4 SMP PREEMPT_DYNAMIC Sun Mar  1 22:26:46 UTC 2026
[    0.000000] Command line: root=/dev/vda rw console=ttyS0,115200 nokaslr systemd.mask=cxl-numa-setup.service
[    0.000000] KERNEL supported cpus:
[    0.000000]   Intel GenuineIntel
[    0.000000]   AMD AuthenticAMD
[    0.000000]   Hygon HygonGenuine
[    0.000000]   Centaur CentaurHauls
[    0.000000]   zhaoxin   Shanghai  
[    0.000000] x86/CPU: Model not found in latest microcode list
[    0.000000] BIOS-provided physical RAM map:
[    0.000000] BIOS-e820: [mem 0x0000000000000000-0x000000000009fbff] usable
[    0.000000] BIOS-e820: [mem 0x000000000009fc00-0x000000000009ffff] reserved
[    0.000000] BIOS-e820: [mem 0x00000000000f0000-0x00000000000fffff] reserved
[    0.000000] BIOS-e820: [mem 0x0000000000100000-0x000000007ffdbfff] usable
[    0.000000] BIOS-e820: [mem 0x000000007ffdc000-0x000000007fffffff] reserved
[    0.000000] BIOS-e820: [mem 0x00000000b0000000-0x00000000bfffffff] reserved
[    0.000000] BIOS-e820: [mem 0x00000000fed1c000-0x00000000fed1ffff] reserved
[    0.000000] BIOS-e820: [mem 0x00000000feffc000-0x00000000feffffff] reserved
[    0.000000] BIOS-e820: [mem 0x00000000fffc0000-0x00000000ffffffff] reserved
[    0.000000] BIOS-e820: [mem 0x0000000100000000-0x000000047fffffff] usable
[    0.000000] NX (Execute Disable) protection: active
[    0.000000] APIC: Static calls initialized
[    0.000000] SMBIOS 2.8 present.
[    0.000000] DMI: QEMU Standard PC (Q35 + ICH9, 2009), BIOS rel-1.17.0-0-gb52ca86e094d-prebuilt.qemu.org 04/01/2014
[    0.000000] DMI: Memory slots populated: 1/1
[    0.000000] Hypervisor detected: KVM
[    0.000000] last_pfn = 0x7ffdc max_arch_pfn = 0x400000000
[    0.000000] kvm-clock: Using msrs 4b564d01 and 4b564d00
[    0.000000] kvm-clock: using sched offset of 327696148 cycles
[    0.000002] clocksource: kvm-clock: mask: 0xffffffffffffffff max_cycles: 0x1cd42e4dffb, max_idle_ns: 881590591483 ns
[    0.000005] tsc: Detected 2000.000 MHz processor
[    0.000408] last_pfn = 0x480000 max_arch_pfn = 0x400000000
[    0.000441] MTRR map: 4 entries (3 fixed + 1 variable; max 19), built from 8 variable MTRRs
[    0.000443] x86/PAT: Configuration [0-7]: WB  WC  UC- UC  WB  WP  UC- WT  
[    0.000485] last_pfn = 0x7ffdc max_arch_pfn = 0x400000000
[    0.003358] found SMP MP-table at [mem 0x000f54b0-0x000f54bf]
[    0.003840] ACPI: Early table checksum verification disabled
[    0.003845] ACPI: RSDP 0x00000000000F52B0 000014 (v00 BOCHS )
[    0.003854] ACPI: RSDT 0x000000007FFE377B 000040 (v01 BOCHS  BXPC     00000001 BXPC 00000001)
[    0.003858] ACPI: FACP 0x000000007FFE3407 0000F4 (v03 BOCHS  BXPC     00000001 BXPC 00000001)
[    0.003862] ACPI: DSDT 0x000000007FFE0040 0033C7 (v01 BOCHS  BXPC     00000001 BXPC 00000001)
[    0.003864] ACPI: FACS 0x000000007FFE0000 000040
[    0.003866] ACPI: APIC 0x000000007FFE34FB 000090 (v03 BOCHS  BXPC     00000001 BXPC 00000001)
[    0.003867] ACPI: HPET 0x000000007FFE358B 000038 (v01 BOCHS  BXPC     00000001 BXPC 00000001)
[    0.003869] ACPI: SRAT 0x000000007FFE35C3 000110 (v01 BOCHS  BXPC     00000001 BXPC 00000001)
[    0.003871] ACPI: MCFG 0x000000007FFE36D3 00003C (v01 BOCHS  BXPC     00000001 BXPC 00000001)
[    0.003873] ACPI: CEDT 0x000000007FFE370F 000044 (v01 BOCHS  BXPC     00000001 BXPC 00000001)
[    0.003874] ACPI: WAET 0x000000007FFE3753 000028 (v01 BOCHS  BXPC     00000001 BXPC 00000001)
[    0.003876] ACPI: Reserving FACP table memory at [mem 0x7ffe3407-0x7ffe34fa]
[    0.003876] ACPI: Reserving DSDT table memory at [mem 0x7ffe0040-0x7ffe3406]
[    0.003877] ACPI: Reserving FACS table memory at [mem 0x7ffe0000-0x7ffe003f]
[    0.003877] ACPI: Reserving APIC table memory at [mem 0x7ffe34fb-0x7ffe358a]
[    0.003878] ACPI: Reserving HPET table memory at [mem 0x7ffe358b-0x7ffe35c2]
[    0.003878] ACPI: Reserving SRAT table memory at [mem 0x7ffe35c3-0x7ffe36d2]
[    0.003878] ACPI: Reserving MCFG table memory at [mem 0x7ffe36d3-0x7ffe370e]
[    0.003879] ACPI: Reserving CEDT table memory at [mem 0x7ffe370f-0x7ffe3752]
[    0.003879] ACPI: Reserving WAET table memory at [mem 0x7ffe3753-0x7ffe377a]
[    0.003937] ACPI: SRAT: Node 0 PXM 0 [mem 0x00000000-0x0009ffff]
[    0.003938] ACPI: SRAT: Node 0 PXM 0 [mem 0x00100000-0x7fffffff]
[    0.003939] ACPI: SRAT: Node 0 PXM 0 [mem 0x100000000-0x47fffffff]
[    0.003940] ACPI: SRAT: Node 0 PXM 0 [mem 0x480000000-0xa7fffffff] hotplug
[    0.003943] NUMA: Node 0 [mem 0x00001000-0x0009ffff] + [mem 0x00100000-0x7fffffff] -> [mem 0x00001000-0x7fffffff]
[    0.003944] NUMA: Node 0 [mem 0x00001000-0x7fffffff] + [mem 0x100000000-0x47fffffff] -> [mem 0x00001000-0x47fffffff]
[    0.003949] NODE_DATA(0) allocated [mem 0x47ffd2500-0x47fffcfff]
[    0.004048] Zone ranges:
[    0.004049]   DMA      [mem 0x0000000000001000-0x0000000000ffffff]
[    0.004050]   DMA32    [mem 0x0000000001000000-0x00000000ffffffff]
[    0.004051]   Normal   [mem 0x0000000100000000-0x000000047fffffff]
[    0.004051]   Device   empty
[    0.004052] Movable zone start for each node
[    0.004053] Early memory node ranges
[    0.004053]   node   0: [mem 0x0000000000001000-0x000000000009efff]
[    0.004054]   node   0: [mem 0x0000000000100000-0x000000007ffdbfff]
[    0.004055]   node   0: [mem 0x0000000100000000-0x000000047fffffff]
[    0.004056] Initmem setup node 0 [mem 0x0000000000001000-0x000000047fffffff]
[    0.004326] On node 0, zone DMA: 1 pages in unavailable ranges
[    0.004355] On node 0, zone DMA: 97 pages in unavailable ranges
[    0.046149] On node 0, zone Normal: 36 pages in unavailable ranges
[    0.046488] ACPI: PM-Timer IO Port: 0x608
[    0.046508] ACPI: LAPIC_NMI (acpi_id[0xff] dfl dfl lint[0x1])
[    0.046540] IOAPIC[0]: apic_id 0, version 17, address 0xfec00000, GSI 0-23
[    0.046542] ACPI: INT_SRC_OVR (bus 0 bus_irq 0 global_irq 2 dfl dfl)
[    0.046543] ACPI: INT_SRC_OVR (bus 0 bus_irq 5 global_irq 5 high level)
[    0.046544] ACPI: INT_SRC_OVR (bus 0 bus_irq 9 global_irq 9 high level)
[    0.046545] ACPI: INT_SRC_OVR (bus 0 bus_irq 10 global_irq 10 high level)
[    0.046545] ACPI: INT_SRC_OVR (bus 0 bus_irq 11 global_irq 11 high level)
[    0.046547] ACPI: Using ACPI (MADT) for SMP configuration information
[    0.046548] ACPI: HPET id: 0x8086a201 base: 0xfed00000
[    0.046553] CPU topo: Max. logical packages:   1
[    0.046554] CPU topo: Max. logical dies:       1
[    0.046554] CPU topo: Max. dies per package:   1
[    0.046556] CPU topo: Max. threads per core:   1
[    0.046557] CPU topo: Num. cores per package:     4
[    0.046557] CPU topo: Num. threads per package:   4
[    0.046557] CPU topo: Allowing 4 present CPUs plus 0 hotplug CPUs
[    0.046571] kvm-guest: APIC: eoi() replaced with kvm_guest_apic_eoi_write()
[    0.046583] PM: hibernation: Registered nosave memory: [mem 0x00000000-0x00000fff]
[    0.046584] PM: hibernation: Registered nosave memory: [mem 0x0009f000-0x000fffff]
[    0.046585] PM: hibernation: Registered nosave memory: [mem 0x7ffdc000-0xffffffff]
[    0.046586] [mem 0xc0000000-0xfed1bfff] available for PCI devices
[    0.046587] Booting paravirtualized kernel on KVM
[    0.046588] clocksource: refined-jiffies: mask: 0xffffffff max_cycles: 0xffffffff, max_idle_ns: 1910969940391419 ns
[    0.046595] setup_percpu: NR_CPUS:8192 nr_cpumask_bits:4 nr_cpu_ids:4 nr_node_ids:1
[    0.046942] percpu: Embedded 84 pages/cpu s221184 r8192 d114688 u524288
[    0.046973] kvm-guest: PV spinlocks disabled, no host support
[    0.046974] Kernel command line: root=/dev/vda rw console=ttyS0,115200 nokaslr systemd.mask=cxl-numa-setup.service
[    0.047013] Unknown kernel command line parameters "nokaslr", will be passed to user space.
[    0.047016] printk: log buffer data + meta data: 262144 + 917504 = 1179648 bytes
[    0.049474] Dentry cache hash table entries: 2097152 (order: 12, 16777216 bytes, linear)
[    0.050744] Inode-cache hash table entries: 1048576 (order: 11, 8388608 bytes, linear)
[    0.050792] software IO TLB: area num 4.
[    0.064588] Fallback order for Node 0: 0 
[    0.064592] Built 1 zonelists, mobility grouping on.  Total pages: 4194170
[    0.064593] Policy zone: Normal
[    0.064599] mem auto-init: stack:all(zero), heap alloc:on, heap free:off
[    0.105528] SLUB: HWalign=64, Order=0-3, MinObjects=0, CPUs=4, Nodes=1
[    0.119477] ftrace: allocating 57259 entries in 224 pages
[    0.119481] ftrace: allocated 224 pages with 3 groups
[    0.120605] Dynamic Preempt: voluntary
[    0.121012] rcu: Preemptible hierarchical RCU implementation.
[    0.121014] rcu: 	RCU restricting CPUs from NR_CPUS=8192 to nr_cpu_ids=4.
[    0.121016] 	Trampoline variant of Tasks RCU enabled.
[    0.121016] 	Rude variant of Tasks RCU enabled.
[    0.121016] 	Tracing variant of Tasks RCU enabled.
[    0.121017] rcu: RCU calculated value of scheduler-enlistment delay is 100 jiffies.
[    0.121018] rcu: Adjusting geometry for rcu_fanout_leaf=16, nr_cpu_ids=4
[    0.121026] RCU Tasks: Setting shift to 2 and lim to 1 rcu_task_cb_adjust=1 rcu_task_cpu_ids=4.
[    0.121027] RCU Tasks Rude: Setting shift to 2 and lim to 1 rcu_task_cb_adjust=1 rcu_task_cpu_ids=4.
[    0.121028] RCU Tasks Trace: Setting shift to 2 and lim to 1 rcu_task_cb_adjust=1 rcu_task_cpu_ids=4.
[    0.124634] NR_IRQS: 524544, nr_irqs: 456, preallocated irqs: 16
[    0.124858] rcu: srcu_init: Setting srcu_struct sizes based on contention.
[    0.132627] Console: colour VGA+ 80x25
[    0.132670] printk: legacy console [ttyS0] enabled
[    0.216790] ACPI: Core revision 20250807
[    0.217397] clocksource: hpet: mask: 0xffffffff max_cycles: 0xffffffff, max_idle_ns: 19112604467 ns
[    0.218466] APIC: Switch to symmetric I/O mode setup
[    0.219265] x2apic enabled
[    0.219878] APIC: Switched APIC routing to: physical x2apic
[    0.221409] ..TIMER: vector=0x30 apic1=0 pin1=2 apic2=-1 pin2=-1
[    0.222119] clocksource: tsc-early: mask: 0xffffffffffffffff max_cycles: 0x39a85c9bff6, max_idle_ns: 881590591483 ns
[    0.223305] Calibrating delay loop (skipped) preset value.. 4000.00 BogoMIPS (lpj=2000000)
[    0.224463] Last level iTLB entries: 4KB 0, 2MB 0, 4MB 0
[    0.225302] Last level dTLB entries: 4KB 0, 2MB 0, 4MB 0, 1GB 0
[    0.226306] mitigations: Enabled attack vectors: SMT mitigations: off
[    0.226967] Speculative Store Bypass: Vulnerable
[    0.227302] Spectre V2 : Vulnerable
[    0.227663] ITS: Vulnerable
[    0.228302] MDS: Vulnerable
[    0.228594] Spectre V1 : Vulnerable: __user pointer sanitization and usercopy barriers only; no swapgs barriers
[    0.229324] x86/fpu: Supporting XSAVE feature 0x001: 'x87 floating point registers'
[    0.230302] x86/fpu: Supporting XSAVE feature 0x002: 'SSE registers'
[    0.231302] x86/fpu: Supporting XSAVE feature 0x004: 'AVX registers'
[    0.231976] x86/fpu: Supporting XSAVE feature 0x020: 'AVX-512 opmask'
[    0.232302] x86/fpu: Supporting XSAVE feature 0x040: 'AVX-512 Hi256'
[    0.233302] x86/fpu: Supporting XSAVE feature 0x080: 'AVX-512 ZMM_Hi256'
[    0.234302] x86/fpu: xstate_offset[2]:  576, xstate_sizes[2]:  256
[    0.234938] x86/fpu: xstate_offset[5]: 1088, xstate_sizes[5]:   64
[    0.235302] x86/fpu: xstate_offset[6]: 1152, xstate_sizes[6]:  512
[    0.236302] x86/fpu: xstate_offset[7]: 1664, xstate_sizes[7]: 1024
[    0.237309] x86/fpu: Enabled xstate features 0xe7, context size is 2688 bytes, using 'standard' format.
[    0.241764] Freeing SMP alternatives memory: 52K
[    0.242306] pid_max: default: 32768 minimum: 301
[    0.243076] LSM: initializing lsm=lockdown,capability,landlock,yama,apparmor,ima,evm
[    0.243465] landlock: Up and running.
[    0.244302] Yama: becoming mindful.
[    0.244779] AppArmor: AppArmor initialized
[    0.245516] Mount-cache hash table entries: 32768 (order: 6, 262144 bytes, linear)
[    0.246609] Mountpoint-cache hash table entries: 32768 (order: 6, 262144 bytes, linear)
[    0.351142] smpboot: CPU0: Intel QEMU Virtual CPU version 2.5+ (family: 0xf, model: 0x6b, stepping: 0x1)
[    0.351488] Performance Events: unsupported Netburst CPU model 107 no PMU driver, software events only.
[    0.352319] signal: max sigframe size: 3632
[    0.352790] rcu: Hierarchical SRCU implementation.
[    0.353302] rcu: 	Max phase no-delay instances is 400.
[    0.353890] Timer migration: 1 hierarchy levels; 8 children per group; 1 crossnode level
[    0.354483] NMI watchdog: Perf NMI watchdog permanently disabled
[    0.355359] smp: Bringing up secondary CPUs ...
[    0.356370] smpboot: x86: Booting SMP configuration:
[    0.356964] .... node  #0, CPUs:      #1 #2 #3
[    0.364349] smp: Brought up 1 node, 4 CPUs
[    0.365303] smpboot: Total of 4 processors activated (16000.00 BogoMIPS)
[    0.366385] Memory: 16366240K/16776680K available (20473K kernel code, 4645K rwdata, 13656K rodata, 3056K init, 4384K bss, 402368K reserved, 0K cma-reserved)
[    0.368303] devtmpfs: initialized
[    0.368787] x86/mm: Memory block size: 128MB
[    0.370834] clocksource: jiffies: mask: 0xffffffff max_cycles: 0xffffffff, max_idle_ns: 1911260446275000 ns
[    0.371321] posixtimers hash table entries: 2048 (order: 3, 32768 bytes, linear)
[    0.372323] futex hash table entries: 1024 (65536 bytes on 1 NUMA nodes, total 64 KiB, linear).
[    0.374353] pinctrl core: initialized pinctrl subsystem
[    0.375125] PM: RTC time: 21:28:01, date: 2026-04-29
[    0.376791] NET: Registered PF_NETLINK/PF_ROUTE protocol family
[    0.377848] DMA: preallocated 2048 KiB GFP_KERNEL pool for atomic allocations
[    0.378511] DMA: preallocated 2048 KiB GFP_KERNEL|GFP_DMA pool for atomic allocations
[    0.380431] DMA: preallocated 2048 KiB GFP_KERNEL|GFP_DMA32 pool for atomic allocations
[    0.381324] audit: initializing netlink subsys (disabled)
[    0.381930] audit: type=2000 audit(1777498081.664:1): state=initialized audit_enabled=0 res=1
[    0.381930] thermal_sys: Registered thermal governor 'fair_share'
[    0.382305] thermal_sys: Registered thermal governor 'bang_bang'
[    0.383302] thermal_sys: Registered thermal governor 'step_wise'
[    0.384302] thermal_sys: Registered thermal governor 'user_space'
[    0.384963] thermal_sys: Registered thermal governor 'power_allocator'
[    0.385313] cpuidle: using governor ladder
[    0.386794] cpuidle: using governor menu
[    0.387417] acpiphp: ACPI Hot Plug PCI Controller Driver version: 0.5
[    0.388490] PCI: ECAM [mem 0xb0000000-0xbfffffff] (base 0xb0000000) for domain 0000 [bus 00-ff]
[    0.389305] PCI: ECAM [mem 0xb0000000-0xbfffffff] reserved as E820 entry
[    0.390314] PCI: Using configuration type 1 for base access
[    0.390994] kprobes: kprobe jump-optimization is enabled. All kprobes are optimized if possible.
[    0.393551] HugeTLB: registered 2.00 MiB page size, pre-allocated 0 pages
[    0.394302] HugeTLB: 28 KiB vmemmap can be freed for a 2.00 MiB page
[    0.397499] ACPI: Added _OSI(Module Device)
[    0.398153] ACPI: Added _OSI(Processor Device)
[    0.399303] ACPI: Added _OSI(Processor Aggregator Device)
[    0.401080] ACPI: 1 ACPI AML tables successfully acquired and loaded
[    0.426608] ACPI: Interpreter enabled
[    0.427322] ACPI: PM: (supports S0 S3 S4 S5)
[    0.428304] ACPI: Using IOAPIC for interrupt routing
[    0.430395] PCI: Using host bridge windows from ACPI; if necessary, use "pci=nocrs" and report a bug
[    0.431303] PCI: Using E820 reservations for host bridge windows
[    0.432473] ACPI: Enabled 3 GPEs in block 00 to 3F
[    0.437962] ACPI: PCI Root Bridge [PCI0] (domain 0000 [bus 00-0b])
[    0.438306] acpi PNP0A08:00: _OSC: OS supports [ExtendedConfig ASPM ClockPM Segments MSI EDR HPX-Type3]
[    0.439333] acpi PNP0A08:00: _OSC: platform does not support [PCIeHotplug LTR DPC]
[    0.440344] acpi PNP0A08:00: _OSC: OS now controls [SHPCHotplug PME AER PCIeCapability]
[    0.441452] PCI host bridge to bus 0000:00
[    0.442304] pci_bus 0000:00: root bus resource [io  0x0000-0x0cf7 window]
[    0.443303] pci_bus 0000:00: root bus resource [io  0x0d00-0xffff window]
[    0.444303] pci_bus 0000:00: root bus resource [mem 0x000a0000-0x000bffff window]
[    0.445207] pci_bus 0000:00: root bus resource [mem 0x80000000-0xafffffff window]
[    0.445303] pci_bus 0000:00: root bus resource [mem 0xc0000000-0xfddfffff window]
[    0.446302] pci_bus 0000:00: root bus resource [mem 0xac0060000-0xaffffffff window]
[    0.447302] pci_bus 0000:00: root bus resource [mem 0x1700000000-0x1effffffff window]
[    0.448302] pci_bus 0000:00: root bus resource [bus 00-0b]
[    0.449354] pci 0000:00:00.0: [8086:29c0] type 00 class 0x060000 conventional PCI endpoint
[    0.451426] pci 0000:00:01.0: [1234:1111] type 00 class 0x030000 conventional PCI endpoint
[    0.454324] pci 0000:00:01.0: BAR 0 [mem 0xfc000000-0xfcffffff pref]
[    0.455316] pci 0000:00:01.0: BAR 2 [mem 0xfea50000-0xfea50fff]
[    0.455985] pci 0000:00:01.0: ROM [mem 0xfea40000-0xfea4ffff pref]
[    0.456347] pci 0000:00:01.0: Video device with shadowed ROM at [mem 0x000c0000-0x000dffff]
[    0.457551] pci 0000:00:02.0: [1af4:1000] type 00 class 0x020000 conventional PCI endpoint
[    0.460320] pci 0000:00:02.0: BAR 0 [io  0xc0c0-0xc0df]
[    0.461311] pci 0000:00:02.0: BAR 1 [mem 0xfea51000-0xfea51fff]
[    0.461982] pci 0000:00:02.0: BAR 4 [mem 0x1700000000-0x1700003fff 64bit pref]
[    0.462309] pci 0000:00:02.0: ROM [mem 0xfea00000-0xfea3ffff pref]
[    0.463859] pci 0000:00:03.0: [1af4:1005] type 00 class 0x00ff00 conventional PCI endpoint
[    0.466276] pci 0000:00:03.0: BAR 0 [io  0xc0e0-0xc0ff]
[    0.466311] pci 0000:00:03.0: BAR 1 [mem 0xfea52000-0xfea52fff]
[    0.467326] pci 0000:00:03.0: BAR 4 [mem 0x1700004000-0x1700007fff 64bit pref]
[    0.468877] pci 0000:00:04.0: [1af4:1001] type 00 class 0x010000 conventional PCI endpoint
[    0.471320] pci 0000:00:04.0: BAR 0 [io  0xc000-0xc07f]
[    0.471968] pci 0000:00:04.0: BAR 1 [mem 0xfea53000-0xfea53fff]
[    0.472327] pci 0000:00:04.0: BAR 4 [mem 0x1700008000-0x170000bfff 64bit pref]
[    0.474808] pci 0000:00:05.0: [1b36:000b] type 00 class 0x060000 conventional PCI endpoint
[    0.482693] pci 0000:00:1f.0: [8086:2918] type 00 class 0x060100 conventional PCI endpoint
[    0.483584] pci 0000:00:1f.0: quirk: [io  0x0600-0x067f] claimed by ICH6 ACPI/GPIO/TCO
[    0.484486] pci 0000:00:1f.2: [8086:2922] type 00 class 0x010601 conventional PCI endpoint
[    0.486945] pci 0000:00:1f.2: BAR 4 [io  0xc100-0xc11f]
[    0.487312] pci 0000:00:1f.2: BAR 5 [mem 0xfea54000-0xfea54fff]
[    0.488629] pci 0000:00:1f.3: [8086:2930] type 00 class 0x0c0500 conventional PCI endpoint
[    0.490005] pci 0000:00:1f.3: BAR 4 [io  0x0700-0x073f]
[    0.490656] ACPI: PCI: Interrupt link LNKA configured for IRQ 10
[    0.491363] ACPI: PCI: Interrupt link LNKB configured for IRQ 10
[    0.492355] ACPI: PCI: Interrupt link LNKC configured for IRQ 11
[    0.493023] ACPI: PCI: Interrupt link LNKD configured for IRQ 11
[    0.493354] ACPI: PCI: Interrupt link LNKE configured for IRQ 10
[    0.494354] ACPI: PCI: Interrupt link LNKF configured for IRQ 10
[    0.495354] ACPI: PCI: Interrupt link LNKG configured for IRQ 11
[    0.496354] ACPI: PCI: Interrupt link LNKH configured for IRQ 11
[    0.497324] ACPI: PCI: Interrupt link GSIA configured for IRQ 16
[    0.497980] ACPI: PCI: Interrupt link GSIB configured for IRQ 17
[    0.498307] ACPI: PCI: Interrupt link GSIC configured for IRQ 18
[    0.499307] ACPI: PCI: Interrupt link GSID configured for IRQ 19
[    0.499952] ACPI: PCI: Interrupt link GSIE configured for IRQ 20
[    0.500307] ACPI: PCI: Interrupt link GSIF configured for IRQ 21
[    0.501304] ACPI: PCI: Interrupt link GSIG configured for IRQ 22
[    0.501958] ACPI: PCI: Interrupt link GSIH configured for IRQ 23
[    0.502662] ACPI: PCI Root Bridge [CL0C] (domain 0000 [bus 0c-12])
[    0.503305] acpi ACPI0016:00: _OSC: OS supports [ExtendedConfig ASPM ClockPM Segments MSI EDR HPX-Type3]
[    0.504303] acpi ACPI0016:00: _OSC: OS supports [CXL11PortRegAccess CXL20PortDevRegAccess CXLProtocolErrorReporting CXLNativeHot]
[    0.505346] acpi ACPI0016:00: _OSC: platform does not support [LTR DPC]
[    0.506368] acpi ACPI0016:00: _OSC: OS now controls [PCIeHotplug SHPCHotplug PME AER PCIeCapability]
[    0.507302] acpi ACPI0016:00: _OSC: OS now controls [CXLMemErrorReporting]
[    0.508326] PCI host bridge to bus 0000:0c
[    0.508785] pci_bus 0000:0c: root bus resource [mem 0xfde00000-0xfe9fffff window]
[    0.509303] pci_bus 0000:0c: root bus resource [mem 0xac0000000-0xac005ffff window]
[    0.510303] pci_bus 0000:0c: root bus resource [mem 0xb00000000-0x16ffffffff window]
[    0.511302] pci_bus 0000:0c: root bus resource [bus 0c-12]
[    0.512108] pci 0000:0c:00.0: [8086:7075] type 01 class 0x060400 PCIe Root Port
[    0.515011] pci 0000:0c:00.0: BAR 0 [mem 0xac0000000-0xac000ffff 64bit]
[    0.515319] pci 0000:0c:00.0: PCI bridge to [bus 0d]
[    0.515846] pci 0000:0c:00.0:   bridge window [mem 0xfe800000-0xfe9fffff]
[    0.517668] pci 0000:0c:00.0:   bridge window [mem 0x1500000000-0x16ffffffff 64bit pref]
[    0.518364] pci 0000:0c:00.0: enabling Extended Tags
[    0.520586] pci 0000:0c:01.0: [8086:7075] type 01 class 0x060400 PCIe Root Port
[    0.523328] pci 0000:0c:01.0: BAR 0 [mem 0xac0010000-0xac001ffff 64bit]
[    0.524087] pci 0000:0c:01.0: PCI bridge to [bus 0e]
[    0.524333] pci 0000:0c:01.0:   bridge window [mem 0xfe600000-0xfe7fffff]
[    0.526772] pci 0000:0c:01.0:   bridge window [mem 0x1300000000-0x14ffffffff 64bit pref]
[    0.527366] pci 0000:0c:01.0: enabling Extended Tags
[    0.529672] pci 0000:0c:02.0: [8086:7075] type 01 class 0x060400 PCIe Root Port
[    0.532367] pci 0000:0c:02.0: BAR 0 [mem 0xac0020000-0xac002ffff 64bit]
[    0.533076] pci 0000:0c:02.0: PCI bridge to [bus 0f]
[    0.533333] pci 0000:0c:02.0:   bridge window [mem 0xfe400000-0xfe5fffff]
[    0.535337] pci 0000:0c:02.0:   bridge window [mem 0x1100000000-0x12ffffffff 64bit pref]
[    0.536364] pci 0000:0c:02.0: enabling Extended Tags
[    0.538056] pci 0000:0c:03.0: [8086:7075] type 01 class 0x060400 PCIe Root Port
[    0.540934] pci 0000:0c:03.0: BAR 0 [mem 0xac0030000-0xac003ffff 64bit]
[    0.541318] pci 0000:0c:03.0: PCI bridge to [bus 10]
[    0.542333] pci 0000:0c:03.0:   bridge window [mem 0xfe200000-0xfe3fffff]
[    0.543661] pci 0000:0c:03.0:   bridge window [mem 0xf00000000-0x10ffffffff 64bit pref]
[    0.544364] pci 0000:0c:03.0: enabling Extended Tags
[    0.546709] pci 0000:0c:04.0: [8086:7075] type 01 class 0x060400 PCIe Root Port
[    0.549982] pci 0000:0c:04.0: BAR 0 [mem 0xac0040000-0xac004ffff 64bit]
[    0.550318] pci 0000:0c:04.0: PCI bridge to [bus 11]
[    0.551332] pci 0000:0c:04.0:   bridge window [mem 0xfe000000-0xfe1fffff]
[    0.552753] pci 0000:0c:04.0:   bridge window [mem 0xd00000000-0xeffffffff 64bit pref]
[    0.553364] pci 0000:0c:04.0: enabling Extended Tags
[    0.555578] pci 0000:0c:05.0: [8086:7075] type 01 class 0x060400 PCIe Root Port
[    0.558329] pci 0000:0c:05.0: BAR 0 [mem 0xac0050000-0xac005ffff 64bit]
[    0.559317] pci 0000:0c:05.0: PCI bridge to [bus 12]
[    0.560368] pci 0000:0c:05.0:   bridge window [mem 0xfde00000-0xfdffffff]
[    0.561677] pci 0000:0c:05.0:   bridge window [mem 0xb00000000-0xcffffffff 64bit pref]
[    0.562364] pci 0000:0c:05.0: enabling Extended Tags
[    0.571519] pci 0000:0d:00.0: [8086:0d92] type 00 class 0x050210 PCIe Endpoint
[    0.574334] pci 0000:0d:00.0: BAR 0 [mem 0xfe800000-0xfe80ffff 64bit]
[    0.575066] pci 0000:0d:00.0: BAR 2 [mem 0x1600000000-0x1607ffffff 64bit pref]
[    0.575315] pci 0000:0d:00.0: BAR 4 [mem 0x1500000000-0x15ffffffff 64bit pref]
[    0.576309] pci 0000:0d:00.0: ROM [mem 0xfe810000-0xfe810fff pref]
[    0.577340] pci 0000:0d:00.0: enabling Extended Tags
[    0.578800] pci 0000:0c:00.0: PCI bridge to [bus 0d]
[    0.581421] pci 0000:0e:00.0: [8086:0d92] type 00 class 0x050210 PCIe Endpoint
[    0.584180] pci 0000:0e:00.0: BAR 0 [mem 0xfe600000-0xfe60ffff 64bit]
[    0.584319] pci 0000:0e:00.0: BAR 2 [mem 0x1400000000-0x1407ffffff 64bit pref]
[    0.585315] pci 0000:0e:00.0: BAR 4 [mem 0x1300000000-0x13ffffffff 64bit pref]
[    0.586364] pci 0000:0e:00.0: ROM [mem 0xfe610000-0xfe610fff pref]
[    0.587020] pci 0000:0e:00.0: enabling Extended Tags
[    0.588617] pci 0000:0c:01.0: PCI bridge to [bus 0e]
[    0.589784] pci 0000:0f:00.0: [8086:0d92] type 00 class 0x050210 PCIe Endpoint
[    0.592334] pci 0000:0f:00.0: BAR 0 [mem 0xfe400000-0xfe40ffff 64bit]
[    0.593317] pci 0000:0f:00.0: BAR 2 [mem 0x1200000000-0x1207ffffff 64bit pref]
[    0.594315] pci 0000:0f:00.0: BAR 4 [mem 0x1100000000-0x11ffffffff 64bit pref]
[    0.595309] pci 0000:0f:00.0: ROM [mem 0xfe410000-0xfe410fff pref]
[    0.596018] pci 0000:0f:00.0: enabling Extended Tags
[    0.597430] pci 0000:0c:02.0: PCI bridge to [bus 0f]
[    0.598811] pci 0000:10:00.0: [8086:0d92] type 00 class 0x050210 PCIe Endpoint
[    0.601334] pci 0000:10:00.0: BAR 0 [mem 0xfe200000-0xfe20ffff 64bit]
[    0.602317] pci 0000:10:00.0: BAR 2 [mem 0x1000000000-0x1007ffffff 64bit pref]
[    0.603106] pci 0000:10:00.0: BAR 4 [mem 0xf00000000-0xfffffffff 64bit pref]
[    0.603309] pci 0000:10:00.0: ROM [mem 0xfe210000-0xfe210fff pref]
[    0.603980] pci 0000:10:00.0: enabling Extended Tags
[    0.605718] pci 0000:0c:03.0: PCI bridge to [bus 10]
[    0.606862] pci 0000:11:00.0: [8086:0d92] type 00 class 0x050210 PCIe Endpoint
[    0.609353] pci 0000:11:00.0: BAR 0 [mem 0xfe000000-0xfe00ffff 64bit]
[    0.610317] pci 0000:11:00.0: BAR 2 [mem 0xe00000000-0xe07ffffff 64bit pref]
[    0.611315] pci 0000:11:00.0: BAR 4 [mem 0xd00000000-0xdffffffff 64bit pref]
[    0.612089] pci 0000:11:00.0: ROM [mem 0xfe010000-0xfe010fff pref]
[    0.612341] pci 0000:11:00.0: enabling Extended Tags
[    0.614937] pci 0000:0c:04.0: PCI bridge to [bus 11]
[    0.616122] pci 0000:12:00.0: [8086:0d92] type 00 class 0x050210 PCIe Endpoint
[    0.618344] pci 0000:12:00.0: BAR 0 [mem 0xfde00000-0xfde0ffff 64bit]
[    0.619317] pci 0000:12:00.0: BAR 2 [mem 0xc00000000-0xc07ffffff 64bit pref]
[    0.620315] pci 0000:12:00.0: BAR 4 [mem 0xb00000000-0xbffffffff 64bit pref]
[    0.621083] pci 0000:12:00.0: ROM [mem 0xfde10000-0xfde10fff pref]
[    0.621341] pci 0000:12:00.0: enabling Extended Tags
[    0.623149] pci 0000:0c:05.0: PCI bridge to [bus 12]
[    0.628332] iommu: Default domain type: Translated
[    0.628873] iommu: DMA domain TLB invalidation policy: lazy mode
[    0.629453] SCSI subsystem initialized
[    0.630353] ACPI: bus type USB registered
[    0.630754] usbcore: registered new interface driver usbfs
[    0.631308] usbcore: registered new interface driver hub
[    0.632306] usbcore: registered new device driver usb
[    0.632864] pps_core: LinuxPPS API ver. 1 registered
[    0.633302] pps_core: Software ver. 5.3.6 - Copyright 2005-2007 Rodolfo Giometti <giometti@linux.it>
[    0.634304] PTP clock support registered
[    0.634722] EDAC MC: Ver: 3.0.0
[    0.635655] NetLabel: Initializing
[    0.636303] NetLabel:  domain hash size = 128
[    0.636757] NetLabel:  protocols = UNLABELED CIPSOv4 CALIPSO
[    0.637313] NetLabel:  unlabeled traffic allowed by default
[    0.638315] mctp: management component transport protocol core
[    0.638953] NET: Registered PF_MCTP protocol family
[    0.639309] PCI: Using ACPI for IRQ routing
[    0.754673] pci 0000:00:01.0: BAR 2 [mem 0xfea50000-0xfea50fff]: can't claim; no compatible bridge window
[    0.755310] pci 0000:00:02.0: BAR 1 [mem 0xfea51000-0xfea51fff]: can't claim; no compatible bridge window
[    0.756312] pci 0000:00:03.0: BAR 1 [mem 0xfea52000-0xfea52fff]: can't claim; no compatible bridge window
[    0.757310] pci 0000:00:04.0: BAR 1 [mem 0xfea53000-0xfea53fff]: can't claim; no compatible bridge window
[    0.758322] pci 0000:00:1f.2: BAR 5 [mem 0xfea54000-0xfea54fff]: can't claim; no compatible bridge window
[    0.759530] pci 0000:00:01.0: vgaarb: setting as boot VGA device
[    0.759944] pci 0000:00:01.0: vgaarb: bridge control possible
[    0.760301] pci 0000:00:01.0: vgaarb: VGA device added: decodes=io+mem,owns=io+mem,locks=none
[    0.760305] vgaarb: loaded
[    0.760628] hpet: 3 channels of 0 reserved for per-cpu timers
[    0.761320] hpet0: at MMIO 0xfed00000, IRQs 2, 8, 0
[    0.761914] hpet0: 3 comparators, 64-bit 100.000000 MHz counter
[    0.766367] clocksource: Switched to clocksource kvm-clock
[    0.769154] VFS: Disk quotas dquot_6.6.0
[    0.769584] VFS: Dquot-cache hash table entries: 512 (order 0, 4096 bytes)
[    0.770679] AppArmor: AppArmor Filesystem Enabled
[    0.771200] pnp: PnP ACPI init
[    0.771659] system 00:05: [mem 0xb0000000-0xbfffffff window] has been reserved
[    0.772755] pnp: PnP ACPI: found 6 devices
[    0.781831] clocksource: acpi_pm: mask: 0xffffff max_cycles: 0xffffff, max_idle_ns: 2085701024 ns
[    0.782948] NET: Registered PF_INET protocol family
[    0.783957] IP idents hash table entries: 262144 (order: 9, 2097152 bytes, linear)
[    0.796395] tcp_listen_portaddr_hash hash table entries: 8192 (order: 5, 131072 bytes, linear)
[    0.797368] Table-perturb hash table entries: 65536 (order: 6, 262144 bytes, linear)
[    0.798267] TCP established hash table entries: 131072 (order: 8, 1048576 bytes, linear)
[    0.799626] TCP bind hash table entries: 65536 (order: 9, 2097152 bytes, linear)
[    0.800644] TCP: Hash tables configured (established 131072 bind 65536)
[    0.801740] MPTCP token hash table entries: 16384 (order: 6, 393216 bytes, linear)
[    0.802653] UDP hash table entries: 8192 (order: 7, 524288 bytes, linear)
[    0.803451] UDP-Lite hash table entries: 8192 (order: 7, 524288 bytes, linear)
[    0.804327] NET: Registered PF_UNIX/PF_LOCAL protocol family
[    0.804915] NET: Registered PF_XDP protocol family
[    0.805545] pci 0000:00:02.0: ROM [mem 0xfea00000-0xfea3ffff pref]: can't claim; no compatible bridge window
[    0.806590] pci 0000:00:02.0: ROM [mem 0x80000000-0x8003ffff pref]: assigned
[    0.807330] pci 0000:00:01.0: BAR 2 [mem 0x80040000-0x80040fff]: assigned
[    0.808817] pci 0000:00:02.0: BAR 1 [mem 0x80041000-0x80041fff]: assigned
[    0.810338] pci 0000:00:03.0: BAR 1 [mem 0x80042000-0x80042fff]: assigned
[    0.811874] pci 0000:00:04.0: BAR 1 [mem 0x80043000-0x80043fff]: assigned
[    0.813279] pci 0000:00:1f.2: BAR 5 [mem 0x80044000-0x80044fff]: assigned
[    0.814875] pci_bus 0000:00: resource 4 [io  0x0000-0x0cf7 window]
[    0.815586] pci_bus 0000:00: resource 5 [io  0x0d00-0xffff window]
[    0.816366] pci_bus 0000:00: resource 6 [mem 0x000a0000-0x000bffff window]
[    0.817111] pci_bus 0000:00: resource 7 [mem 0x80000000-0xafffffff window]
[    0.817816] pci_bus 0000:00: resource 8 [mem 0xc0000000-0xfddfffff window]
[    0.818615] pci_bus 0000:00: resource 9 [mem 0xac0060000-0xaffffffff window]
[    0.820193] pci_bus 0000:00: resource 10 [mem 0x1700000000-0x1effffffff window]
[    0.820964] pci 0000:0c:00.0: bridge window [io  0x1000-0x0fff] to [bus 0d] add_size 1000
[    0.821838] pci 0000:0c:01.0: bridge window [io  0x1000-0x0fff] to [bus 0e] add_size 1000
[    0.822740] pci 0000:0c:02.0: bridge window [io  0x1000-0x0fff] to [bus 0f] add_size 1000
[    0.823617] pci 0000:0c:03.0: bridge window [io  0x1000-0x0fff] to [bus 10] add_size 1000
[    0.824594] pci 0000:0c:04.0: bridge window [io  0x1000-0x0fff] to [bus 11] add_size 1000
[    0.825473] pci 0000:0c:05.0: bridge window [io  0x1000-0x0fff] to [bus 12] add_size 1000
[    0.826402] pci 0000:0c:00.0: bridge window [io  size 0x1000]: can't assign; no space
[    0.827305] pci 0000:0c:00.0: bridge window [io  size 0x1000]: failed to assign
[    0.828091] pci 0000:0c:01.0: bridge window [io  size 0x1000]: can't assign; no space
[    0.828895] pci 0000:0c:01.0: bridge window [io  size 0x1000]: failed to assign
[    0.829740] pci 0000:0c:02.0: bridge window [io  size 0x1000]: can't assign; no space
[    0.830645] pci 0000:0c:02.0: bridge window [io  size 0x1000]: failed to assign
[    0.831487] pci 0000:0c:03.0: bridge window [io  size 0x1000]: can't assign; no space
[    0.832374] pci 0000:0c:03.0: bridge window [io  size 0x1000]: failed to assign
[    0.833220] pci 0000:0c:04.0: bridge window [io  size 0x1000]: can't assign; no space
[    0.834023] pci 0000:0c:04.0: bridge window [io  size 0x1000]: failed to assign
[    0.834843] pci 0000:0c:05.0: bridge window [io  size 0x1000]: can't assign; no space
[    0.835711] pci 0000:0c:05.0: bridge window [io  size 0x1000]: failed to assign
[    0.836526] pci 0000:0c:05.0: bridge window [io  size 0x1000]: can't assign; no space
[    0.837401] pci 0000:0c:05.0: bridge window [io  size 0x1000]: failed to assign
[    0.838188] pci 0000:0c:04.0: bridge window [io  size 0x1000]: can't assign; no space
[    0.838993] pci 0000:0c:04.0: bridge window [io  size 0x1000]: failed to assign
[    0.839810] pci 0000:0c:03.0: bridge window [io  size 0x1000]: can't assign; no space
[    0.840650] pci 0000:0c:03.0: bridge window [io  size 0x1000]: failed to assign
[    0.841436] pci 0000:0c:02.0: bridge window [io  size 0x1000]: can't assign; no space
[    0.842268] pci 0000:0c:02.0: bridge window [io  size 0x1000]: failed to assign
[    0.843019] pci 0000:0c:01.0: bridge window [io  size 0x1000]: can't assign; no space
[    0.843854] pci 0000:0c:01.0: bridge window [io  size 0x1000]: failed to assign
[    0.844653] pci 0000:0c:00.0: bridge window [io  size 0x1000]: can't assign; no space
[    0.845495] pci 0000:0c:00.0: bridge window [io  size 0x1000]: failed to assign
[    0.846282] pci 0000:0c:00.0: PCI bridge to [bus 0d]
[    0.847653] pci 0000:0c:00.0:   bridge window [mem 0xfe800000-0xfe9fffff]
[    0.849271] pci 0000:0c:00.0:   bridge window [mem 0x1500000000-0x16ffffffff 64bit pref]
[    0.852066] pci 0000:0c:01.0: PCI bridge to [bus 0e]
[    0.853373] pci 0000:0c:01.0:   bridge window [mem 0xfe600000-0xfe7fffff]
[    0.854989] pci 0000:0c:01.0:   bridge window [mem 0x1300000000-0x14ffffffff 64bit pref]
[    0.857489] pci 0000:0c:02.0: PCI bridge to [bus 0f]
[    0.859181] pci 0000:0c:02.0:   bridge window [mem 0xfe400000-0xfe5fffff]
[    0.860993] pci 0000:0c:02.0:   bridge window [mem 0x1100000000-0x12ffffffff 64bit pref]
[    0.863997] pci 0000:0c:03.0: PCI bridge to [bus 10]
[    0.865260] pci 0000:0c:03.0:   bridge window [mem 0xfe200000-0xfe3fffff]
[    0.866748] pci 0000:0c:03.0:   bridge window [mem 0xf00000000-0x10ffffffff 64bit pref]
[    0.868748] pci 0000:0c:04.0: PCI bridge to [bus 11]
[    0.870294] pci 0000:0c:04.0:   bridge window [mem 0xfe000000-0xfe1fffff]
[    0.872019] pci 0000:0c:04.0:   bridge window [mem 0xd00000000-0xeffffffff 64bit pref]
[    0.875289] pci 0000:0c:05.0: PCI bridge to [bus 12]
[    0.876611] pci 0000:0c:05.0:   bridge window [mem 0xfde00000-0xfdffffff]
[    0.877968] pci 0000:0c:05.0:   bridge window [mem 0xb00000000-0xcffffffff 64bit pref]
[    0.879996] pci_bus 0000:0c: Some PCI device resources are unassigned, try booting with pci=realloc
[    0.881019] pci_bus 0000:0c: resource 4 [mem 0xfde00000-0xfe9fffff window]
[    0.881775] pci_bus 0000:0c: resource 5 [mem 0xac0000000-0xac005ffff window]
[    0.882557] pci_bus 0000:0c: resource 6 [mem 0xb00000000-0x16ffffffff window]
[    0.883321] pci_bus 0000:0d: resource 0 [io  size 0x1000]
[    0.884780] pci_bus 0000:0d: resource 1 [mem 0xfe800000-0xfe9fffff]
[    0.885519] pci_bus 0000:0d: resource 2 [mem 0x1500000000-0x16ffffffff 64bit pref]
[    0.886330] pci_bus 0000:0e: resource 0 [io  size 0x1000]
[    0.886894] pci_bus 0000:0e: resource 1 [mem 0xfe600000-0xfe7fffff]
[    0.887577] pci_bus 0000:0e: resource 2 [mem 0x1300000000-0x14ffffffff 64bit pref]
[    0.888382] pci_bus 0000:0f: resource 0 [io  size 0x1000]
[    0.888946] pci_bus 0000:0f: resource 1 [mem 0xfe400000-0xfe5fffff]
[    0.889628] pci_bus 0000:0f: resource 2 [mem 0x1100000000-0x12ffffffff 64bit pref]
[    0.890442] pci_bus 0000:10: resource 0 [io  size 0x1000]
[    0.890999] pci_bus 0000:10: resource 1 [mem 0xfe200000-0xfe3fffff]
[    0.891679] pci_bus 0000:10: resource 2 [mem 0xf00000000-0x10ffffffff 64bit pref]
[    0.892469] pci_bus 0000:11: resource 0 [io  size 0x1000]
[    0.893035] pci_bus 0000:11: resource 1 [mem 0xfe000000-0xfe1fffff]
[    0.893696] pci_bus 0000:11: resource 2 [mem 0xd00000000-0xeffffffff 64bit pref]
[    0.894483] pci_bus 0000:12: resource 0 [io  size 0x1000]
[    0.895057] pci_bus 0000:12: resource 1 [mem 0xfde00000-0xfdffffff]
[    0.895708] pci_bus 0000:12: resource 2 [mem 0xb00000000-0xcffffffff 64bit pref]
[    0.896649] PCI: CLS 0 bytes, default 64
[    0.897122] PCI-DMA: Using software bounce buffering for IO (SWIOTLB)
[    0.897800] software IO TLB: mapped [mem 0x000000007bfdc000-0x000000007ffdc000] (64MB)
[    0.898664] clocksource: tsc: mask: 0xffffffffffffffff max_cycles: 0x39a85c9bff6, max_idle_ns: 881590591483 ns
[    0.900159] Initialise system trusted keyrings
[    0.900652] Key type blacklist registered
[    0.901674] workingset: timestamp_bits=36 max_order=22 bucket_order=0
[    0.903481] squashfs: version 4.0 (2009/01/31) Phillip Lougher
[    0.905255] fuse: init (API version 7.45)
[    0.906566] integrity: Platform Keyring initialized
[    0.907120] integrity: Machine keyring initialized
[    0.913595] Key type asymmetric registered
[    0.914044] Asymmetric key parser 'x509' registered
[    0.914596] Block layer SCSI generic (bsg) driver version 0.4 loaded (major 242)
[    0.916144] io scheduler mq-deadline registered
[    0.918488] ledtrig-cpu: registered to indicate activity on CPUs
[    0.919636] ACPI: \_SB_.LNKD: Enabled at IRQ 11
[    0.921249] pcieport 0000:0c:00.0: PME: Signaling with IRQ 24
[    0.922696] pcieport 0000:0c:00.0: AER: enabled with IRQ 24
[    0.923367] pcieport 0000:0c:00.0: pciehp: Slot #0 AttnBtn+ PwrCtrl+ MRL- AttnInd+ PwrInd+ HotPlug+ Surprise+ Interlock+ NoCompl- IbPresDis- LLActRep+ (with Cmd Compl erratum)
[    0.927061] ACPI: \_SB_.LNKA: Enabled at IRQ 10
[    0.928713] pcieport 0000:0c:01.0: PME: Signaling with IRQ 25
[    0.930117] pcieport 0000:0c:01.0: AER: enabled with IRQ 25
[    0.930730] pcieport 0000:0c:01.0: pciehp: Slot #1 AttnBtn+ PwrCtrl+ MRL- AttnInd+ PwrInd+ HotPlug+ Surprise+ Interlock+ NoCompl- IbPresDis- LLActRep+ (with Cmd Compl erratum)
[    0.934136] ACPI: \_SB_.LNKB: Enabled at IRQ 10
[    0.935822] pcieport 0000:0c:02.0: PME: Signaling with IRQ 26
[    0.937953] pcieport 0000:0c:02.0: AER: enabled with IRQ 26
[    0.940935] pcieport 0000:0c:02.0: pciehp: Slot #2 AttnBtn+ PwrCtrl+ MRL- AttnInd+ PwrInd+ HotPlug+ Surprise+ Interlock+ NoCompl- IbPresDis- LLActRep+ (with Cmd Compl erratum)
[    0.951974] ACPI: \_SB_.LNKC: Enabled at IRQ 11
[    0.955471] pcieport 0000:0c:03.0: PME: Signaling with IRQ 27
[    0.956743] pcieport 0000:0c:03.0: AER: enabled with IRQ 27
[    0.957903] pcieport 0000:0c:03.0: pciehp: Slot #3 AttnBtn+ PwrCtrl+ MRL- AttnInd+ PwrInd+ HotPlug+ Surprise+ Interlock+ NoCompl- IbPresDis- LLActRep+ (with Cmd Compl erratum)
[    0.962685] pcieport 0000:0c:04.0: PME: Signaling with IRQ 28
[    0.963930] pcieport 0000:0c:04.0: AER: enabled with IRQ 28
[    0.964583] pcieport 0000:0c:04.0: pciehp: Slot #4 AttnBtn+ PwrCtrl+ MRL- AttnInd+ PwrInd+ HotPlug+ Surprise+ Interlock+ NoCompl- IbPresDis- LLActRep+ (with Cmd Compl erratum)
[    0.969340] pcieport 0000:0c:05.0: PME: Signaling with IRQ 29
[    0.970795] pcieport 0000:0c:05.0: AER: enabled with IRQ 29
[    0.971453] pcieport 0000:0c:05.0: pciehp: Slot #5 AttnBtn+ PwrCtrl+ MRL- AttnInd+ PwrInd+ HotPlug+ Surprise+ Interlock+ NoCompl- IbPresDis- LLActRep+ (with Cmd Compl erratum)
[    0.974383] input: Power Button as /devices/LNXSYSTM:00/LNXPWRBN:00/input/input0
[    0.975441] ACPI: button: Power Button [PWRF]
[    0.978084] ACPI: \_SB_.GSIG: Enabled at IRQ 22
[    0.979942] ACPI: \_SB_.GSIH: Enabled at IRQ 23
[    0.981483] ACPI: \_SB_.GSIE: Enabled at IRQ 20
[    0.984216] Serial: 8250/16550 driver, 32 ports, IRQ sharing enabled
[    1.013160] 00:03: ttyS0 at I/O 0x3f8 (irq = 4, base_baud = 115200) is a 16550A
[    1.018516] Linux agpgart interface v0.103
[    1.019040] ACPI: bus type drm_connector registered
[    1.022215] loop: module loaded
[    1.022758] virtio_blk virtio2: 4/0/0 default/read/poll queues
[    1.024756] virtio_blk virtio2: [vda] 104857600 512-byte logical blocks (53.7 GB/50.0 GiB)
[    1.027702] tun: Universal TUN/TAP device driver, 1.6
[    1.030065] PPP generic driver version 2.4.2
[    1.030686] i8042: PNP: PS/2 Controller [PNP0303:KBD,PNP0f13:MOU] at 0x60,0x64 irq 1,12
[    1.032360] serio: i8042 KBD port at 0x60,0x64 irq 1
[    1.032916] serio: i8042 AUX port at 0x60,0x64 irq 12
[    1.033653] mousedev: PS/2 mouse device common for all mice
[    1.034692] input: AT Translated Set 2 keyboard as /devices/platform/i8042/serio0/input/input1
[    1.034812] rtc_cmos 00:04: RTC can wake from S4
[    1.039275] rtc_cmos 00:04: registered as rtc0
[    1.041004] rtc_cmos 00:04: setting system clock to 2026-04-29T21:28:02 UTC (1777498082)
[    1.045695] rtc_cmos 00:04: alarms up to one day, y3k, 242 bytes nvram, hpet irqs
[    1.049660] i2c_dev: i2c /dev entries driver
[    1.051381] device-mapper: core: CONFIG_IMA_DISABLE_HTABLE is disabled. Duplicate IMA measurements will not be recorded in the IMA log.
[    1.054423] device-mapper: uevent: version 1.0.3
[    1.055813] device-mapper: ioctl: 4.50.0-ioctl (2025-04-28) initialised: dm-devel@lists.linux.dev
[    1.057867] intel_pstate: CPU model not supported
[    1.059109] drop_monitor: Initializing network drop monitor service
[    1.060902] NET: Registered PF_INET6 protocol family
[    1.062889] Segment Routing with IPv6
[    1.063777] In-situ OAM (IOAM) with IPv6
[    1.064709] NET: Registered PF_PACKET protocol family
[    1.066509] Key type dns_resolver registered
[    1.069070] IPI shorthand broadcast: enabled
[    1.072402] sched_clock: Marking stable (976004680, 95432457)->(1089886770, -18449633)
[    1.075603] registered taskstats version 1
[    1.078530] Loading compiled-in X.509 certificates
[    1.080936] Loaded X.509 cert 'Build time autogenerated kernel key: a905e4b6ea12bd1caa75aa6fecf1a1500005ba3b'
[    1.086714] Demotion targets for Node 0: null
[    1.087723] Key type .fscrypt registered
[    1.088163] Key type fscrypt-provisioning registered
[    1.090587] Key type encrypted registered
[    1.091110] AppArmor: AppArmor sha256 policy hashing enabled
[    1.091785] ima: No TPM chip found, activating TPM-bypass!
[    1.092500] Loading compiled-in module X.509 certificates
[    1.093559] Loaded X.509 cert 'Build time autogenerated kernel key: a905e4b6ea12bd1caa75aa6fecf1a1500005ba3b'
[    1.094784] ima: Allocated hash algorithm: sha256
[    1.095368] ima: No architecture policies found
[    1.095867] evm: Initialising EVM extended attributes:
[    1.096507] evm: security.selinux
[    1.096853] evm: security.SMACK64
[    1.097246] evm: security.SMACK64EXEC
[    1.097635] evm: security.SMACK64TRANSMUTE
[    1.098110] evm: security.SMACK64MMAP
[    1.098497] evm: security.apparmor
[    1.098852] evm: security.ima
[    1.099210] evm: security.capability
[    1.099588] evm: HMAC attrs: 0x1
[    1.100200] PM:   Magic number: 6:323:501
[    1.101944] RAS: Correctable Errors collector initialized.
[    1.107011] clk: Disabling unused clocks
[    1.107462] PM: genpd: Disabling unused power domains
[    1.108278] check access for rdinit=/init failed: -2, ignoring
[    1.108722] md: Waiting for all devices to be available before autodetect
[    1.109246] md: If you don't use raid, use raid=noautodetect
[    1.109656] md: Autodetecting RAID arrays.
[    1.109952] md: autorun ...
[    1.110183] md: ... autorun DONE.
[    1.277306] EXT4-fs (vda): recovery complete
[    1.285796] EXT4-fs (vda): mounted filesystem 412a31d6-761b-4b59-b4f9-53f8a4b8ad2f r/w with ordered data mode. Quota mode: none.
[    1.286625] VFS: Mounted root (ext4 filesystem) on device 253:0.
[    1.287734] devtmpfs: mounted
[    1.289777] Freeing unused decrypted memory: 2036K
[    1.291153] Freeing unused kernel image (initmem) memory: 3056K
[    1.291668] Write protecting the kernel read-only data: 34816k
[    1.293283] Freeing unused kernel image (text/rodata gap) memory: 4K
[    1.294176] Freeing unused kernel image (rodata/data gap) memory: 680K
[    1.302679] x86/mm: Checked W+X mappings: passed, no W+X pages found.
[    1.303189] Run /sbin/init as init process
[    1.370285] systemd[1]: Inserted module 'autofs4'
[    1.377029] random: crng init done
[!p]104[?7h[    1.411297] systemd[1]: systemd 257.7-1 running in system mode (+PAM +AUDIT +SELINUX +APPARMOR +IMA +IPE +SMACK +SECCOMP +GCRYPT -GNUTLS +OPENSSL +ACL +BLKID +CURL +ELFUTILS +FIDO2 +IDN2 -IDN +IPTC +KMOD +LIBCRYPTSETUP +LIBCRYPTSETUP_PLUGINS +LIBFDISK +PCRE2 +PWQUALITY +P11KIT +QRENCODE +TPM2 +BZIP2 +LZ4 +XZ +ZLIB +ZSTD +BPF_FRAMEWORK +BTF -XKBCOMMON -UTMP +SYSVINIT +LIBARCHIVE)
[    1.420098] systemd[1]: Detected virtualization kvm.
[    1.421490] systemd[1]: Detected architecture x86-64.

[0;1;39mWelcome to [0m[1mDebian GNU/Linux 13 (trixie)[0m[0;1;39m![0m

[    1.425321] systemd[1]: Hostname set to <node1>.
[    1.463108] systemd[1]: bpf-restrict-fs: BPF LSM hook not enabled in the kernel, BPF LSM not supported.
[    1.515604] Guest personality initialized and is inactive
[    1.516154] VMCI host device registered (name=vmci, major=10, minor=261)
[    1.516626] Initialized host personality
[    1.526565] NET: Registered PF_VSOCK protocol family
[    1.631309] systemd[1]: Queued start job for default target graphical.target.
[    1.656859] systemd[1]: Created slice system-getty.slice - Slice /system/getty.
[[0;32m  OK  [0m] Created slice [0;1;39msystem-getty.slice[0m - Slice /system/getty.
[    1.658523] systemd[1]: Created slice system-modprobe.slice - Slice /system/modprobe.
[[0;32m  OK  [0m] Created slice [0;1;39msystem-modprobe.slice[0m - Slice /system/modprobe.
[    1.660071] systemd[1]: Created slice system-serial\x2dgetty.slice - Slice /system/serial-getty.
[[0;32m  OK  [0m] Created slice [0;1;39msystem-serial\x2dget…slice[0m - Slice /system/serial-getty.
[    1.661679] systemd[1]: Created slice user.slice - User and Session Slice.
[[0;32m  OK  [0m] Created slice [0;1;39muser.slice[0m - User and Session Slice.
[    1.662882] systemd[1]: Started systemd-ask-password-console.path - Dispatch Password Requests to Console Directory Watch.
[[0;32m  OK  [0m] Started [0;1;39msystemd-ask-password-conso…[0mequests to Console Directory Watch.
[    1.664539] systemd[1]: Started systemd-ask-password-wall.path - Forward Password Requests to Wall Directory Watch.
[[0;32m  OK  [0m] Started [0;1;39msystemd-ask-password-wall.…[0md Requests to Wall Directory Watch.
[    1.666228] systemd[1]: Set up automount proc-sys-fs-binfmt_misc.automount - Arbitrary Executable File Formats File System Automount Point.
[[0;32m  OK  [0m] Set up automount [0;1;39mproc-sys-fs-binfm…[0mormats File System Automount Point.
[    1.667924] systemd[1]: Expecting device dev-ttyS0.device - /dev/ttyS0...
         Expecting device [0;1;39mdev-ttyS0.device[0m - /dev/ttyS0...
[    1.669023] systemd[1]: Reached target paths.target - Path Units.
[[0;32m  OK  [0m] Reached target [0;1;39mpaths.target[0m - Path Units.
[    1.670078] systemd[1]: Reached target slices.target - Slice Units.
[[0;32m  OK  [0m] Reached target [0;1;39mslices.target[0m - Slice Units.
[    1.671253] systemd[1]: Reached target swap.target - Swaps.
[[0;32m  OK  [0m] Reached target [0;1;39mswap.target[0m - Swaps.
[    1.693096] systemd[1]: Listening on rpcbind.socket - RPCbind Server Activation Socket.
[[0;32m  OK  [0m] Listening on [0;1;39mrpcbind.socket[0m - RPCbind Server Activation Socket.
[    1.695616] systemd[1]: Listening on systemd-creds.socket - Credential Encryption/Decryption.
[[0;32m  OK  [0m] Listening on [0;1;39msystemd-creds.socket[0m - Credential Encryption/Decryption.
[    1.697328] systemd[1]: Listening on systemd-initctl.socket - initctl Compatibility Named Pipe.
[[0;32m  OK  [0m] Listening on [0;1;39msystemd-initctl.socke…[0m- initctl Compatibility Named Pipe.
[    1.698980] systemd[1]: Listening on systemd-journald-dev-log.socket - Journal Socket (/dev/log).
[[0;32m  OK  [0m] Listening on [0;1;39msystemd-journald-dev-…socket[0m - Journal Socket (/dev/log).
[    1.700649] systemd[1]: Listening on systemd-journald.socket - Journal Sockets.
[[0;32m  OK  [0m] Listening on [0;1;39msystemd-journald.socket[0m - Journal Sockets.
[    1.702095] systemd[1]: Listening on systemd-networkd.socket - Network Service Netlink Socket.
[[0;32m  OK  [0m] Listening on [0;1;39msystemd-networkd.socket[0m - Network Service Netlink Socket.
[    1.703519] systemd[1]: systemd-pcrextend.socket - TPM PCR Measurements was skipped because of an unmet condition check (ConditionSecurity=measured-uki).
[    1.704506] systemd[1]: systemd-pcrlock.socket - Make TPM PCR Policy was skipped because of an unmet condition check (ConditionSecurity=measured-uki).
[    1.705543] systemd[1]: Listening on systemd-udevd-control.socket - udev Control Socket.
[[0;32m  OK  [0m] Listening on [0;1;39msystemd-udevd-control.socket[0m - udev Control Socket.
[    1.706941] systemd[1]: Listening on systemd-udevd-kernel.socket - udev Kernel Socket.
[[0;32m  OK  [0m] Listening on [0;1;39msystemd-udevd-kernel.socket[0m - udev Kernel Socket.
[    1.709357] systemd[1]: Mounting dev-hugepages.mount - Huge Pages File System...
         Mounting [0;1;39mdev-hugepages.mount[0m - Huge Pages File System...
[    1.711571] systemd[1]: Mounting dev-mqueue.mount - POSIX Message Queue File System...
         Mounting [0;1;39mdev-mqueue.mount[0m - POSIX Message Queue File System...
[    1.713866] systemd[1]: Mounting run-lock.mount - Legacy Locks Directory /run/lock...
         Mounting [0;1;39mrun-lock.mount[0m - Legacy Locks Directory /run/lock...
[    1.715736] systemd[1]: Mounting sys-kernel-debug.mount - Kernel Debug File System...
         Mounting [0;1;39msys-kernel-debug.mount[0m - Kernel Debug File System...
[    1.726620] systemd[1]: Mounting sys-kernel-tracing.mount - Kernel Trace File System...
         Mounting [0;1;39msys-kernel-tracing.mount[0m - Kernel Trace File System...
[    1.729878] systemd[1]: Mounting tmp.mount - Temporary Directory /tmp...
         Mounting [0;1;39mtmp.mount[0m - Temporary Directory /tmp...
[    1.731388] systemd[1]: auth-rpcgss-module.service - Kernel Module supporting RPCSEC_GSS was skipped because of an unmet condition check (ConditionPathExists=/etc/krb5.keytab).
[    1.733759] systemd[1]: Starting kmod-static-nodes.service - Create List of Static Device Nodes...
         Starting [0;1;39mkmod-static-nodes.service[0m…eate List of Static Device Nodes...
[    1.736081] systemd[1]: Starting modprobe@configfs.service - Load Kernel Module configfs...
         Starting [0;1;39mmodprobe@configfs.service[0m - Load Kernel Module configfs...
[    1.739594] systemd[1]: Starting modprobe@drm.service - Load Kernel Module drm...
         Starting [0;1;39mmodprobe@drm.service[0m - Load Kernel Module drm...
[    1.743616] systemd[1]: Starting modprobe@efi_pstore.service - Load Kernel Module efi_pstore...
         Starting [0;1;39mmodprobe@efi_pstore.servi…[0m - Load Kernel Module efi_pstore...
[    1.746031] systemd[1]: Starting modprobe@fuse.service - Load Kernel Module fuse...
         Starting [0;1;39mmodprobe@fuse.service[0m - Load Kernel Module fuse...
[    1.747525] systemd[1]: systemd-hibernate-clear.service - Clear Stale Hibernate Storage Info was skipped because of an unmet condition check (ConditionPathExists=/sys/firmware/efi/efivars/HibernateLocation-8cf2644b-4b0b-428f-9387-6d876050dc67).
[    1.750561] systemd[1]: Starting systemd-journald.service - Journal Service...
         Starting [0;1;39msystemd-journald.service[0m - Journal Service...
[    1.752843] systemd[1]: Starting systemd-modules-load.service - Load Kernel Modules...
         Starting [0;1;39msystemd-modules-load.service[0m - Load Kernel Modules...
[    1.754280] systemd[1]: systemd-pcrmachine.service - TPM PCR Machine ID Measurement was skipped because of an unmet condition check (ConditionSecurity=measured-uki).
[    1.755998] systemd[1]: Starting systemd-remount-fs.service - Remount Root and Kernel File Systems...
         Starting [0;1;39msystemd-remount-fs.servic…[0munt Root and Kernel File Systems...
[    1.757678] systemd[1]: systemd-tpm2-setup-early.service - Early TPM SRK Setup was skipped because of an unmet condition check (ConditionSecurity=measured-uki).
[    1.759347] systemd[1]: Starting systemd-udev-load-credentials.service - Load udev Rules from Credentials...
         Starting [0;1;39msystemd-udev-load-credent…[0mLoad udev Rules from Credentials...
[    1.761821] systemd[1]: Starting systemd-udev-trigger.service - Coldplug All udev Devices...
         Starting [0;1;39msystemd-udev-trigger.service[0m - Coldplug All udev Devices...
[    1.764320] systemd[1]: Mounted dev-hugepages.mount - Huge Pages File System.
[[0;32m  OK  [[    1.765007] systemd[1]: Mounted dev-mqueue.mount - POSIX Message Queue File System.
0m] Mounted [0;1;39mdev-hugepages.mount[0m - Huge Pages File System.
[[0;32m  OK  [[    1.766386] systemd[1]: Mounted run-lock.mount - Legacy Locks Directory /run/lock.
0m] Mounted [0;1;39mdev-mqueue.mount[0m - POSIX Message Queue File System.
[[0;32m  OK  [0m] Mounted [0;1;39mrun-lock.mount[0m - Legacy Locks Directory /run/lock.
[    1.768630] systemd[1]: Mounted sys-kernel-debug.mount - Kernel Debug File System.
[[0;32m  OK  [0m] Mounted [0;1;39msys-kernel-debug.mount[0m - Kernel Debug File System.
[    1.770243] systemd[1]: Mounted sys-kernel-tracing.mount - Kernel Trace File System.
[[0;32m  OK  [0m] Mounted [0;1;39msys-kernel-tracing.mount[0m - Kernel Trace File System.
[    1.771865] systemd[1]: Mounted tmp.mount - Temporary Directory /tmp.
[[0;32m  OK  [0m] Mounted [0;1;39mtmp.mount[0m - Temporary Directory /tmp.
[    1.773317] systemd[1]: Finished kmod-static-nodes.service - Create List of Static Device Nodes.
[[0;32m  OK  [0m] Finished [0;1;39mkmod-static-nodes.service[0m…Create List of Static Device Nodes.
[    1.775060] systemd[1]: modprobe@configfs.service: Deactivated successfully.
[    1.775716] systemd[1]: Finished modprobe@configfs.service - Load Kernel Module configfs.
[[0;32m  OK  [0m] Finished [0;1;39mmodprobe@configfs.service[0m - Load Kernel Module configfs.
[    1.777386] systemd[1]: modprobe@drm.service: Deactivated successfully.
[    1.778160] systemd[1]: Finished modprobe@drm.service - Load Kernel Module drm.
[    1.778643] systemd-journald[143]: Collecting audit messages is disabled.
[[0;32m  OK  [0m] Finished [0;1;39mmodprobe@drm.service[0m - Load Kernel Module drm.
[    1.780261] systemd[1]: modprobe@efi_pstore.service: Deactivated successfully.
[    1.780962] systemd[1]: Finished modprobe@efi_pstore.service - Load Kernel Module efi_pstore.
[[0;32m  OK  [0m] Finished [0;1;39mmodprobe@efi_pstore.service[0m - Load Kernel Module efi_pstore.
[    1.782674] systemd[1]: modprobe@fuse.service: Deactivated successfully.
[    1.783299] systemd[1]: Finished modprobe@fuse.service - Load Kernel Module fuse.
[[0;32m  OK  [0m] Finished [0;1;39mmodprobe@fuse.service[0m - Load Kernel Module fuse.
[    1.784802] systemd[1]: Finished systemd-modules-load.service - Load Kernel Modules.
[[0;32m  OK  [0m] Finished [0;1;39msystemd-modules-load.service[0m - Load Kernel Modules.
[    1.786350] systemd[1]: Finished systemd-remount-fs.service - Remount Root and Kernel File Systems.
[[0;32m  OK  [0m] Finished [0;1;39msystemd-remount-fs.servic…[0mmount Root and Kernel File Systems.
[    1.789503] systemd[1]: Finished systemd-udev-load-credentials.service - Load udev Rules from Credentials.
[[0;32m  OK  [0m] Finished [0;1;39msystemd-udev-load-credent…[0m- Load udev Rules from Credentials.
[    1.792124] systemd[1]: Mounting sys-fs-fuse-connections.mount - FUSE Control File System...
         Mounting [0;1;39msys-fs-fuse-connections.mount[0m - FUSE Control File System...
[    1.794619] systemd[1]: Mounting sys-kernel-config.mount - Kernel Configuration File System...
         Mounting [0;1;39msys-kernel-config.mount[0m - Kernel [    1.796027] systemd[1]: systemd-hwdb-update.service - Rebuild Hardware Database was skipped because of an unmet condition check (ConditionNeedsUpdate=/etc).
Configuration File System...
[    1.797289] systemd[1]: systemd-pstore.service - Platform Persistent Storage Archival was skipped because of an unmet condition check (ConditionDirectoryNotEmpty=/sys/fs/pstore).
[    1.799546] systemd[1]: Starting systemd-random-seed.service - Load/Save OS Random Seed...
         Starting [0;1;39msystemd-random-seed.service[0m - Load/Save OS Random Seed...
[    1.805680] systemd[1]: Starting systemd-sysctl.service - Apply Kernel Variables...
         Starting [0;1;39msystemd-sysctl.service[0m - Apply Kernel Variables...
[    1.808232] systemd[1]: Starting systemd-tmpfiles-setup-dev-early.service - Create Static Device Nodes in /dev gracefully...
         Starting [0;1;39msystemd-tmpfiles-setup-de…[0m Device Nodes in /dev gracefully...
[    1.812038] systemd[1]: systemd-tpm2-setup.service - TPM SRK Setup was skipped because of an unmet condition check (ConditionSecurity=measured-uki).
[    1.813675] systemd[1]: Started systemd-journald.service - Journal Service.
[[0;32m  OK  [0m] Started [0;1;39msystemd-journald.service[0m - Journal Service.
[[0;32m  OK  [0m] Finished [0;1;39msystemd-udev-trigger.service[0m - Coldplug All udev Devices.
[[0;32m  OK  [0m] Mounted [0;1;39msys-fs-fuse-connections.mount[0m - FUSE Control File System.
[[0;32m  OK  [0m] Mounted [0;1;39msys-kernel-config.mount[0m - Kernel Configuration File System.
[[0;32m  OK  [0m] Finished [0;1;39msystemd-random-seed.service[0m - Load/Save OS Random Seed.
         Starting [0;1;39mifupdown-pre.service[0m - He…synchronize boot up for ifupdown...
         Starting [0;1;39msystemd-journal-flush.ser…[0msh Journal to Persistent Storage...
[[0;32m  OK  [0m] Finished [0;1;39msystemd-sysctl.service[0m - Apply Kernel Variables.
[[0;32m  OK  [0m] Finished [0;1;39msystemd-tmpfiles-setup-de…[0mic Device Nodes in /dev gracefully.
         Starting [0;1;39msystemd-tmpfiles-setup-de…[0meate Static Device Nodes in /dev...
[    1.840707] systemd-journald[143]: Received client request to flush runtime journal.
[    1.846014] systemd-journald[143]: File /var/log/journal/052ada13ad154e7481baeec066fefe4c/system.journal corrupted or uncleanly shut down, renaming and replacing.
[[0;32m  OK  [0m] Finished [0;1;39msystemd-tmpfiles-setup-de…[0mCreate Static Device Nodes in /dev.
[[0;32m  OK  [0m] Reached target [0;1;39mlocal-fs-pre.target[0m…Preparation for Local File Systems.
[[0;32m  OK  [0m] Reached target [0;1;39mlocal-fs.target[0m - Local File Systems.
[[0;32m  OK  [0m] Listening on [0;1;39msystemd-sysext.socket[0m… System Extension Image Management.
         Starting [0;1;39msystemd-binfmt.service[0m - Set Up Additional Binary Formats...
         Starting [0;1;39msystemd-udevd.service[0m - R…ager for Device Events and Files...
[[0;32m  OK  [0m] Finished [0;1;39msystemd-journal-flush.ser…[0mlush Journal to Persistent Storage.
[[0;32m  OK  [0m] Started [0;1;39msystemd-udevd.service[0m - Ru…anager for Device Events and Files.
         Starting [0;1;39msystemd-networkd.service[0m - Network Configuration...
         Starting [0;1;39msystemd-tmpfiles-setup.se…[0mate System Files and Directories...
[[0;32m  OK  [0m] Found device [0;1;39mdev-ttyS0.device[0m - /dev/ttyS0.
[    1.925290] virtio_net virtio0 enp0s2: renamed from eth0
[[0;32m  OK  [0m] Finished [0;1;39msystemd-tmpfiles-setup.se…[0mreate System Files and Directories.
         Starting [0;1;39mrpcbind.service[0m - RPC bind portmap service...
[[0;32m  OK  [0m] Started [0;1;39mrpcbind.service[0m - RPC bind portmap service.
         Expecting device [0;1;39msys-subsystem-net…[0msys/subsystem/net/devices/enp0s2...
[[0;32m  OK  [0m] Reached target [0;1;39mrpcbind.target[0m - RPC Port Mapper.
[    1.961937] lpc_ich 0000:00:1f.0: I/O space for GPIO uninitialized
[    1.962879] cxl_core: loading out-of-tree module taints kernel.
[    1.963380] cxl_core: module verification failed: signature and/or required key missing - tainting kernel
[    1.964938] bochs-drm 0000:00:01.0: vgaarb: deactivate vga console
[    1.967792] Console: switching to colour dummy device 80x25
[    1.968385] [drm] Found bochs VGA, ID 0xb0c5.
[    1.968386] [drm] Framebuffer size 16384 kB @ 0xfc000000, mmio @ 0x80040000.
[    1.969567] [drm] Initialized bochs-drm 1.0.0 for 0000:00:01.0 on minor 0
[    1.973099] fbcon: bochs-drmdrmfb (fb0) is primary device
[    1.978168] Console: switching to colour frame buffer device 160x50
[    1.981388] bochs-drm 0000:00:01.0: [drm] fb0: bochs-drmdrmfb frame buffer device
[    1.981849] ACPI: \_SB_.GSIA: Enabled at IRQ 16
[    1.982590] i801_smbus 0000:00:1f.3: SMBus using PCI interrupt
[    1.988499] i2c i2c-0: Memory type 0x07 not supported yet, not instantiating SPD
[    1.990875] parport_pc 00:02: reported by Plug and Play ACPI
[    1.992487] input: PC Speaker as /devices/platform/pcspkr/input/input3
[    1.992777] ahci 0000:00:1f.2: AHCI vers 0001.0000, 32 command slots, 1.5 Gbps, SATA mode
[    1.993684] ahci 0000:00:1f.2: 6/6 ports implemented (port mask 0x3f)
[    1.994207] ahci 0000:00:1f.2: flags: 64bit ncq only 
[    1.995614] parport0: PC-style at 0x378, irq 7 [PCSPP,TRISTATE]
[    2.004332] input: VirtualPS/2 VMware VMMouse as /devices/platform/i8042/serio1/input/input5
[    2.004679]  pci0000:0c: host supports CXL
[    2.008163] cxl_type2_accel 0000:0d:00.0: CXL Type 2 Accelerator driver probing
[    2.009531] cxl_type2_accel 0000:0d:00.0: CXL DVSEC: cap=0x001f ctrl=0x0007
[    2.010184] cxl_type2_accel 0000:0d:00.0: CXL.cache capable
[    2.010603] cxl_type2_accel 0000:0d:00.0: CXL.io capable
[    2.010985] cxl_type2_accel 0000:0d:00.0: CXL.mem capable
[    2.011417] cxl_type2_accel 0000:0d:00.0: CXL DVSEC ctrl=0x4007: Cache+ IO+ Mem+ Viral+
[    2.012158] cxl_type2_accel 0000:0d:00.0: Component registers mapped
[    2.012679] cxl_type2_accel 0000:0d:00.0: Cache configured: 128 MB, 64-byte lines
[    2.014854] scsi host0: ahci
[    2.015530] pcieport 0000:0c:00.0: CXL snoop filter has no capacity
[    2.018347] scsi host1: ahci
[[0;32m  OK  [0m] Listening on [0;1;39msystemd-rfkill.socket[0m…ll Switch Status /dev/rfkill Watch.
[    2.039259] input: VirtualPS/2 VMware VMMouse as /devices/platform/i8042/serio1/input/input4
[    2.042766] cxl_type2_accel 0000:0d:00.0: CXL cache device registered successfully
[    2.044136] scsi host2: ahci
[    2.044168] cxl_type2_accel 0000:0d:00.0: CXL memory device registered (mem0)
[    2.045139] cxl_type2_accel 0000:0d:00.0: CXL Type 2 Accelerator driver probed successfully
[    2.046430] cxl_type2_accel 0000:0e:00.0: CXL Type 2 Accelerator driver probing
[    2.047398] cxl_type2_accel 0000:0e:00.0: CXL DVSEC: cap=0x001f ctrl=0x0007
[    2.047927] cxl_type2_accel 0000:0e:00.0: CXL.cache capable
[    2.048375] cxl_type2_accel 0000:0e:00.0: CXL.io capable
[    2.048782] cxl_type2_accel 0000:0e:00.0: CXL.mem capable
[    2.049564] cxl_type2_accel 0000:0e:00.0: CXL DVSEC ctrl=0x4007: Cache+ IO+ Mem+ Viral+
[    2.050707] cxl_type2_accel 0000:0e:00.0: Component registers mapped
[    2.051258] cxl_type2_accel 0000:0e:00.0: Cache configured: 128 MB, 64-byte lines
[    2.052480] scsi host3: ahci
[    2.052987] scsi host4: ahci
[    2.057513] scsi host5: ahci
[    2.059007] iTCO_vendor_support: vendor-support=0
[    2.059535] pcieport 0000:0c:01.0: CXL snoop filter has no capacity
[    2.062958] Error: Driver 'pcspkr' is already registered, aborting...
[    2.066832] cxl_type2_accel 0000:0e:00.0: CXL cache device registered successfully
[    2.068625] iTCO_wdt iTCO_wdt.1.auto: Found a ICH9 TCO device (Version=2, TCOBASE=0x0660)
[    2.069679] cxl_type2_accel 0000:0e:00.0: CXL memory device registered (mem1)
[    2.069923] iTCO_wdt iTCO_wdt.1.auto: initialized. heartbeat=30 sec (nowayout=0)
[    2.070285] cxl_type2_accel 0000:0e:00.0: CXL Type 2 Accelerator driver probed successfully
[    2.072537] cxl_type2_accel 0000:0f:00.0: CXL Type 2 Accelerator driver probing
[    2.072664] ata1: SATA max UDMA/133 abar m4096@0x80044000 port 0x80044100 irq 40 lpm-pol 1
[    2.073816] cxl_type2_accel 0000:0f:00.0: CXL DVSEC: cap=0x001f ctrl=0x0007
[    2.074283] ata2: SATA max UDMA/133 abar m4096@0x80044000 port 0x80044180 irq 40 lpm-pol 1
[    2.074797] cxl_type2_accel 0000:0f:00.0: CXL.cache capable
[    2.075407] ata3: SATA max UDMA/133 abar m4096@0x80044000 port 0x80044200 irq 40 lpm-pol 1
[    2.075823] cxl_type2_accel 0000:0f:00.0: CXL.io capable
[    2.075824] cxl_type2_accel 0000:0f:00.0: CXL.mem capable
[    2.075839] cxl_type2_accel 0000:0f:00.0: CXL DVSEC ctrl=0x4007: Cache+ IO+ Mem+ Viral+
[    2.076457] ata4: SATA max UDMA/133 abar m4096@0x80044000 port 0x80044280 irq 40 lpm-pol 1
[    2.077596] cxl_type2_accel 0000:0f:00.0: Component registers mapped
[    2.078125] ata5: SATA max UDMA/133 abar m4096@0x80044000 port 0x80044300 irq 40 lpm-pol 1
[    2.078855] cxl_type2_accel 0000:0f:00.0: Cache configured: 128 MB, 64-byte lines
[    2.079268] ata6: SATA max UDMA/133 abar m4096@0x80044000 port 0x80044380 irq 40 lpm-pol 1
[[0;32m  OK  [0m] Found device [0;1;39msys-subsystem-net-dev…0s2.device[0m - Virtio network device.
[    2.082367] pcieport 0000:0c:02.0: CXL snoop filter has no capacity
[[0;32m  OK  [0m] Started [0;1;39mifup@enp0s2.service[0m - ifup for enp0s2.
[    2.086477] cxl_type2_accel 0000:0f:00.0: CXL cache device registered successfully
[    2.087173] cxl_type2_accel 0000:0f:00.0: CXL memory device registered (mem2)
[    2.087709] cxl_type2_accel 0000:0f:00.0: CXL Type 2 Accelerator driver probed successfully
[    2.087728] cxl_type2_accel 0000:10:00.0: CXL Type 2 Accelerator driver probing
[    2.089415] cxl_type2_accel 0000:10:00.0: CXL DVSEC: cap=0x001f ctrl=0x0007
[    2.090301] cxl_type2_accel 0000:10:00.0: CXL.cache capable
[    2.090814] cxl_type2_accel 0000:10:00.0: CXL.io capable
[    2.091252] cxl_type2_accel 0000:10:00.0: CXL.mem capable
[    2.091662] cxl_type2_accel 0000:10:00.0: CXL DVSEC ctrl=0x4007: Cache+ IO+ Mem+ Viral+
[    2.092342] cxl_type2_accel 0000:10:00.0: Component registers mapped
[    2.092872] cxl_type2_accel 0000:10:00.0: Cache configured: 128 MB, 64-byte lines
[    2.093683] pcieport 0000:0c:03.0: CXL snoop filter has no capacity
[    2.094305] cxl_type2_accel 0000:10:00.0: CXL cache device registered successfully
[    2.094875] cxl_type2_accel 0000:10:00.0: CXL memory device registered (mem3)
[    2.095418] cxl_type2_accel 0000:10:00.0: CXL Type 2 Accelerator driver probed successfully
[    2.096041] cxl_type2_accel 0000:11:00.0: CXL Type 2 Accelerator driver probing
[    2.096967] cxl_type2_accel 0000:11:00.0: CXL DVSEC: cap=0x001f ctrl=0x0007
[    2.097668] cxl_type2_accel 0000:11:00.0: CXL.cache capable
[    2.098231] cxl_type2_accel 0000:11:00.0: CXL.io capable
[    2.098690] cxl_type2_accel 0000:11:00.0: CXL.mem capable
[    2.099124] cxl_type2_accel 0000:11:00.0: CXL DVSEC ctrl=0x4007: Cache+ IO+ Mem+ Viral+
[    2.099764] cxl_type2_accel 0000:11:00.0: Component registers mapped
[    2.100353] cxl_type2_accel 0000:11:00.0: Cache configured: 128 MB, 64-byte lines
[    2.101213] pcieport 0000:0c:04.0: CXL snoop filter has no capacity
[    2.101782] cxl_type2_accel 0000:11:00.0: CXL cache device registered successfully
[    2.102763] cxl_type2_accel 0000:11:00.0: CXL memory device registered (mem4)
[    2.103340] cxl_type2_accel 0000:11:00.0: CXL Type 2 Accelerator driver probed successfully
[    2.104809] cxl_type2_accel 0000:12:00.0: CXL Type 2 Accelerator driver probing
[    2.106102] cxl_type2_accel 0000:12:00.0: CXL DVSEC: cap=0x001f ctrl=0x0007
[    2.106759] cxl_type2_accel 0000:12:00.0: CXL.cache capable
[    2.107232] cxl_type2_accel 0000:12:00.0: CXL.io capable
[    2.107630] cxl_type2_accel 0000:12:00.0: CXL.mem capable
[    2.108058] cxl_type2_accel 0000:12:00.0: CXL DVSEC ctrl=0x4007: Cache+ IO+ Mem+ Viral+
[    2.108755] cxl_type2_accel 0000:12:00.0: Component registers mapped
[    2.109376] cxl_type2_accel 0000:12:00.0: Cache configured: 128 MB, 64-byte lines
[    2.110448] ppdev: user-space parallel port driver
[    2.111237] pcieport 0000:0c:05.0: CXL snoop filter has no capacity
[    2.112082] cxl_type2_accel 0000:12:00.0: CXL cache device registered successfully
[    2.112701] cxl_type2_accel 0000:12:00.0: CXL memory device registered (mem5)
[    2.113263] cxl_type2_accel 0000:12:00.0: CXL Type 2 Accelerator driver probed successfully
[    2.385140] ata4: SATA link down (SStatus 0 SControl 300)
[    2.387799] ata3: SATA link up 1.5 Gbps (SStatus 113 SControl 300)
[    2.390160] ata2: SATA link down (SStatus 0 SControl 300)
[    2.392372] ata3.00: ATAPI: QEMU DVD-ROM, 2.5+, max UDMA/100
[    2.393978] ata3.00: applying bridge limits
[    2.395755] ata1: SATA link down (SStatus 0 SControl 300)
[    2.398662] ata6: SATA link down (SStatus 0 SControl 300)
[    2.400672] ata3.00: configured for UDMA/100
[    2.402799] ata5: SATA link down (SStatus 0 SControl 300)
[    2.404138] scsi 2:0:0:0: CD-ROM            QEMU     QEMU DVD-ROM     2.5+ PQ: 0 ANSI: 5
[    2.442132] sr 2:0:0:0: [sr0] scsi3-mmc drive: 4x/4x cd/rw xa/form2 tray
[    2.443102] cdrom: Uniform CD-ROM driver Revision: 3.20
[    2.474592] sr 2:0:0:0: Attached scsi generic sg0 type 5
[    2.502914] 8021q: 802.1Q VLAN Support v1.8
[    2.597175] cfg80211: Loading compiled-in X.509 certificates for regulatory database
[    2.598097] Loaded X.509 cert 'sforshee: 00b28ddf47aef9cea7'
[    2.598600] Loaded X.509 cert 'wens: 61c038651aabdcf94bd0ac7ff06c7248db18c600'
[    2.599178] faux_driver regulatory: Direct firmware load for regulatory.db failed with error -2
[    2.600015] cfg80211: failed to load regulatory.db
[    2.615124] 8021q: adding VLAN 0 to HW filter on device enp0s2
         Mounting [0;1;39mproc-sys-fs-binfmt_misc.m…[0mcutable File Formats File System...
         Mounting [0;1;39mrun-rpc_pipefs.mount[0m - RPC Pipe File System...
[[0;32m  OK  [0m] Mounted [0;1;39mproc-sys-fs-binfmt_misc.mo…[0mxecutable File Formats File System.
[[0;32m  OK  [0m] Finished [0;1;39msystemd-binfmt.service[0m - Set Up Additional Binary Formats.
[[0;32m  OK  [0m] Reached target [0;1;39msysinit.target[0m - System Initialization.
[[0;32m  OK  [0m] Started [0;1;39mapt-daily.timer[0m - Daily apt download activities.
[[0;32m  OK  [0m] Started [0;1;39mapt-daily-upgrade.timer[0m - …y apt upgrade and clean activities.
[[0;32m  OK  [0m] Started [0;1;39mdpkg-db-backup.timer[0m - Daily dpkg database backup timer.
[[0;32m  OK  [0m] Started [0;1;39me2scrub_all.timer[0m - Period…Metadata Check for All Filesystems.
[[0;32m  OK  [0m] Started [0;1;39mfstrim.timer[0m - Discard unused filesystem blocks once a week.
[[0;32m  OK  [0m] Started [0;1;39mlogrotate.timer[0m - Daily rotation of log files.
[[0;32m  OK  [0m] Started [0;1;39msystemd-tmpfiles-clean.tim…[0my Cleanup of Temporary Directories.
[[0;32m  OK  [0m] Reached target [0;1;39mtimers.target[0m - Timer Units.
[[0;32m  OK  [0m] Listening on [0;1;39mdbus.socket[0m - D-Bus System Message Bus Socket.
[[0;32m  OK  [0m] Listening on [0;1;39msshd-unix-local.socke…[0mtemd-ssh-generator, AF_UNIX Local).
[[0;32m  OK  [0m] Listening on [0;1;39msshd-vsock.socket[0m - O… (systemd-ssh-generator, AF_VSOCK).
[[0;32m  OK  [0m] Reached target [0;1;39mssh-access.target[0m - SSH Access Available.
[[0;32m  OK  [0m] Listening on [0;1;39msystemd-hostnamed.socket[0m - Hostname Service Socket.
[[0;32m  OK  [0m] Reached target [0;1;39msockets.target[0m - Socket Units.
[[0;32m  OK  [0m] Reached target [0;1;39mbasic.target[0m - Basic System.
[[0;32m  OK  [0m] Started [0;1;39mcxl-monitor.service[0m - CXL Monitor Daemon.
         Starting [0;1;39mdbus.service[0m - D-Bus System Message Bus...
         Starting [0;1;39me2scrub_reap.service[0m - Re…ne ext4 Metadata Check Snapshots...
[[0;32m  OK  [0m] Started [0;1;39mndctl-monitor.service[0m - Ndctl Monitor Daemon.
         Starting [0;1;39msystemd-logind.service[0m - User Login Management...
[[0;32m  OK  [0m] Started [0;1;39mdbus.service[0m - D-Bus System Message Bus.
[    2.869524] RPC: Registered named UNIX socket transport module.
[    2.869988] RPC: Registered udp transport module.
[    2.870346] RPC: Registered tcp transport module.
[    2.870740] RPC: Registered tcp-with-tls transport module.
[    2.871197] RPC: Registered tcp NFSv4.1 backchannel transport module.
[[0;32m  OK  [0m] Mounted [0;1;39mrun-rpc_pipefs.mount[0m - RPC Pipe File System.
[[0;32m  OK  [0m] Finished [0;1;39me2scrub_reap.service[0m - Re…line ext4 Metadata Check Snapshots.
[[0;32m  OK  [0m] Reached target [0;1;39mrpc_pipefs.target[0m.
         Starting [0;1;39mnfs-blkmap.service[0m - pNFS block layout mapping daemon...
[[0;32m  OK  [0m] Reached target [0;1;39mnfs-client.target[0m - NFS client services.
[[0;32m  OK  [0m] Reached target [0;1;39mremote-fs-pre.targe…[0mreparation for Remote File Systems.
[[0;32m  OK  [0m] Reached target [0;1;39mremote-fs.target[0m - Remote File Systems.
[[0;32m  OK  [0m] Started [0;1;39mcron.service[0m - Regular background program processing daemon.
[[0;32m  OK  [0m] Started [0;1;39msystemd-networkd.service[0m - Network Configuration.
[[0;32m  OK  [0m] Started [0;1;39mnfs-blkmap.service[0m - pNFS block layout mapping daemon.
         Starting [0;1;39msystemd-networkd-persiste…[0mtent Storage in systemd-networkd...
[[0;32m  OK  [0m] Started [0;1;39msystemd-logind.service[0m - User Login Management.
[[0;32m  OK  [0m] Finished [0;1;39msystemd-networkd-persiste…[0mistent Storage in systemd-networkd.
[[0;32m  OK  [0m] Finished [0;1;39mifupdown-pre.service[0m - He…o synchronize boot up for ifupdown.
         Starting [0;1;39mnetworking.service[0m - Raise network interfaces...
[[0;32m  OK  [0m] Finished [0;1;39mnetworking.service[0m - Raise network interfaces.
[[0;32m  OK  [0m] Reached target [0;1;39mnetwork.target[0m - Network.
[[0;32m  OK  [0m] Reached target [0;1;39mnetwork-online.target[0m - Network is Online.
         Starting [0;1;39mrc-local.service[0m - /etc/rc.local Compatibility...
         Starting [0;1;39mrpc-statd-notify.service[0m - Notify NFS peers of a restart...
         Starting [0;1;39mssh.service[0m - OpenBSD Secure Shell server...
         Starting [0;1;39msystemd-user-sessions.service[0m - Permit User Sessions...
[[0;32m  OK  [0m] Started [0;1;39mrc-local.service[0m - /etc/rc.local Compatibility.
[[0;32m  OK  [0m] Started [0;1;39mrpc-statd-notify.service[0m - Notify NFS peers of a restart.
[[0;32m  OK  [0m] Finished [0;1;39msystemd-user-sessions.service[0m - Permit User Sessions.
[[0;32m  OK  [0m] Started [0;1;39mgetty@tty1.service[0m - Getty on tty1.
[[0;32m  OK  [0m] Started [0;1;39mserial-getty@ttyS0.service[0m - Serial Getty on ttyS0.
[[0;32m  OK  [0m] Reached target [0;1;39mgetty.target[0m - Login Prompts.
[[0;32m  OK  [0m] Started [0;1;39mssh.service[0m - OpenBSD Secure Shell server.
[[0;32m  OK  [0m] Reached target [0;1;39mmulti-user.target[0m - Multi-User System.
[[0;32m  OK  [0m] Reached target [0;1;39mgraphical.target[0m - Graphical Interface.
[!p]104[?7h[6n[32766;32766H[6n[!p]104[?7h[6n[32766;32766H[6n
Debian GNU/Linux 13 node1 ttyS0

node1 login: 