CXL Type2: GPU mode = 2 (NONE=0, VFIO=1, HETGPU=2, AUTO=3)
CXL Type2: Initializing hetGPU backend...
cxl_type2_hetgpu_init: ENTERED
cxl_type2_hetgpu_init: hetgpu_lib_path = '/home/victoryang00/hetGPU/target/debug/libnvcuda.so'
cxl_type2_hetgpu_init: Using library: /home/victoryang00/hetGPU/target/debug/libnvcuda.so
cxl_type2_hetgpu_init: backend=5, device_index=0
CXL Type2: cxl_type2_hetgpu_init returned 0
CXL Type2: hetGPU backend initialized successfully
c[?7l[2J[0mSeaBIOS (version rel-1.17.0-0-gb52ca86e094d-prebuilt.qemu.org)


iPXE (http://ipxe.org) 00:02.0 CA00 PCI2.10 PnP PMM+7EFD16C0+7EF316C0 CA00
Press Ctrl-B to configure iPXE (PCI 00:02.0)...                                                                               


Booting from ROM..c[?7l[2J[0m.[    0.000000] Linux version 6.18.0-rc5 (root@gpu01) (gcc (Ubuntu 14.2.0-19ubuntu2) 14.2.0, GNU ld (GNU Binutils for Ubuntu) 2.44) #4 SMP PREEMPT_DYNAMIC Sun Mar  1 22:26:46 UTC 2026
[    0.000000] Command line: root=/dev/vda rw console=ttyS0,115200 nokaslr systemd.mask=cxl-numa-setup.service
[    0.000000] KERNEL supported cpus:
[    0.000000]   Intel GenuineIntel
[    0.000000]   AMD AuthenticAMD
[    0.000000]   Hygon HygonGenuine
[    0.000000]   Centaur CentaurHauls
[    0.000000]   zhaoxin   Shanghai  
[    0.000000] x86/CPU: Model not found in latest microcode list
[    0.000000] BIOS-provided physical RAM map:
[    0.000000] BIOS-e820: [mem 0x0000000000000000-0x000000000009fbff] usable
[    0.000000] BIOS-e820: [mem 0x000000000009fc00-0x000000000009ffff] reserved
[    0.000000] BIOS-e820: [mem 0x00000000000f0000-0x00000000000fffff] reserved
[    0.000000] BIOS-e820: [mem 0x0000000000100000-0x000000007ffdbfff] usable
[    0.000000] BIOS-e820: [mem 0x000000007ffdc000-0x000000007fffffff] reserved
[    0.000000] BIOS-e820: [mem 0x00000000b0000000-0x00000000bfffffff] reserved
[    0.000000] BIOS-e820: [mem 0x00000000fed1c000-0x00000000fed1ffff] reserved
[    0.000000] BIOS-e820: [mem 0x00000000feffc000-0x00000000feffffff] reserved
[    0.000000] BIOS-e820: [mem 0x00000000fffc0000-0x00000000ffffffff] reserved
[    0.000000] BIOS-e820: [mem 0x0000000100000000-0x000000047fffffff] usable
[    0.000000] NX (Execute Disable) protection: active
[    0.000000] APIC: Static calls initialized
[    0.000000] SMBIOS 2.8 present.
[    0.000000] DMI: QEMU Standard PC (Q35 + ICH9, 2009), BIOS rel-1.17.0-0-gb52ca86e094d-prebuilt.qemu.org 04/01/2014
[    0.000000] DMI: Memory slots populated: 1/1
[    0.000000] Hypervisor detected: KVM
[    0.000000] last_pfn = 0x7ffdc max_arch_pfn = 0x400000000
[    0.000000] kvm-clock: Using msrs 4b564d01 and 4b564d00
[    0.000001] kvm-clock: using sched offset of 349634953 cycles
[    0.000002] clocksource: kvm-clock: mask: 0xffffffffffffffff max_cycles: 0x1cd42e4dffb, max_idle_ns: 881590591483 ns
[    0.000005] tsc: Detected 2000.000 MHz processor
[    0.000477] last_pfn = 0x480000 max_arch_pfn = 0x400000000
[    0.000516] MTRR map: 4 entries (3 fixed + 1 variable; max 19), built from 8 variable MTRRs
[    0.000520] x86/PAT: Configuration [0-7]: WB  WC  UC- UC  WB  WP  UC- WT  
[    0.000569] last_pfn = 0x7ffdc max_arch_pfn = 0x400000000
[    0.007072] found SMP MP-table at [mem 0x000f54b0-0x000f54bf]
[    0.007307] ACPI: Early table checksum verification disabled
[    0.007311] ACPI: RSDP 0x00000000000F52B0 000014 (v00 BOCHS )
[    0.007319] ACPI: RSDT 0x000000007FFE377B 000040 (v01 BOCHS  BXPC     00000001 BXPC 00000001)
[    0.007325] ACPI: FACP 0x000000007FFE3407 0000F4 (v03 BOCHS  BXPC     00000001 BXPC 00000001)
[    0.007332] ACPI: DSDT 0x000000007FFE0040 0033C7 (v01 BOCHS  BXPC     00000001 BXPC 00000001)
[    0.007336] ACPI: FACS 0x000000007FFE0000 000040
[    0.007339] ACPI: APIC 0x000000007FFE34FB 000090 (v03 BOCHS  BXPC     00000001 BXPC 00000001)
[    0.007342] ACPI: HPET 0x000000007FFE358B 000038 (v01 BOCHS  BXPC     00000001 BXPC 00000001)
[    0.007345] ACPI: SRAT 0x000000007FFE35C3 000110 (v01 BOCHS  BXPC     00000001 BXPC 00000001)
[    0.007348] ACPI: MCFG 0x000000007FFE36D3 00003C (v01 BOCHS  BXPC     00000001 BXPC 00000001)
[    0.007350] ACPI: CEDT 0x000000007FFE370F 000044 (v01 BOCHS  BXPC     00000001 BXPC 00000001)
[    0.007353] ACPI: WAET 0x000000007FFE3753 000028 (v01 BOCHS  BXPC     00000001 BXPC 00000001)
[    0.007355] ACPI: Reserving FACP table memory at [mem 0x7ffe3407-0x7ffe34fa]
[    0.007356] ACPI: Reserving DSDT table memory at [mem 0x7ffe0040-0x7ffe3406]
[    0.007356] ACPI: Reserving FACS table memory at [mem 0x7ffe0000-0x7ffe003f]
[    0.007357] ACPI: Reserving APIC table memory at [mem 0x7ffe34fb-0x7ffe358a]
[    0.007357] ACPI: Reserving HPET table memory at [mem 0x7ffe358b-0x7ffe35c2]
[    0.007358] ACPI: Reserving SRAT table memory at [mem 0x7ffe35c3-0x7ffe36d2]
[    0.007358] ACPI: Reserving MCFG table memory at [mem 0x7ffe36d3-0x7ffe370e]
[    0.007358] ACPI: Reserving CEDT table memory at [mem 0x7ffe370f-0x7ffe3752]
[    0.007359] ACPI: Reserving WAET table memory at [mem 0x7ffe3753-0x7ffe377a]
[    0.007413] ACPI: SRAT: Node 0 PXM 0 [mem 0x00000000-0x0009ffff]
[    0.007414] ACPI: SRAT: Node 0 PXM 0 [mem 0x00100000-0x7fffffff]
[    0.007415] ACPI: SRAT: Node 0 PXM 0 [mem 0x100000000-0x47fffffff]
[    0.007416] ACPI: SRAT: Node 0 PXM 0 [mem 0x480000000-0xa7fffffff] hotplug
[    0.007419] NUMA: Node 0 [mem 0x00001000-0x0009ffff] + [mem 0x00100000-0x7fffffff] -> [mem 0x00001000-0x7fffffff]
[    0.007421] NUMA: Node 0 [mem 0x00001000-0x7fffffff] + [mem 0x100000000-0x47fffffff] -> [mem 0x00001000-0x47fffffff]
[    0.007425] NODE_DATA(0) allocated [mem 0x47ffd2500-0x47fffcfff]
[    0.007697] Zone ranges:
[    0.007698]   DMA      [mem 0x0000000000001000-0x0000000000ffffff]
[    0.007699]   DMA32    [mem 0x0000000001000000-0x00000000ffffffff]
[    0.007700]   Normal   [mem 0x0000000100000000-0x000000047fffffff]
[    0.007701]   Device   empty
[    0.007701] Movable zone start for each node
[    0.007702] Early memory node ranges
[    0.007703]   node   0: [mem 0x0000000000001000-0x000000000009efff]
[    0.007704]   node   0: [mem 0x0000000000100000-0x000000007ffdbfff]
[    0.007704]   node   0: [mem 0x0000000100000000-0x000000047fffffff]
[    0.007706] Initmem setup node 0 [mem 0x0000000000001000-0x000000047fffffff]
[    0.007722] On node 0, zone DMA: 1 pages in unavailable ranges
[    0.007911] On node 0, zone DMA: 97 pages in unavailable ranges
[    0.226082] On node 0, zone Normal: 36 pages in unavailable ranges
[    0.226504] ACPI: PM-Timer IO Port: 0x608
[    0.226526] ACPI: LAPIC_NMI (acpi_id[0xff] dfl dfl lint[0x1])
[    0.226574] IOAPIC[0]: apic_id 0, version 17, address 0xfec00000, GSI 0-23
[    0.226578] ACPI: INT_SRC_OVR (bus 0 bus_irq 0 global_irq 2 dfl dfl)
[    0.226580] ACPI: INT_SRC_OVR (bus 0 bus_irq 5 global_irq 5 high level)
[    0.226581] ACPI: INT_SRC_OVR (bus 0 bus_irq 9 global_irq 9 high level)
[    0.226581] ACPI: INT_SRC_OVR (bus 0 bus_irq 10 global_irq 10 high level)
[    0.226582] ACPI: INT_SRC_OVR (bus 0 bus_irq 11 global_irq 11 high level)
[    0.226586] ACPI: Using ACPI (MADT) for SMP configuration information
[    0.226588] ACPI: HPET id: 0x8086a201 base: 0xfed00000
[    0.226595] CPU topo: Max. logical packages:   1
[    0.226596] CPU topo: Max. logical dies:       1
[    0.226596] CPU topo: Max. dies per package:   1
[    0.226598] CPU topo: Max. threads per core:   1
[    0.226599] CPU topo: Num. cores per package:     4
[    0.226599] CPU topo: Num. threads per package:   4
[    0.226600] CPU topo: Allowing 4 present CPUs plus 0 hotplug CPUs
[    0.226623] kvm-guest: APIC: eoi() replaced with kvm_guest_apic_eoi_write()
[    0.226641] PM: hibernation: Registered nosave memory: [mem 0x00000000-0x00000fff]
[    0.226648] PM: hibernation: Registered nosave memory: [mem 0x0009f000-0x000fffff]
[    0.226649] PM: hibernation: Registered nosave memory: [mem 0x7ffdc000-0xffffffff]
[    0.226651] [mem 0xc0000000-0xfed1bfff] available for PCI devices
[    0.226652] Booting paravirtualized kernel on KVM
[    0.226654] clocksource: refined-jiffies: mask: 0xffffffff max_cycles: 0xffffffff, max_idle_ns: 1910969940391419 ns
[    0.226665] setup_percpu: NR_CPUS:8192 nr_cpumask_bits:4 nr_cpu_ids:4 nr_node_ids:1
[    0.228621] percpu: Embedded 84 pages/cpu s221184 r8192 d114688 u524288
[    0.228675] kvm-guest: PV spinlocks disabled, no host support
[    0.228676] Kernel command line: root=/dev/vda rw console=ttyS0,115200 nokaslr systemd.mask=cxl-numa-setup.service
[    0.228722] Unknown kernel command line parameters "nokaslr", will be passed to user space.
[    0.228727] printk: log buffer data + meta data: 262144 + 917504 = 1179648 bytes
[    0.242200] Dentry cache hash table entries: 2097152 (order: 12, 16777216 bytes, linear)
[    0.248900] Inode-cache hash table entries: 1048576 (order: 11, 8388608 bytes, linear)
[    0.248995] software IO TLB: area num 4.
[    0.312681] Fallback order for Node 0: 0 
[    0.312687] Built 1 zonelists, mobility grouping on.  Total pages: 4194170
[    0.312688] Policy zone: Normal
[    0.312700] mem auto-init: stack:all(zero), heap alloc:on, heap free:off
[    0.360159] SLUB: HWalign=64, Order=0-3, MinObjects=0, CPUs=4, Nodes=1
[    0.378390] ftrace: allocating 57259 entries in 224 pages
[    0.378396] ftrace: allocated 224 pages with 3 groups
[    0.380115] Dynamic Preempt: voluntary
[    0.380353] rcu: Preemptible hierarchical RCU implementation.
[    0.380354] rcu: 	RCU restricting CPUs from NR_CPUS=8192 to nr_cpu_ids=4.
[    0.380355] 	Trampoline variant of Tasks RCU enabled.
[    0.380356] 	Rude variant of Tasks RCU enabled.
[    0.380356] 	Tracing variant of Tasks RCU enabled.
[    0.380357] rcu: RCU calculated value of scheduler-enlistment delay is 100 jiffies.
[    0.380358] rcu: Adjusting geometry for rcu_fanout_leaf=16, nr_cpu_ids=4
[    0.380374] RCU Tasks: Setting shift to 2 and lim to 1 rcu_task_cb_adjust=1 rcu_task_cpu_ids=4.
[    0.380376] RCU Tasks Rude: Setting shift to 2 and lim to 1 rcu_task_cb_adjust=1 rcu_task_cpu_ids=4.
[    0.380378] RCU Tasks Trace: Setting shift to 2 and lim to 1 rcu_task_cb_adjust=1 rcu_task_cpu_ids=4.
[    0.384219] NR_IRQS: 524544, nr_irqs: 456, preallocated irqs: 16
[    0.384527] rcu: srcu_init: Setting srcu_struct sizes based on contention.
[    0.392345] Console: colour VGA+ 80x25
[    0.392394] printk: legacy console [ttyS0] enabled
[    0.469302] ACPI: Core revision 20250807
[    0.469977] clocksource: hpet: mask: 0xffffffff max_cycles: 0xffffffff, max_idle_ns: 19112604467 ns
[    0.470984] APIC: Switch to symmetric I/O mode setup
[    0.471724] x2apic enabled
[    0.472276] APIC: Switched APIC routing to: physical x2apic
[    0.473772] ..TIMER: vector=0x30 apic1=0 pin1=2 apic2=-1 pin2=-1
[    0.474436] clocksource: tsc-early: mask: 0xffffffffffffffff max_cycles: 0x39a85c9bff6, max_idle_ns: 881590591483 ns
[    0.475460] Calibrating delay loop (skipped) preset value.. 4000.00 BogoMIPS (lpj=2000000)
[    0.476650] Last level iTLB entries: 4KB 0, 2MB 0, 4MB 0
[    0.477130] Last level dTLB entries: 4KB 0, 2MB 0, 4MB 0, 1GB 0
[    0.477461] mitigations: Enabled attack vectors: SMT mitigations: off
[    0.478456] Speculative Store Bypass: Vulnerable
[    0.478881] Spectre V2 : Vulnerable
[    0.479234] ITS: Vulnerable
[    0.479456] MDS: Vulnerable
[    0.479743] Spectre V1 : Vulnerable: __user pointer sanitization and usercopy barriers only; no swapgs barriers
[    0.480480] x86/fpu: Supporting XSAVE feature 0x001: 'x87 floating point registers'
[    0.481456] x86/fpu: Supporting XSAVE feature 0x002: 'SSE registers'
[    0.482456] x86/fpu: Supporting XSAVE feature 0x004: 'AVX registers'
[    0.483100] x86/fpu: Supporting XSAVE feature 0x020: 'AVX-512 opmask'
[    0.483456] x86/fpu: Supporting XSAVE feature 0x040: 'AVX-512 Hi256'
[    0.484456] x86/fpu: Supporting XSAVE feature 0x080: 'AVX-512 ZMM_Hi256'
[    0.485105] x86/fpu: xstate_offset[2]:  576, xstate_sizes[2]:  256
[    0.485456] x86/fpu: xstate_offset[5]: 1088, xstate_sizes[5]:   64
[    0.486021] x86/fpu: xstate_offset[6]: 1152, xstate_sizes[6]:  512
[    0.486456] x86/fpu: xstate_offset[7]: 1664, xstate_sizes[7]: 1024
[    0.487456] x86/fpu: Enabled xstate features 0xe7, context size is 2688 bytes, using 'standard' format.
[    0.492107] Freeing SMP alternatives memory: 52K
[    0.492461] pid_max: default: 32768 minimum: 301
[    0.493218] LSM: initializing lsm=lockdown,capability,landlock,yama,apparmor,ima,evm
[    0.493634] landlock: Up and running.
[    0.494456] Yama: becoming mindful.
[    0.495027] AppArmor: AppArmor initialized
[    0.495881] Mount-cache hash table entries: 32768 (order: 6, 262144 bytes, linear)
[    0.496668] Mountpoint-cache hash table entries: 32768 (order: 6, 262144 bytes, linear)
[    0.601262] smpboot: CPU0: Intel QEMU Virtual CPU version 2.5+ (family: 0xf, model: 0x6b, stepping: 0x1)
[    0.601924] Performance Events: unsupported Netburst CPU model 107 no PMU driver, software events only.
[    0.602894] signal: max sigframe size: 3632
[    0.603506] rcu: Hierarchical SRCU implementation.
[    0.603955] rcu: 	Max phase no-delay instances is 400.
[    0.604848] Timer migration: 1 hierarchy levels; 8 children per group; 1 crossnode level
[    0.605790] NMI watchdog: Perf NMI watchdog permanently disabled
[    0.606636] smp: Bringing up secondary CPUs ...
[    0.607809] smpboot: x86: Booting SMP configuration:
[    0.608350] .... node  #0, CPUs:      #1 #2 #3
[    0.613777] smp: Brought up 1 node, 4 CPUs
[    0.614835] smpboot: Total of 4 processors activated (16000.00 BogoMIPS)
[    0.616531] Memory: 16366228K/16776680K available (20473K kernel code, 4645K rwdata, 13656K rodata, 3056K init, 4384K bss, 402368K reserved, 0K cma-reserved)
[    0.619075] devtmpfs: initialized
[    0.619617] x86/mm: Memory block size: 128MB
[    0.622559] clocksource: jiffies: mask: 0xffffffff max_cycles: 0xffffffff, max_idle_ns: 1911260446275000 ns
[    0.623502] posixtimers hash table entries: 2048 (order: 3, 32768 bytes, linear)
[    0.624523] futex hash table entries: 1024 (65536 bytes on 1 NUMA nodes, total 64 KiB, linear).
[    0.625826] pinctrl core: initialized pinctrl subsystem
[    0.626695] PM: RTC time: 19:50:10, date: 2026-04-21
[    0.630441] NET: Registered PF_NETLINK/PF_ROUTE protocol family
[    0.632989] DMA: preallocated 2048 KiB GFP_KERNEL pool for atomic allocations
[    0.633806] DMA: preallocated 2048 KiB GFP_KERNEL|GFP_DMA pool for atomic allocations
[    0.634737] DMA: preallocated 2048 KiB GFP_KERNEL|GFP_DMA32 pool for atomic allocations
[    0.635484] audit: initializing netlink subsys (disabled)
[    0.636560] audit: type=2000 audit(1776801011.539:1): state=initialized audit_enabled=0 res=1
[    0.636760] thermal_sys: Registered thermal governor 'fair_share'
[    0.637459] thermal_sys: Registered thermal governor 'bang_bang'
[    0.638456] thermal_sys: Registered thermal governor 'step_wise'
[    0.639016] thermal_sys: Registered thermal governor 'user_space'
[    0.639456] thermal_sys: Registered thermal governor 'power_allocator'
[    0.640032] cpuidle: using governor ladder
[    0.641461] cpuidle: using governor menu
[    0.642205] acpiphp: ACPI Hot Plug PCI Controller Driver version: 0.5
[    0.642784] PCI: ECAM [mem 0xb0000000-0xbfffffff] (base 0xb0000000) for domain 0000 [bus 00-ff]
[    0.643458] PCI: ECAM [mem 0xb0000000-0xbfffffff] reserved as E820 entry
[    0.644474] PCI: Using configuration type 1 for base access
[    0.645092] kprobes: kprobe jump-optimization is enabled. All kprobes are optimized if possible.
[    0.648653] HugeTLB: registered 2.00 MiB page size, pre-allocated 0 pages
[    0.649459] HugeTLB: 28 KiB vmemmap can be freed for a 2.00 MiB page
[    0.654871] ACPI: Added _OSI(Module Device)
[    0.655458] ACPI: Added _OSI(Processor Device)
[    0.656457] ACPI: Added _OSI(Processor Aggregator Device)
[    0.660068] ACPI: 1 ACPI AML tables successfully acquired and loaded
[    0.674835] ACPI: Interpreter enabled
[    0.675502] ACPI: PM: (supports S0 S3 S4 S5)
[    0.675920] ACPI: Using IOAPIC for interrupt routing
[    0.676688] PCI: Using host bridge windows from ACPI; if necessary, use "pci=nocrs" and report a bug
[    0.677458] PCI: Using E820 reservations for host bridge windows
[    0.678581] ACPI: Enabled 3 GPEs in block 00 to 3F
[    0.682405] ACPI: PCI Root Bridge [PCI0] (domain 0000 [bus 00-0b])
[    0.682462] acpi PNP0A08:00: _OSC: OS supports [ExtendedConfig ASPM ClockPM Segments MSI EDR HPX-Type3]
[    0.683487] acpi PNP0A08:00: _OSC: platform does not support [PCIeHotplug LTR DPC]
[    0.684494] acpi PNP0A08:00: _OSC: OS now controls [SHPCHotplug PME AER PCIeCapability]
[    0.685641] PCI host bridge to bus 0000:00
[    0.686022] pci_bus 0000:00: root bus resource [io  0x0000-0x0cf7 window]
[    0.686456] pci_bus 0000:00: root bus resource [io  0x0d00-0xffff window]
[    0.687090] pci_bus 0000:00: root bus resource [mem 0x000a0000-0x000bffff window]
[    0.687456] pci_bus 0000:00: root bus resource [mem 0x80000000-0xafffffff window]
[    0.688456] pci_bus 0000:00: root bus resource [mem 0xc0000000-0xfe7fffff window]
[    0.689456] pci_bus 0000:00: root bus resource [mem 0xac0010000-0xaffffffff window]
[    0.690180] pci_bus 0000:00: root bus resource [mem 0xd00000000-0x14ffffffff window]
[    0.690456] pci_bus 0000:00: root bus resource [bus 00-0b]
[    0.691503] pci 0000:00:00.0: [8086:29c0] type 00 class 0x060000 conventional PCI endpoint
[    0.692797] pci 0000:00:01.0: [1234:1111] type 00 class 0x030000 conventional PCI endpoint
[    0.699595] pci 0000:00:01.0: BAR 0 [mem 0xfd000000-0xfdffffff pref]
[    0.700481] pci 0000:00:01.0: BAR 2 [mem 0xfea50000-0xfea50fff]
[    0.701071] pci 0000:00:01.0: ROM [mem 0xfea40000-0xfea4ffff pref]
[    0.701689] pci 0000:00:01.0: Video device with shadowed ROM at [mem 0x000c0000-0x000dffff]
[    0.704226] pci 0000:00:02.0: [1af4:1000] type 00 class 0x020000 conventional PCI endpoint
[    0.706510] pci 0000:00:02.0: BAR 0 [io  0xc0c0-0xc0df]
[    0.707069] pci 0000:00:02.0: BAR 1 [mem 0xfea51000-0xfea51fff]
[    0.707480] pci 0000:00:02.0: BAR 4 [mem 0xd00000000-0xd00003fff 64bit pref]
[    0.708463] pci 0000:00:02.0: ROM [mem 0xfea00000-0xfea3ffff pref]
[    0.709858] pci 0000:00:03.0: [1af4:1005] type 00 class 0x00ff00 conventional PCI endpoint
[    0.712393] pci 0000:00:03.0: BAR 0 [io  0xc0e0-0xc0ff]
[    0.713080] pci 0000:00:03.0: BAR 1 [mem 0xfea52000-0xfea52fff]
[    0.713480] pci 0000:00:03.0: BAR 4 [mem 0xd00004000-0xd00007fff 64bit pref]
[    0.715897] pci 0000:00:04.0: [1af4:1001] type 00 class 0x010000 conventional PCI endpoint
[    0.718191] pci 0000:00:04.0: BAR 0 [io  0xc000-0xc07f]
[    0.718466] pci 0000:00:04.0: BAR 1 [mem 0xfea53000-0xfea53fff]
[    0.719032] pci 0000:00:04.0: BAR 4 [mem 0xd00008000-0xd0000bfff 64bit pref]
[    0.720704] pci 0000:00:05.0: [1b36:000b] type 00 class 0x060000 conventional PCI endpoint
[    0.729145] pci 0000:00:1f.0: [8086:2918] type 00 class 0x060100 conventional PCI endpoint
[    0.729765] pci 0000:00:1f.0: quirk: [io  0x0600-0x067f] claimed by ICH6 ACPI/GPIO/TCO
[    0.730753] pci 0000:00:1f.2: [8086:2922] type 00 class 0x010601 conventional PCI endpoint
[    0.732978] pci 0000:00:1f.2: BAR 4 [io  0xc100-0xc11f]
[    0.733467] pci 0000:00:1f.2: BAR 5 [mem 0xfea54000-0xfea54fff]
[    0.734906] pci 0000:00:1f.3: [8086:2930] type 00 class 0x0c0500 conventional PCI endpoint
[    0.737027] pci 0000:00:1f.3: BAR 4 [io  0x0700-0x073f]
[    0.738260] ACPI: PCI: Interrupt link LNKA configured for IRQ 10
[    0.738519] ACPI: PCI: Interrupt link LNKB configured for IRQ 10
[    0.739510] ACPI: PCI: Interrupt link LNKC configured for IRQ 11
[    0.740115] ACPI: PCI: Interrupt link LNKD configured for IRQ 11
[    0.740512] ACPI: PCI: Interrupt link LNKE configured for IRQ 10
[    0.741509] ACPI: PCI: Interrupt link LNKF configured for IRQ 10
[    0.742111] ACPI: PCI: Interrupt link LNKG configured for IRQ 11
[    0.742508] ACPI: PCI: Interrupt link LNKH configured for IRQ 11
[    0.743480] ACPI: PCI: Interrupt link GSIA configured for IRQ 16
[    0.744043] ACPI: PCI: Interrupt link GSIB configured for IRQ 17
[    0.744462] ACPI: PCI: Interrupt link GSIC configured for IRQ 18
[    0.745464] ACPI: PCI: Interrupt link GSID configured for IRQ 19
[    0.746031] ACPI: PCI: Interrupt link GSIE configured for IRQ 20
[    0.746464] ACPI: PCI: Interrupt link GSIF configured for IRQ 21
[    0.747057] ACPI: PCI: Interrupt link GSIG configured for IRQ 22
[    0.747464] ACPI: PCI: Interrupt link GSIH configured for IRQ 23
[    0.749000] ACPI: PCI Root Bridge [CL0C] (domain 0000 [bus 0c-0d])
[    0.749469] acpi ACPI0016:00: _OSC: OS supports [ExtendedConfig ASPM ClockPM Segments MSI EDR HPX-Type3]
[    0.750457] acpi ACPI0016:00: _OSC: OS supports [CXL11PortRegAccess CXL20PortDevRegAccess CXLProtocolErrorReporting CXLNativeHot]
[    0.751508] acpi ACPI0016:00: _OSC: platform does not support [LTR DPC]
[    0.752520] acpi ACPI0016:00: _OSC: OS now controls [PCIeHotplug SHPCHotplug PME AER PCIeCapability]
[    0.753456] acpi ACPI0016:00: _OSC: OS now controls [CXLMemErrorReporting]
[    0.754152] PCI host bridge to bus 0000:0c
[    0.754458] pci_bus 0000:0c: root bus resource [mem 0xfe800000-0xfe9fffff window]
[    0.755456] pci_bus 0000:0c: root bus resource [mem 0xac0000000-0xac000ffff window]
[    0.756152] pci_bus 0000:0c: root bus resource [mem 0xb00000000-0xcffffffff window]
[    0.756457] pci_bus 0000:0c: root bus resource [bus 0c-0d]
[    0.757586] pci 0000:0c:00.0: [8086:7075] type 01 class 0x060400 PCIe Root Port
[    0.760559] pci 0000:0c:00.0: BAR 0 [mem 0xac0000000-0xac000ffff 64bit]
[    0.761475] pci 0000:0c:00.0: PCI bridge to [bus 0d]
[    0.761970] pci 0000:0c:00.0:   bridge window [mem 0xfe800000-0xfe9fffff]
[    0.764554] pci 0000:0c:00.0:   bridge window [mem 0xb00000000-0xcffffffff 64bit pref]
[    0.765530] pci 0000:0c:00.0: enabling Extended Tags
[    0.777746] pci 0000:0d:00.0: [8086:0d92] type 00 class 0x050210 PCIe Endpoint
[    0.780604] pci 0000:0d:00.0: BAR 0 [mem 0xfe800000-0xfe80ffff 64bit]
[    0.781476] pci 0000:0d:00.0: BAR 2 [mem 0xc00000000-0xc07ffffff 64bit pref]
[    0.782468] pci 0000:0d:00.0: BAR 4 [mem 0xb00000000-0xbffffffff 64bit pref]
[    0.783116] pci 0000:0d:00.0: ROM [mem 0xfe810000-0xfe810fff pref]
[    0.783498] pci 0000:0d:00.0: enabling Extended Tags
[    0.785764] pci 0000:0c:00.0: PCI bridge to [bus 0d]
[    0.789174] iommu: Default domain type: Translated
[    0.789457] iommu: DMA domain TLB invalidation policy: lazy mode
[    0.790992] SCSI subsystem initialized
[    0.791601] ACPI: bus type USB registered
[    0.792492] usbcore: registered new interface driver usbfs
[    0.793009] usbcore: registered new interface driver hub
[    0.793460] usbcore: registered new device driver usb
[    0.793980] pps_core: LinuxPPS API ver. 1 registered
[    0.794456] pps_core: Software ver. 5.3.6 - Copyright 2005-2007 Rodolfo Giometti <giometti@linux.it>
[    0.795457] PTP clock support registered
[    0.796570] EDAC MC: Ver: 3.0.0
[    0.798302] NetLabel: Initializing
[    0.798457] NetLabel:  domain hash size = 128
[    0.798862] NetLabel:  protocols = UNLABELED CIPSOv4 CALIPSO
[    0.799540] NetLabel:  unlabeled traffic allowed by default
[    0.800810] mctp: management component transport protocol core
[    0.801050] NET: Registered PF_MCTP protocol family
[    0.801501] PCI: Using ACPI for IRQ routing
[    0.919664] pci 0000:00:01.0: BAR 2 [mem 0xfea50000-0xfea50fff]: can't claim; no compatible bridge window
[    0.920469] pci 0000:00:02.0: BAR 1 [mem 0xfea51000-0xfea51fff]: can't claim; no compatible bridge window
[    0.921464] pci 0000:00:03.0: BAR 1 [mem 0xfea52000-0xfea52fff]: can't claim; no compatible bridge window
[    0.922463] pci 0000:00:04.0: BAR 1 [mem 0xfea53000-0xfea53fff]: can't claim; no compatible bridge window
[    0.923476] pci 0000:00:1f.2: BAR 5 [mem 0xfea54000-0xfea54fff]: can't claim; no compatible bridge window
[    0.924601] pci 0000:00:01.0: vgaarb: setting as boot VGA device
[    0.925081] pci 0000:00:01.0: vgaarb: bridge control possible
[    0.925455] pci 0000:00:01.0: vgaarb: VGA device added: decodes=io+mem,owns=io+mem,locks=none
[    0.926458] vgaarb: loaded
[    0.927712] hpet: 3 channels of 0 reserved for per-cpu timers
[    0.928316] hpet0: at MMIO 0xfed00000, IRQs 2, 8, 0
[    0.928456] hpet0: 3 comparators, 64-bit 100.000000 MHz counter
[    0.932600] clocksource: Switched to clocksource kvm-clock
[    0.936307] VFS: Disk quotas dquot_6.6.0
[    0.936733] VFS: Dquot-cache hash table entries: 512 (order 0, 4096 bytes)
[    0.938697] AppArmor: AppArmor Filesystem Enabled
[    0.939233] pnp: PnP ACPI init
[    0.939817] system 00:05: [mem 0xb0000000-0xbfffffff window] has been reserved
[    0.940952] pnp: PnP ACPI: found 6 devices
[    0.952600] clocksource: acpi_pm: mask: 0xffffff max_cycles: 0xffffff, max_idle_ns: 2085701024 ns
[    0.953859] NET: Registered PF_INET protocol family
[    0.956604] IP idents hash table entries: 262144 (order: 9, 2097152 bytes, linear)
[    0.976509] tcp_listen_portaddr_hash hash table entries: 8192 (order: 5, 131072 bytes, linear)
[    0.977463] Table-perturb hash table entries: 65536 (order: 6, 262144 bytes, linear)
[    0.978394] TCP established hash table entries: 131072 (order: 8, 1048576 bytes, linear)
[    0.980490] TCP bind hash table entries: 65536 (order: 9, 2097152 bytes, linear)
[    0.981458] TCP: Hash tables configured (established 131072 bind 65536)
[    0.982871] MPTCP token hash table entries: 16384 (order: 6, 393216 bytes, linear)
[    0.984139] UDP hash table entries: 8192 (order: 7, 524288 bytes, linear)
[    0.985243] UDP-Lite hash table entries: 8192 (order: 7, 524288 bytes, linear)
[    0.986125] NET: Registered PF_UNIX/PF_LOCAL protocol family
[    0.986682] NET: Registered PF_XDP protocol family
[    0.987286] pci 0000:00:02.0: ROM [mem 0xfea00000-0xfea3ffff pref]: can't claim; no compatible bridge window
[    0.988234] pci 0000:00:02.0: ROM [mem 0x80000000-0x8003ffff pref]: assigned
[    0.988883] pci 0000:00:01.0: BAR 2 [mem 0x80040000-0x80040fff]: assigned
[    0.990179] pci 0000:00:02.0: BAR 1 [mem 0x80041000-0x80041fff]: assigned
[    0.991476] pci 0000:00:03.0: BAR 1 [mem 0x80042000-0x80042fff]: assigned
[    0.992864] pci 0000:00:04.0: BAR 1 [mem 0x80043000-0x80043fff]: assigned
[    0.994163] pci 0000:00:1f.2: BAR 5 [mem 0x80044000-0x80044fff]: assigned
[    0.995373] pci_bus 0000:00: resource 4 [io  0x0000-0x0cf7 window]
[    0.996110] pci_bus 0000:00: resource 5 [io  0x0d00-0xffff window]
[    0.996760] pci_bus 0000:00: resource 6 [mem 0x000a0000-0x000bffff window]
[    0.997448] pci_bus 0000:00: resource 7 [mem 0x80000000-0xafffffff window]
[    0.998091] pci_bus 0000:00: resource 8 [mem 0xc0000000-0xfe7fffff window]
[    0.998765] pci_bus 0000:00: resource 9 [mem 0xac0010000-0xaffffffff window]
[    0.999445] pci_bus 0000:00: resource 10 [mem 0xd00000000-0x14ffffffff window]
[    1.000167] pci 0000:0c:00.0: bridge window [io  0x1000-0x0fff] to [bus 0d] add_size 1000
[    1.001600] pci 0000:0c:00.0: bridge window [io  size 0x1000]: can't assign; no space
[    1.002364] pci 0000:0c:00.0: bridge window [io  size 0x1000]: failed to assign
[    1.003034] pci 0000:0c:00.0: bridge window [io  size 0x1000]: can't assign; no space
[    1.003780] pci 0000:0c:00.0: bridge window [io  size 0x1000]: failed to assign
[    1.004496] pci 0000:0c:00.0: PCI bridge to [bus 0d]
[    1.005494] pci 0000:0c:00.0:   bridge window [mem 0xfe800000-0xfe9fffff]
[    1.007802] pci 0000:0c:00.0:   bridge window [mem 0xb00000000-0xcffffffff 64bit pref]
[    1.009625] pci_bus 0000:0c: Some PCI device resources are unassigned, try booting with pci=realloc
[    1.010733] pci_bus 0000:0c: resource 4 [mem 0xfe800000-0xfe9fffff window]
[    1.012284] pci_bus 0000:0c: resource 5 [mem 0xac0000000-0xac000ffff window]
[    1.012932] pci_bus 0000:0c: resource 6 [mem 0xb00000000-0xcffffffff window]
[    1.013609] pci_bus 0000:0d: resource 0 [io  size 0x1000]
[    1.014110] pci_bus 0000:0d: resource 1 [mem 0xfe800000-0xfe9fffff]
[    1.014722] pci_bus 0000:0d: resource 2 [mem 0xb00000000-0xcffffffff 64bit pref]
[    1.015659] PCI: CLS 0 bytes, default 64
[    1.016232] PCI-DMA: Using software bounce buffering for IO (SWIOTLB)
[    1.016860] software IO TLB: mapped [mem 0x000000007bfdc000-0x000000007ffdc000] (64MB)
[    1.018052] clocksource: tsc: mask: 0xffffffffffffffff max_cycles: 0x39a85c9bff6, max_idle_ns: 881590591483 ns
[    1.021427] Initialise system trusted keyrings
[    1.021907] Key type blacklist registered
[    1.024234] workingset: timestamp_bits=36 max_order=22 bucket_order=0
[    1.026845] squashfs: version 4.0 (2009/01/31) Phillip Lougher
[    1.028870] fuse: init (API version 7.45)
[    1.030210] integrity: Platform Keyring initialized
[    1.030767] integrity: Machine keyring initialized
[    1.037495] Key type asymmetric registered
[    1.037884] Asymmetric key parser 'x509' registered
[    1.038467] Block layer SCSI generic (bsg) driver version 0.4 loaded (major 242)
[    1.039733] io scheduler mq-deadline registered
[    1.041559] ledtrig-cpu: registered to indicate activity on CPUs
[    1.043052] ACPI: \_SB_.LNKD: Enabled at IRQ 11
[    1.044634] pcieport 0000:0c:00.0: PME: Signaling with IRQ 24
[    1.045898] pcieport 0000:0c:00.0: AER: enabled with IRQ 24
[    1.046519] pcieport 0000:0c:00.0: pciehp: Slot #0 AttnBtn+ PwrCtrl+ MRL- AttnInd+ PwrInd+ HotPlug+ Surprise+ Interlock+ NoCompl- IbPresDis- LLActRep+ (with Cmd Compl erratum)
[    1.049396] input: Power Button as /devices/LNXSYSTM:00/LNXPWRBN:00/input/input0
[    1.050296] ACPI: button: Power Button [PWRF]
[    1.052619] ACPI: \_SB_.GSIG: Enabled at IRQ 22
[    1.054490] ACPI: \_SB_.GSIH: Enabled at IRQ 23
[    1.055893] ACPI: \_SB_.GSIE: Enabled at IRQ 20
[    1.057710] Serial: 8250/16550 driver, 32 ports, IRQ sharing enabled
[    1.081080] 00:03: ttyS0 at I/O 0x3f8 (irq = 4, base_baud = 115200) is a 16550A
[    1.085662] Linux agpgart interface v0.103
[    1.086309] ACPI: bus type drm_connector registered
[    1.091990] loop: module loaded
[    1.092591] virtio_blk virtio2: 4/0/0 default/read/poll queues
[    1.094721] virtio_blk virtio2: [vda] 104857600 512-byte logical blocks (53.7 GB/50.0 GiB)
[    1.097560] tun: Universal TUN/TAP device driver, 1.6
[    1.100049] PPP generic driver version 2.4.2
[    1.100944] i8042: PNP: PS/2 Controller [PNP0303:KBD,PNP0f13:MOU] at 0x60,0x64 irq 1,12
[    1.102567] serio: i8042 KBD port at 0x60,0x64 irq 1
[    1.103156] serio: i8042 AUX port at 0x60,0x64 irq 12
[    1.104173] mousedev: PS/2 mouse device common for all mice
[    1.104972] rtc_cmos 00:04: RTC can wake from S4
[    1.106395] input: AT Translated Set 2 keyboard as /devices/platform/i8042/serio0/input/input1
[    1.107400] rtc_cmos 00:04: registered as rtc0
[    1.109537] rtc_cmos 00:04: setting system clock to 2026-04-21T19:50:11 UTC (1776801011)
[    1.113294] rtc_cmos 00:04: alarms up to one day, y3k, 242 bytes nvram, hpet irqs
[    1.115637] i2c_dev: i2c /dev entries driver
[    1.116221] device-mapper: core: CONFIG_IMA_DISABLE_HTABLE is disabled. Duplicate IMA measurements will not be recorded in the IMA log.
[    1.117565] device-mapper: uevent: version 1.0.3
[    1.118273] device-mapper: ioctl: 4.50.0-ioctl (2025-04-28) initialised: dm-devel@lists.linux.dev
[    1.119262] intel_pstate: CPU model not supported
[    1.119989] drop_monitor: Initializing network drop monitor service
[    1.121139] NET: Registered PF_INET6 protocol family
[    1.123029] Segment Routing with IPv6
[    1.123473] In-situ OAM (IOAM) with IPv6
[    1.123973] NET: Registered PF_PACKET protocol family
[    1.124691] Key type dns_resolver registered
[    1.125980] IPI shorthand broadcast: enabled
[    1.128300] sched_clock: Marking stable (1040002157, 87917396)->(1132797153, -4877600)
[    1.129994] registered taskstats version 1
[    1.131604] Loading compiled-in X.509 certificates
[    1.133310] Loaded X.509 cert 'Build time autogenerated kernel key: a905e4b6ea12bd1caa75aa6fecf1a1500005ba3b'
[    1.139489] Demotion targets for Node 0: null
[    1.140330] Key type .fscrypt registered
[    1.140769] Key type fscrypt-provisioning registered
[    1.143404] Key type encrypted registered
[    1.143836] AppArmor: AppArmor sha256 policy hashing enabled
[    1.144483] ima: No TPM chip found, activating TPM-bypass!
[    1.145029] Loading compiled-in module X.509 certificates
[    1.145908] Loaded X.509 cert 'Build time autogenerated kernel key: a905e4b6ea12bd1caa75aa6fecf1a1500005ba3b'
[    1.146849] ima: Allocated hash algorithm: sha256
[    1.147384] ima: No architecture policies found
[    1.147834] evm: Initialising EVM extended attributes:
[    1.148350] evm: security.selinux
[    1.148660] evm: security.SMACK64
[    1.148975] evm: security.SMACK64EXEC
[    1.149345] evm: security.SMACK64TRANSMUTE
[    1.149721] evm: security.SMACK64MMAP
[    1.150068] evm: security.apparmor
[    1.150399] evm: security.ima
[    1.150674] evm: security.capability
[    1.151013] evm: HMAC attrs: 0x1
[    1.151816] PM:   Magic number: 6:370:850
[    1.155619] RAS: Correctable Errors collector initialized.
[    1.162240] clk: Disabling unused clocks
[    1.162681] PM: genpd: Disabling unused power domains
[    1.163539] check access for rdinit=/init failed: -2, ignoring
[    1.163927] md: Waiting for all devices to be available before autodetect
[    1.164375] md: If you don't use raid, use raid=noautodetect
[    1.164742] md: Autodetecting RAID arrays.
[    1.165043] md: autorun ...
[    1.165296] md: ... autorun DONE.
[    1.293821] EXT4-fs (vda): recovery complete
[    1.296217] EXT4-fs (vda): mounted filesystem 412a31d6-761b-4b59-b4f9-53f8a4b8ad2f r/w with ordered data mode. Quota mode: none.
[    1.296998] VFS: Mounted root (ext4 filesystem) on device 253:0.
[    1.299049] devtmpfs: mounted
[    1.302510] Freeing unused decrypted memory: 2036K
[    1.304965] Freeing unused kernel image (initmem) memory: 3056K
[    1.305576] Write protecting the kernel read-only data: 34816k
[    1.306339] Freeing unused kernel image (text/rodata gap) memory: 4K
[    1.307516] Freeing unused kernel image (rodata/data gap) memory: 680K
[    1.315643] x86/mm: Checked W+X mappings: passed, no W+X pages found.
[    1.316122] Run /sbin/init as init process
[    1.473170] systemd[1]: Inserted module 'autofs4'
[    1.484270] random: crng init done
[!p]104[?7h[    1.524291] systemd[1]: systemd 257.7-1 running in system mode (+PAM +AUDIT +SELINUX +APPARMOR +IMA +IPE +SMACK +SECCOMP +GCRYPT -GNUTLS +OPENSSL +ACL +BLKID +CURL +ELFUTILS +FIDO2 +IDN2 -IDN +IPTC +KMOD +LIBCRYPTSETUP +LIBCRYPTSETUP_PLUGINS +LIBFDISK +PCRE2 +PWQUALITY +P11KIT +QRENCODE +TPM2 +BZIP2 +LZ4 +XZ +ZLIB +ZSTD +BPF_FRAMEWORK +BTF -XKBCOMMON -UTMP +SYSVINIT +LIBARCHIVE)
[    1.526403] systemd[1]: Detected virtualization kvm.
[    1.526726] systemd[1]: Detected architecture x86-64.

[0;1;39mWelcome to [0m[1mDebian GNU/Linux 13 (trixie)[0m[0;1;39m![0m

[    1.529964] systemd[1]: Hostname set to <node1>.
[    1.581302] systemd[1]: bpf-restrict-fs: BPF LSM hook not enabled in the kernel, BPF LSM not supported.
[    1.632807] Guest personality initialized and is inactive
[    1.633619] VMCI host device registered (name=vmci, major=10, minor=261)
[    1.634436] Initialized host personality
[    1.645393] NET: Registered PF_VSOCK protocol family
[    1.797135] systemd[1]: Queued start job for default target graphical.target.
[    1.825877] systemd[1]: Created slice system-getty.slice - Slice /system/getty.
[[0;32m  OK  [0m] Created slice [0;1;39msystem-getty.slice[0m - Slice /system/getty.
[    1.827697] systemd[1]: Created slice system-modprobe.slice - Slice /system/modprobe.
[[0;32m  OK  [0m] Created slice [0;1;39msystem-modprobe.slice[0m - Slice /system/modprobe.
[    1.829304] systemd[1]: Created slice system-serial\x2dgetty.slice - Slice /system/serial-getty.
[[0;32m  OK  [0m] Created slice [0;1;39msystem-serial\x2dgetÔÇªslice[0m - Slice /system/serial-getty.
[    1.830904] systemd[1]: Created slice user.slice - User and Session Slice.
[[0;32m  OK  [0m] Created slice [0;1;39muser.slice[0m - User and Session Slice.
[    1.832061] systemd[1]: Started systemd-ask-password-console.path - Dispatch Password Requests to Console Directory Watch.
[[0;32m  OK  [0m] Started [0;1;39msystemd-ask-password-consoÔÇª[0mequests to Console Directory Watch.
[    1.833753] systemd[1]: Started systemd-ask-password-wall.path - Forward Password Requests to Wall Directory Watch.
[[0;32m  OK  [0m] Started [0;1;39msystemd-ask-password-wall.ÔÇª[0md Requests to Wall Directory Watch.
[    1.835645] systemd[1]: Set up automount proc-sys-fs-binfmt_misc.automount - Arbitrary Executable File Formats File System Automount Point.
[[0;32m  OK  [0m] Set up automount [0;1;39mproc-sys-fs-binfmÔÇª[0mormats File System Automount Point.
[    1.837512] systemd[1]: Expecting device dev-ttyS0.device - /dev/ttyS0...
         Expecting device [0;1;39mdev-ttyS0.device[0m - /dev/ttyS0...
[    1.838644] systemd[1]: Reached target paths.target - Path Units.
[[0;32m  OK  [0m] Reached target [0;1;39mpaths.target[0m - Path Units.
[    1.839641] systemd[1]: Reached target slices.target - Slice Units.
[[0;32m  OK  [0m] Reached target [0;1;39mslices.target[0m - Slice Units.
[    1.840640] systemd[1]: Reached target swap.target - Swaps.
[[0;32m  OK  [0m] Reached target [0;1;39mswap.target[0m - Swaps.
[    1.861141] systemd[1]: Listening on rpcbind.socket - RPCbind Server Activation Socket.
[[0;32m  OK  [0m] Listening on [0;1;39mrpcbind.socket[0m - RPCbind Server Activation Socket.
[    1.863466] systemd[1]: Listening on systemd-creds.socket - Credential Encryption/Decryption.
[[0;32m  OK  [0m] Listening on [0;1;39msystemd-creds.socket[0m - Credential Encryption/Decryption.
[    1.864936] systemd[1]: Listening on systemd-initctl.socket - initctl Compatibility Named Pipe.
[[0;32m  OK  [0m] Listening on [0;1;39msystemd-initctl.sockeÔÇª[0m- initctl Compatibility Named Pipe.
[    1.866395] systemd[1]: Listening on systemd-journald-dev-log.socket - Journal Socket (/dev/log).
[[0;32m  OK  [0m] Listening on [0;1;39msystemd-journald-dev-ÔÇªsocket[0m - Journal Socket (/dev/log).
[    1.867810] systemd[1]: Listening on systemd-journald.socket - Journal Sockets.
[[0;32m  OK  [0m] Listening on [0;1;39msystemd-journald.socket[0m - Journal Sockets.
[    1.869094] systemd[1]: Listening on systemd-networkd.socket - Network Service Netlink Socket.
[[0;32m  OK  [0m] Listening on [0;1;39msystemd-networkd.socket[0m - Network Service Netlink Socket.
[    1.870562] systemd[1]: systemd-pcrextend.socket - TPM PCR Measurements was skipped because of an unmet condition check (ConditionSecurity=measured-uki).
[    1.871703] systemd[1]: systemd-pcrlock.socket - Make TPM PCR Policy was skipped because of an unmet condition check (ConditionSecurity=measured-uki).
[    1.873064] systemd[1]: Listening on systemd-udevd-control.socket - udev Control Socket.
[[0;32m  OK  [0m] Listening on [0;1;39msystemd-udevd-control.socket[0m - udev Control Socket.
[    1.874628] systemd[1]: Listening on systemd-udevd-kernel.socket - udev Kernel Socket.
[[0;32m  OK  [0m] Listening on [0;1;39msystemd-udevd-kernel.socket[0m - udev Kernel Socket.
[    1.877187] systemd[1]: Mounting dev-hugepages.mount - Huge Pages File System...
         Mounting [0;1;39mdev-hugepages.mount[0m - Huge Pages File System...
[    1.879749] systemd[1]: Mounting dev-mqueue.mount - POSIX Message Queue File System...
         Mounting [0;1;39mdev-mqueue.mount[0m - POSIX Message Queue File System...
[    1.882344] systemd[1]: Mounting run-lock.mount - Legacy Locks Directory /run/lock...
         Mounting [0;1;39mrun-lock.mount[0m - Legacy Locks Directory /run/lock...
[    1.894151] systemd[1]: Mounting sys-kernel-debug.mount - Kernel Debug File System...
         Mounting [0;1;39msys-kernel-debug.mount[0m - Kernel Debug File System...
[    1.897154] systemd[1]: Mounting sys-kernel-tracing.mount - Kernel Trace File System...
         Mounting [0;1;39msys-kernel-tracing.mount[0m - Kernel Trace File System...
[    1.900261] systemd[1]: Mounting tmp.mount - Temporary Directory /tmp...
         Mounting [0;1;39mtmp.mount[0m - Temporary Directory /tmp...
[    1.901626] systemd[1]: auth-rpcgss-module.service - Kernel Module supporting RPCSEC_GSS was skipped because of an unmet condition check (ConditionPathExists=/etc/krb5.keytab).
[    1.904129] systemd[1]: Starting kmod-static-nodes.service - Create List of Static Device Nodes...
         Starting [0;1;39mkmod-static-nodes.service[0mÔÇªeate List of Static Device Nodes...
[    1.906951] systemd[1]: Starting modprobe@configfs.service - Load Kernel Module configfs...
         Starting [0;1;39mmodprobe@configfs.service[0m - Load Kernel Module configfs...
[    1.909878] systemd[1]: Starting modprobe@drm.service - Load Kernel Module drm...
         Starting [0;1;39mmodprobe@drm.service[0m - Load Kernel Module drm...
[    1.913736] systemd[1]: Starting modprobe@efi_pstore.service - Load Kernel Module efi_pstore...
         Starting [0;1;39mmodprobe@efi_pstore.serviÔÇª[0m - Load Kernel Module efi_pstore...
[    1.916216] systemd[1]: Starting modprobe@fuse.service - Load Kernel Module fuse...
         Startin[    1.916883] systemd[1]: systemd-hibernate-clear.service - Clear Stale Hibernate Storage Info was skipped because of an unmet condition check (ConditionPathExists=/sys/firmware/efi/efivars/HibernateLocation-8cf2644b-4b0b-428f-9387-6d876050dc67).
g [0;1;39mmodprobe@fuse.service[0m - Load Kernel Module fuse...
[    1.920188] systemd[1]: Starting systemd-journald.service - Journal Service...
         Starting [0;1;39msystemd-journald.service[0m - Journal Service...
[    1.923590] systemd[1]: Starting systemd-modules-load.service - Load Kernel Modules...
         Starting [0;1;39msystemd-modules-load.service[0m - Load Kernel Modules...
[    1.925014] systemd[1]: systemd-pcrmachine.service - TPM PCR Machine ID Measurement was skipped because of an unmet condition check (ConditionSecurity=measured-uki).
[    1.928174] systemd[1]: Starting systemd-remount-fs.service - Remount Root and Kernel File Systems...
         Starting [0;1;39msystemd-remount-fs.servicÔÇª[0munt Root and Kernel File Systems...
[    1.929766] systemd[1]: systemd-tpm2-setup-early.service - Early TPM SRK Setup was skipped because of an unmet condition check (ConditionSecurity=measured-uki).
[    1.932786] systemd[1]: Starting systemd-udev-load-credentials.service - Load udev Rules from Credentials...
         Starting [0;1;39msystemd-udev-load-credentÔÇª[0mLoad udev Rules from Credentials...
[    1.936209] systemd[1]: Starting systemd-udev-trigger.service - Coldplug All udev Devices...
         Starting [0;1;39msystemd-udev-trigger.service[0m - Coldplug All udev Devices...
[    1.939694] systemd[1]: Mounted dev-hugepages.mount - Huge Pages File System.
[[0;32m  OK  [0m] Mounted [0;1;39mdev-hugepages.mount[0m - Huge Pages File System.
[    1.941545] systemd[1]: Mounted dev-mqueue.mount - POSIX Message Queue File System.
[[0;32m  OK  [0m] Mounted [0;[    1.943467] systemd-journald[134]: Collecting audit messages is disabled.
1;39mdev-mqueue.mount[0m - POSIX Message Queue File System.
[    1.946344] systemd[1]: Mounted run-lock.mount - Legacy Locks Directory /run/lock.
[[0;32m  OK  [0m] Mounted [0;1;39mrun-lock.mount[0m - Legacy Locks Directory /run/lock.
[    1.950059] systemd[1]: Mounted sys-kernel-debug.mount - Kernel Debug File System.
[[0;32m  OK  [0m] Mounted [0;1;39msys-kernel-debug.mount[0m - Kernel Debug File System.
[    1.953553] systemd[1]: Mounted sys-kernel-tracing.mount - Kernel Trace File System.
[[0;32m  OK  [0m] Mounted [0;1;39msys-kernel-tracing.mount[0m - Kernel Trace File System.
[    1.957173] systemd[1]: Mounted tmp.mount - Temporary Directory /tmp.
[[0;32m  OK  [0m] Mounted [0;1;39mtmp.mount[0m - Temporary Directory /tmp.
[    1.959516] systemd[1]: Finished kmod-static-nodes.service - Create List of Static Device Nodes.
[[0;32m  OK  [0m] Finished [0;1;39mkmod-static-nodes.service[0mÔÇªCreate List of Static Device Nodes.
[    1.962644] systemd[1]: modprobe@configfs.service: Deactivated successfully.
[    1.963396] systemd[1]: Finished modprobe@configfs.service - Load Kernel Module configfs.
[[0;32m  OK  [0m] Finished [0;1;39mmodprobe@configfs.service[0m - Load Kernel Module configfs.
[    1.966323] systemd[1]: Started systemd-journald.service - Journal Service.
[[0;32m  OK  [0m] Started [0;1;39msystemd-journald.service[0m - Journal Service.
[[0;32m  OK  [0m] Finished [0;1;39mmodprobe@drm.service[0m - Load Kernel Module drm.
[[0;32m  OK  [0m] Finished [0;1;39mmodprobe@efi_pstore.service[0m - Load Kernel Module efi_pstore.
[[0;32m  OK  [0m] Finished [0;1;39mmodprobe@fuse.service[0m - Load Kernel Module fuse.
[[0;32m  OK  [0m] Finished [0;1;39msystemd-modules-load.service[0m - Load Kernel Modules.
[[0;32m  OK  [0m] Finished [0;1;39msystemd-remount-fs.servicÔÇª[0mmount Root and Kernel File Systems.
[[0;32m  OK  [0m] Finished [0;1;39msystemd-udev-load-credentÔÇª[0m- Load udev Rules from Credentials.
         Mounting [0;1;39msys-fs-fuse-connections.mount[0m - FUSE Control File System...
         Mounting [0;1;39msys-kernel-config.mount[0m - Kernel Configuration File System...
         Starting [0;1;39msystemd-journal-flush.serÔÇª[0msh Journal to Persistent Storage...
         Starting [0;1;39msystemd-random-seed.service[0m - Load/Save OS Random Seed...
         Starting [0;1;39msystemd-sysctl.service[0m - Apply Kernel Variables...
         Starting [0;1;39msystemd-tmpfiles-setup-deÔÇª[0m Device Nodes in /dev gracefully...
[    2.003964] systemd-journald[134]: Received client request to flush runtime journal.
[[0;32m  OK  [0m] Mounted [0;1;39msys-fs-fuse-connections.mount[0m - FUSE Control File System.
[[0;32m  OK  [0m] Mounted [0;1;39msys-kernel-config.mount[0m - Kernel Configuration File System.
[    2.016525] systemd-journald[134]: File /var/log/journal/052ada13ad154e7481baeec066fefe4c/system.journal corrupted or uncleanly shut down, renaming and replacing.
[[0;32m  OK  [0m] Finished [0;1;39msystemd-udev-trigger.service[0m - Coldplug All udev Devices.
         Starting [0;1;39mifupdown-pre.service[0m - HeÔÇªsynchronize boot up for ifupdown...
[[0;32m  OK  [0m] Finished [0;1;39msystemd-tmpfiles-setup-deÔÇª[0mic Device Nodes in /dev gracefully.
         Starting [0;1;39msystemd-tmpfiles-setup-deÔÇª[0meate Static Device Nodes in /dev...
[[0;32m  OK  [0m] Finished [0;1;39msystemd-random-seed.service[0m - Load/Save OS Random Seed.
[[0;32m  OK  [0m] Finished [0;1;39msystemd-sysctl.service[0m - Apply Kernel Variables.
[[0;32m  OK  [0m] Finished [0;1;39msystemd-tmpfiles-setup-deÔÇª[0mCreate Static Device Nodes in /dev.
[[0;32m  OK  [0m] Reached target [0;1;39mlocal-fs-pre.target[0mÔÇªPreparation for Local File Systems.
[[0;32m  OK  [0m] Reached target [0;1;39mlocal-fs.target[0m - Local File Systems.
[[0;32m  OK  [0m] Listening on [0;1;39msystemd-sysext.socket[0mÔÇª System Extension Image Management.
         Starting [0;1;39msystemd-binfmt.service[0m - Set Up Additional Binary Formats...
         Starting [0;1;39msystemd-udevd.service[0m - RÔÇªager for Device Events and Files...
[[0;32m  OK  [0m] Finished [0;1;39msystemd-journal-flush.serÔÇª[0mlush Journal to Persistent Storage.
         Starting [0;1;39msystemd-tmpfiles-setup.seÔÇª[0mate System Files and Directories...
[[0;32m  OK  [0m] Started [0;1;39msystemd-udevd.service[0m - RuÔÇªanager for Device Events and Files.
         Starting [0;1;39msystemd-networkd.service[0m - Network Configuration...
[[0;32m  OK  [0m] Found device [0;1;39mdev-ttyS0.device[0m - /dev/ttyS0.
[[0;32m  OK  [0m] Finished [0;1;39msystemd-tmpfiles-setup.seÔÇª[0mreate System Files and Directories.
         Starting [0;1;39mrpcbind.service[0m - RPC bind portmap service...
[    2.161010] virtio_net virtio0 enp0s2: renamed from eth0
[[0;32m  OK  [0m] Started [0;1;39mrpcbind.service[0m - RPC bind portmap service.
[[0;32m  OK  [0m] Reached target [0;1;39mrpcbind.target[0m - RPC Port Mapper.
         Expecting device [0;1;39msys-subsystem-netÔÇª[0msys/subsystem/net/devices/enp0s2...
[    2.195024] lpc_ich 0000:00:1f.0: I/O space for GPIO uninitialized
[    2.201887] input: PC Speaker as /devices/platform/pcspkr/input/input3
[    2.213474] ACPI: \_SB_.GSIA: Enabled at IRQ 16
[    2.214697] ahci 0000:00:1f.2: AHCI vers 0001.0000, 32 command slots, 1.5 Gbps, SATA mode
[    2.215353] ahci 0000:00:1f.2: 6/6 ports implemented (port mask 0x3f)
[    2.215760] ahci 0000:00:1f.2: flags: 64bit ncq only 
[    2.217336] bochs-drm 0000:00:01.0: vgaarb: deactivate vga console
[    2.217355] i801_smbus 0000:00:1f.3: SMBus using PCI interrupt
[    2.218595] i2c i2c-0: Memory type 0x07 not supported yet, not instantiating SPD
[    2.219546] scsi host0: ahci
[    2.219647] input: VirtualPS/2 VMware VMMouse as /devices/platform/i8042/serio1/input/input5
[    2.219767] scsi host1: ahci
[    2.219896] scsi host2: ahci
[    2.219948] input: VirtualPS/2 VMware VMMouse as /devices/platform/i8042/serio1/input/input4
[    2.220420] scsi host3: ahci
[    2.220548] scsi host4: ahci
[    2.220676] scsi host5: ahci
[    2.220753] ata1: SATA max UDMA/133 abar m4096@0x80044000 port 0x80044100 irq 35 lpm-pol 1
[    2.220759] ata2: SATA max UDMA/133 abar m4096@0x80044000 port 0x80044180 irq 35 lpm-pol 1
[    2.220764] ata3: SATA max UDMA/133 abar m4096@0x80044000 port 0x80044200 irq 35 lpm-pol 1
[    2.220769] ata4: SATA max UDMA/133 abar m4096@0x80044000 port 0x80044280 irq 35 lpm-pol 1
[    2.220774] ata5: SATA max UDMA/133 abar m4096@0x80044000 port 0x80044300 irq 35 lpm-pol 1
[    2.220779] ata6: SATA max UDMA/133 abar m4096@0x80044000 port 0x80044380 irq 35 lpm-pol 1
[    2.223449] Console: switching to colour dummy device 80x25
[    2.224055] cxl_core: loading out-of-tree module taints kernel.
[    2.224386] [drm] Found bochs VGA, ID 0xb0c5.
[    2.224801] cxl_core: module verification failed: signature and/or required key missing - tainting kernel
[    2.224998] [drm] Framebuffer size 16384 kB @ 0xfd000000, mmio @ 0x80040000.
[[0;32m  OK  [0m] Listening on [0;1;39msystemd-rfkill.socket[0mÔÇªll Switch Status /dev/rfkill Watch.
[[0;32m  OK  [0m] Found device [0;1;39msys-subsystem-net-devÔÇª0s2.device[0m - Virtio network device.
[[0;32m  OK  [0m] Started [0;1;39mifup@enp0s2.service[0m - ifup for enp0s2.
[    2.256222] [drm] Initialized bochs-drm 1.0.0 for 0000:00:01.0 on minor 0
[    2.258997] iTCO_vendor_support: vendor-support=0
[    2.279020] fbcon: bochs-drmdrmfb (fb0) is primary device
[    2.286792] Console: switching to colour frame buffer device 160x50
[    2.290789] bochs-drm 0000:00:01.0: [drm] fb0: bochs-drmdrmfb frame buffer device
[    2.527012] ata3: SATA link up 1.5 Gbps (SStatus 113 SControl 300)
[    2.529695] ata2: SATA link down (SStatus 0 SControl 300)
[    2.530906] ata3.00: ATAPI: QEMU DVD-ROM, 2.5+, max UDMA/100
[    2.532798] ata3.00: applying bridge limits
[    2.534559] ata6: SATA link down (SStatus 0 SControl 300)
[    2.536520] ata1: SATA link down (SStatus 0 SControl 300)
[    2.538310] ata5: SATA link down (SStatus 0 SControl 300)
[    2.539867] ata3.00: configured for UDMA/100
[    2.540577] ata4: SATA link down (SStatus 0 SControl 300)
[    2.541495] scsi 2:0:0:0: CD-ROM            QEMU     QEMU DVD-ROM     2.5+ PQ: 0 ANSI: 5
[    2.583040] sr 2:0:0:0: [sr0] scsi3-mmc drive: 4x/4x cd/rw xa/form2 tray
[    2.584051] cdrom: Uniform CD-ROM driver Revision: 3.20
[    2.616005] sr 2:0:0:0: Attached scsi generic sg0 type 5
[    2.633640] parport_pc 00:02: reported by Plug and Play ACPI
[    2.634312] parport0: PC-style at 0x378, irq 7 [PCSPP,TRISTATE]
[    2.637157] iTCO_wdt iTCO_wdt.1.auto: Found a ICH9 TCO device (Version=2, TCOBASE=0x0660)
[    2.640322] iTCO_wdt iTCO_wdt.1.auto: initialized. heartbeat=30 sec (nowayout=0)
[    2.644602]  pci0000:0c: host supports CXL
[    2.649677] cxl_type2_accel 0000:0d:00.0: CXL Type 2 Accelerator driver probing
[    2.650636] cxl_type2_accel 0000:0d:00.0: CXL DVSEC: cap=0x001f ctrl=0x0007
[    2.651146] cxl_type2_accel 0000:0d:00.0: CXL.cache capable
[    2.651610] cxl_type2_accel 0000:0d:00.0: CXL.io capable
[    2.651950] cxl_type2_accel 0000:0d:00.0: CXL.mem capable
[    2.652321] cxl_type2_accel 0000:0d:00.0: CXL DVSEC ctrl=0x4007: Cache+ IO+ Mem+ Viral+
[    2.653037] cxl_type2_accel 0000:0d:00.0: Component registers mapped
[    2.653528] cxl_type2_accel 0000:0d:00.0: Cache configured: 128 MB, 64-byte lines
[    2.654364] pcieport 0000:0c:00.0: CXL snoop filter has no capacity
[    2.655023] cxl_type2_accel 0000:0d:00.0: CXL cache device registered successfully
[    2.655643] cxl_type2_accel 0000:0d:00.0: CXL memory device registered (mem0)
[    2.656198] cxl_type2_accel 0000:0d:00.0: CXL Type 2 Accelerator driver probed successfully
[    2.657456] 8021q: 802.1Q VLAN Support v1.8
[    2.661141] Error: Driver 'pcspkr' is already registered, aborting...
[    2.737542] ppdev: user-space parallel port driver
[    2.772073] cfg80211: Loading compiled-in X.509 certificates for regulatory database
[    2.773068] Loaded X.509 cert 'sforshee: 00b28ddf47aef9cea7'
[    2.773672] Loaded X.509 cert 'wens: 61c038651aabdcf94bd0ac7ff06c7248db18c600'
[    2.774242] faux_driver regulatory: Direct firmware load for regulatory.db failed with error -2
[    2.775252] cfg80211: failed to load regulatory.db
[    2.795535] 8021q: adding VLAN 0 to HW filter on device enp0s2
         Mounting [0;1;39mproc-sys-fs-binfmt_misc.mÔÇª[0mcutable File Formats File System...
         Mounting [0;1;39mrun-rpc_pipefs.mount[0m - RPC Pipe File System...
[[0;32m  OK  [0m] Mounted [0;1;39mproc-sys-fs-binfmt_misc.moÔÇª[0mxecutable File Formats File System.
[[0;32m  OK  [0m] Finished [0;1;39msystemd-binfmt.service[0m - Set Up Additional Binary Formats.
[[0;32m  OK  [0m] Reached target [0;1;39msysinit.target[0m - System Initialization.
[[0;32m  OK  [0m] Started [0;1;39mapt-daily.timer[0m - Daily apt download activities.
[[0;32m  OK  [0m] Started [0;1;39mapt-daily-upgrade.timer[0m - ÔÇªy apt upgrade and clean activities.
[[0;32m  OK  [0m] Started [0;1;39mdpkg-db-backup.timer[0m - Daily dpkg database backup timer.
[[0;32m  OK  [0m] Started [0;1;39me2scrub_all.timer[0m - PeriodÔÇªMetadata Check for All Filesystems.
[[0;32m  OK  [0m] Started [0;1;39mfstrim.timer[0m - Discard unused filesystem blocks once a week.
[[0;32m  OK  [0m] Started [0;1;39mlogrotate.timer[0m - Daily rotation of log files.
[[0;32m  OK  [0m] Started [0;1;39msystemd-tmpfiles-clean.timÔÇª[0my Cleanup of Temporary Directories.
[[0;32m  OK  [0m] Reached target [0;1;39mtimers.target[0m - Timer Units.
[[0;32m  OK  [0m] Listening on [0;1;39mdbus.socket[0m - D-Bus System Message Bus Socket.
[[0;32m  OK  [0m] Listening on [0;1;39msshd-unix-local.sockeÔÇª[0mtemd-ssh-generator, AF_UNIX Local).
[[0;32m  OK  [0m] Listening on [0;1;39msshd-vsock.socket[0m - OÔÇª (systemd-ssh-generator, AF_VSOCK).
[[0;32m  OK  [0m] Reached target [0;1;39mssh-access.target[0m - SSH Access Available.
[[0;32m  OK  [0m] Listening on [0;1;39msystemd-hostnamed.socket[0m - Hostname Service Socket.
[[0;32m  OK  [0m] Reached target [0;1;39msockets.target[0m - Socket Units.
[[0;32m  OK  [0m] Reached target [0;1;39mbasic.target[0m - Basic System.
[[0;32m  OK  [0m] Started [0;1;39mcxl-monitor.service[0m - CXL Monitor Daemon.
         Starting [0;1;39mdbus.service[0m - D-Bus System Message Bus...
         Starting [0;1;39me2scrub_reap.service[0m - ReÔÇªne ext4 Metadata Check Snapshots...
[[0;32m  OK  [0m] Started [0;1;39mndctl-monitor.service[0m - Ndctl Monitor Daemon.
         Starting [0;1;39msystemd-logind.service[0m - User Login Management...
[[0;32m  OK  [0m] Started [0;1;39mdbus.service[0m - D-Bus System Message Bus.
[[0;32m  OK  [0m] Started [0;1;39msystemd-networkd.service[0m - Network Configuration.
         Starting [0;1;39msystemd-networkd-persisteÔÇª[0mtent Storage in systemd-networkd...
[[0;32m  OK  [0m] Finished [0;1;39me2scrub_reap.service[0m - ReÔÇªline ext4 Metadata Check Snapshots.
[[0;32m  OK  [0m] Finished [0;1;39msystemd-networkd-persisteÔÇª[0mistent Storage in systemd-networkd.
[[0;32m  OK  [0m] Finished [0;1;39mifupdown-pre.service[0m - HeÔÇªo synchronize boot up for ifupdown.
         Starting [0;1;39mnetworking.service[0m - Raise network interfaces...
[    3.068189] RPC: Registered named UNIX socket transport module.
[    3.068660] RPC: Registered udp transport module.
[    3.068989] RPC: Registered tcp transport module.
[    3.068990] RPC: Registered tcp-with-tls transport module.
[    3.068990] RPC: Registered tcp NFSv4.1 backchannel transport module.
[[0;32m  OK  [0m] Mounted [0;1;39mrun-rpc_pipefs.mount[0m - RPC Pipe File System.
[[0;32m  OK  [0m] Reached target [0;1;39mrpc_pipefs.target[0m.
         Starting [0;1;39mnfs-blkmap.service[0m - pNFS block layout mapping daemon...
[[0;32m  OK  [0m] Reached target [0;1;39mnfs-client.target[0m - NFS client services.
[[0;32m  OK  [0m] Reached target [0;1;39mremote-fs-pre.targeÔÇª[0mreparation for Remote File Systems.
[[0;32m  OK  [0m] Reached target [0;1;39mremote-fs.target[0m - Remote File Systems.
[[0;32m  OK  [0m] Started [0;1;39mcron.service[0m - Regular background program processing daemon.
[[0;32m  OK  [0m] Started [0;1;39msystemd-logind.service[0m - User Login Management.
[[0;32m  OK  [0m] Started [0;1;39mnfs-blkmap.service[0m - pNFS block layout mapping daemon.
[[0;32m  OK  [0m] Finished [0;1;39mnetworking.service[0m - Raise network interfaces.
[[0;32m  OK  [0m] Reached target [0;1;39mnetwork.target[0m - Network.
[[0;32m  OK  [0m] Reached target [0;1;39mnetwork-online.target[0m - Network is Online.
         Starting [0;1;39mrc-local.service[0m - /etc/rc.local Compatibility...
         Starting [0;1;39mrpc-statd-notify.service[0m - Notify NFS peers of a restart...
         Starting [0;1;39mssh.service[0m - OpenBSD Secure Shell server...
         Starting [0;1;39msystemd-user-sessions.service[0m - Permit User Sessions...
[[0;32m  OK  [0m] Started [0;1;39mrc-local.service[0m - /etc/rc.local Compatibility.
[[0;32m  OK  [0m] Started [0;1;39mrpc-statd-notify.service[0m - Notify NFS peers of a restart.
[[0;32m  OK  [0m] Finished [0;1;39msystemd-user-sessions.service[0m - Permit User Sessions.
[[0;32m  OK  [0m] Started [0;1;39mgetty@tty1.service[0m - Getty on tty1.
[[0;32m  OK  [0m] Started [0;1;39mserial-getty@ttyS0.service[0m - Serial Getty on ttyS0.
[[0;32m  OK  [0m] Reached target [0;1;39mgetty.target[0m - Login Prompts.
[[0;32m  OK  [0m] Started [0;1;39mssh.service[0m - OpenBSD Secure Shell server.
[[0;32m  OK  [0m] Reached target [0;1;39mmulti-user.target[0m - Multi-User System.
[[0;32m  OK  [0m] Reached target [0;1;39mgraphical.target[0m - Graphical Interface.
[!p]104[?7h[6n[32766;32766H[6n[!p]104[?7h[6n[32766;32766H[6n
Debian GNU/Linux 13 node1 ttyS0

node1 login: [   10.275002] traps: rq2_dir_sizing[511] trap invalid opcode ip:7fbc76557e40 sp:7fff8144f3c8 error:0 in libc.so.6[164e40,7fbc7641b000+165000]
qemu-system-x86_64: CXL Type2: Failed to receive from CXLMemSim: Unable to read from socket: Connection reset by peer
